Component: ARM Compiler 5.06 update 6 (build 750) Tool: armlink [4d35ed]

==============================================================================

Section Cross References

    startup_stm32f40xx.o(STACK) refers (Special) to heapauxi.o(.text) for __use_two_region_memory
    startup_stm32f40xx.o(HEAP) refers (Special) to heapauxi.o(.text) for __use_two_region_memory
    startup_stm32f40xx.o(RESET) refers (Special) to heapauxi.o(.text) for __use_two_region_memory
    startup_stm32f40xx.o(RESET) refers to startup_stm32f40xx.o(STACK) for __initial_sp
    startup_stm32f40xx.o(RESET) refers to startup_stm32f40xx.o(.text) for Reset_Handler
    startup_stm32f40xx.o(RESET) refers to stm32f4xx_it.o(i.NMI_Handler) for NMI_Handler
    startup_stm32f40xx.o(RESET) refers to stm32f4xx_it.o(i.HardFault_Handler) for HardFault_Handler
    startup_stm32f40xx.o(RESET) refers to stm32f4xx_it.o(i.MemManage_Handler) for MemManage_Handler
    startup_stm32f40xx.o(RESET) refers to stm32f4xx_it.o(i.BusFault_Handler) for BusFault_Handler
    startup_stm32f40xx.o(RESET) refers to stm32f4xx_it.o(i.UsageFault_Handler) for UsageFault_Handler
    startup_stm32f40xx.o(RESET) refers to stm32f4xx_it.o(i.SVC_Handler) for SVC_Handler
    startup_stm32f40xx.o(RESET) refers to stm32f4xx_it.o(i.DebugMon_Handler) for DebugMon_Handler
    startup_stm32f40xx.o(RESET) refers to os_cpu_a.o(.text) for PendSV_Handler
    startup_stm32f40xx.o(RESET) refers to stm32f4xx_it.o(i.SysTick_Handler) for SysTick_Handler
    startup_stm32f40xx.o(.text) refers (Special) to heapauxi.o(.text) for __use_two_region_memory
    startup_stm32f40xx.o(.text) refers to system_stm32f4xx.o(i.SystemInit) for SystemInit
    startup_stm32f40xx.o(.text) refers to __main.o(!!!main) for __main
    startup_stm32f40xx.o(.text) refers to startup_stm32f40xx.o(HEAP) for Heap_Mem
    startup_stm32f40xx.o(.text) refers to startup_stm32f40xx.o(STACK) for Stack_Mem
    system_stm32f4xx.o(i.SystemCoreClockUpdate) refers to system_stm32f4xx.o(.data) for SystemCoreClock
    system_stm32f4xx.o(i.SystemInit) refers to system_stm32f4xx.o(i.SetSysClock) for SetSysClock
    stm32f4xx_adc.o(i.ADC_DeInit) refers to stm32f4xx_rcc.o(i.RCC_APB2PeriphResetCmd) for RCC_APB2PeriphResetCmd
    stm32f4xx_can.o(i.CAN_DeInit) refers to stm32f4xx_rcc.o(i.RCC_APB1PeriphResetCmd) for RCC_APB1PeriphResetCmd
    stm32f4xx_can.o(i.CAN_GetITStatus) refers to stm32f4xx_can.o(i.CheckITStatus) for CheckITStatus
    stm32f4xx_cryp.o(i.CRYP_DeInit) refers to stm32f4xx_rcc.o(i.RCC_AHB2PeriphResetCmd) for RCC_AHB2PeriphResetCmd
    stm32f4xx_cryp_aes.o(i.CRYP_AES_CBC) refers to stm32f4xx_cryp.o(i.CRYP_KeyStructInit) for CRYP_KeyStructInit
    stm32f4xx_cryp_aes.o(i.CRYP_AES_CBC) refers to stm32f4xx_cryp.o(i.CRYP_FIFOFlush) for CRYP_FIFOFlush
    stm32f4xx_cryp_aes.o(i.CRYP_AES_CBC) refers to stm32f4xx_cryp.o(i.CRYP_Init) for CRYP_Init
    stm32f4xx_cryp_aes.o(i.CRYP_AES_CBC) refers to stm32f4xx_cryp.o(i.CRYP_KeyInit) for CRYP_KeyInit
    stm32f4xx_cryp_aes.o(i.CRYP_AES_CBC) refers to stm32f4xx_cryp.o(i.CRYP_Cmd) for CRYP_Cmd
    stm32f4xx_cryp_aes.o(i.CRYP_AES_CBC) refers to stm32f4xx_cryp.o(i.CRYP_GetFlagStatus) for CRYP_GetFlagStatus
    stm32f4xx_cryp_aes.o(i.CRYP_AES_CBC) refers to stm32f4xx_cryp.o(i.CRYP_IVInit) for CRYP_IVInit
    stm32f4xx_cryp_aes.o(i.CRYP_AES_CBC) refers to stm32f4xx_cryp.o(i.CRYP_GetCmdStatus) for CRYP_GetCmdStatus
    stm32f4xx_cryp_aes.o(i.CRYP_AES_CBC) refers to stm32f4xx_cryp.o(i.CRYP_DataIn) for CRYP_DataIn
    stm32f4xx_cryp_aes.o(i.CRYP_AES_CBC) refers to stm32f4xx_cryp.o(i.CRYP_DataOut) for CRYP_DataOut
    stm32f4xx_cryp_aes.o(i.CRYP_AES_CCM) refers to stm32f4xx_cryp.o(i.CRYP_KeyStructInit) for CRYP_KeyStructInit
    stm32f4xx_cryp_aes.o(i.CRYP_AES_CCM) refers to stm32f4xx_cryp.o(i.CRYP_FIFOFlush) for CRYP_FIFOFlush
    stm32f4xx_cryp_aes.o(i.CRYP_AES_CCM) refers to stm32f4xx_cryp.o(i.CRYP_KeyInit) for CRYP_KeyInit
    stm32f4xx_cryp_aes.o(i.CRYP_AES_CCM) refers to stm32f4xx_cryp.o(i.CRYP_IVInit) for CRYP_IVInit
    stm32f4xx_cryp_aes.o(i.CRYP_AES_CCM) refers to stm32f4xx_cryp.o(i.CRYP_Init) for CRYP_Init
    stm32f4xx_cryp_aes.o(i.CRYP_AES_CCM) refers to stm32f4xx_cryp.o(i.CRYP_PhaseConfig) for CRYP_PhaseConfig
    stm32f4xx_cryp_aes.o(i.CRYP_AES_CCM) refers to stm32f4xx_cryp.o(i.CRYP_DataIn) for CRYP_DataIn
    stm32f4xx_cryp_aes.o(i.CRYP_AES_CCM) refers to stm32f4xx_cryp.o(i.CRYP_Cmd) for CRYP_Cmd
    stm32f4xx_cryp_aes.o(i.CRYP_AES_CCM) refers to stm32f4xx_cryp.o(i.CRYP_GetCmdStatus) for CRYP_GetCmdStatus
    stm32f4xx_cryp_aes.o(i.CRYP_AES_CCM) refers to stm32f4xx_cryp.o(i.CRYP_GetFlagStatus) for CRYP_GetFlagStatus
    stm32f4xx_cryp_aes.o(i.CRYP_AES_CCM) refers to stm32f4xx_cryp.o(i.CRYP_DataOut) for CRYP_DataOut
    stm32f4xx_cryp_aes.o(i.CRYP_AES_CTR) refers to stm32f4xx_cryp.o(i.CRYP_KeyStructInit) for CRYP_KeyStructInit
    stm32f4xx_cryp_aes.o(i.CRYP_AES_CTR) refers to stm32f4xx_cryp.o(i.CRYP_KeyInit) for CRYP_KeyInit
[...]
    __scatterload_rt2                        0x08000191   Thumb Code    44  __scatter.o(!!!scatter)
    __scatterload_rt2_thumb_only             0x08000191   Thumb Code     0  __scatter.o(!!!scatter)
    __scatterload_null                       0x0800019f   Thumb Code     0  __scatter.o(!!!scatter)
    __scatterload_copy                       0x080001c5   Thumb Code    26  __scatter_copy.o(!!handler_copy)
    __scatterload_zeroinit                   0x080001e1   Thumb Code    28  __scatter_zi.o(!!handler_zi)
    _printf_d                                0x080001fd   Thumb Code     0  _printf_d.o(.ARM.Collect$$_printf_percent$$00000009)
    _printf_percent                          0x080001fd   Thumb Code     0  _printf_percent.o(.ARM.Collect$$_printf_percent$$00000000)
    _printf_percent_end                      0x08000203   Thumb Code     0  _printf_percent_end.o(.ARM.Collect$$_printf_percent$$00000017)
    __rt_lib_init                            0x08000207   Thumb Code     0  libinit.o(.ARM.Collect$$libinit$$00000000)
    __rt_lib_init_fp_1                       0x08000209   Thumb Code     0  libinit2.o(.ARM.Collect$$libinit$$00000001)
    __rt_lib_init_heap_2                     0x0800020d   Thumb Code     0  libinit2.o(.ARM.Collect$$libinit$$00000005)
    __rt_lib_init_preinit_1                  0x0800020d   Thumb Code     0  libinit2.o(.ARM.Collect$$libinit$$00000004)
    __rt_lib_init_atexit_1                   0x08000215   Thumb Code     0  libinit2.o(.ARM.Collect$$libinit$$0000001B)
    __rt_lib_init_clock_1                    0x08000215   Thumb Code     0  libinit2.o(.ARM.Collect$$libinit$$00000021)
    __rt_lib_init_fp_trap_1                  0x08000215   Thumb Code     0  libinit2.o(.ARM.Collect$$libinit$$0000001F)
    __rt_lib_init_getenv_1                   0x08000215   Thumb Code     0  libinit2.o(.ARM.Collect$$libinit$$00000023)
    __rt_lib_init_heap_1                     0x08000215   Thumb Code     0  libinit2.o(.ARM.Collect$$libinit$$0000000A)
    __rt_lib_init_lc_collate_1               0x08000215   Thumb Code     0  libinit2.o(.ARM.Collect$$libinit$$00000011)
    __rt_lib_init_lc_ctype_1                 0x08000215   Thumb Code     0  libinit2.o(.ARM.Collect$$libinit$$00000013)
    __rt_lib_init_lc_monetary_1              0x08000215   Thumb Code     0  libinit2.o(.ARM.Collect$$libinit$$00000015)
    __rt_lib_init_lc_numeric_1               0x08000215   Thumb Code     0  libinit2.o(.ARM.Collect$$libinit$$00000017)
    __rt_lib_init_lc_time_1                  0x08000215   Thumb Code     0  libinit2.o(.ARM.Collect$$libinit$$00000019)
    __rt_lib_init_rand_1                     0x08000215   Thumb Code     0  libinit2.o(.ARM.Collect$$libinit$$0000000E)
    __rt_lib_init_signal_1                   0x08000215   Thumb Code     0  libinit2.o(.ARM.Collect$$libinit$$0000001D)
    __rt_lib_init_stdio_2                    0x08000215   Thumb Code     0  libinit2.o(.ARM.Collect$$libinit$$00000024)
    __rt_lib_init_user_alloc_1               0x08000215   Thumb Code     0  libinit2.o(.ARM.Collect$$libinit$$0000000C)
    __rt_lib_init_alloca_1                   0x08000219   Thumb Code     0  libinit2.o(.ARM.Collect$$libinit$$0000002E)
    __rt_lib_init_argv_1                     0x08000219   Thumb Code     0  libinit2.o(.ARM.Collect$$libinit$$0000002C)
    __rt_lib_init_cpp_1                      0x08000219   Thumb Code     0  libinit2.o(.ARM.Collect$$libinit$$00000032)
    __rt_lib_init_exceptions_1               0x08000219   Thumb Code     0  libinit2.o(.ARM.Collect$$libinit$$00000030)
    __rt_lib_init_return                     0x08000219   Thumb Code     0  libinit2.o(.ARM.Collect$$libinit$$00000033)
    __rt_lib_init_stdio_1                    0x08000219   Thumb Code     0  libinit2.o(.ARM.Collect$$libinit$$00000025)
    __rt_lib_shutdown                        0x0800021b   Thumb Code     0  libshutdown.o(.ARM.Collect$$libshutdown$$00000000)
    __rt_lib_shutdown_cpp_1                  0x0800021d   Thumb Code     0  libshutdown2.o(.ARM.Collect$$libshutdown$$00000002)
    __rt_lib_shutdown_stdio_2                0x0800021d   Thumb Code     0  libshutdown2.o(.ARM.Collect$$libshutdown$$00000003)
    __rt_lib_shutdown_fp_trap_1              0x08000221   Thumb Code     0  libshutdown2.o(.ARM.Collect$$libshutdown$$00000007)
    __rt_lib_shutdown_heap_1                 0x08000221   Thumb Code     0  libshutdown2.o(.ARM.Collect$$libshutdown$$0000000F)
    __rt_lib_shutdown_return                 0x08000221   Thumb Code     0  libshutdown2.o(.ARM.Collect$$libshutdown$$00000010)
    __rt_lib_shutdown_signal_1               0x08000221   Thumb Code     0  libshutdown2.o(.ARM.Collect$$libshutdown$$0000000A)
    __rt_lib_shutdown_stdio_1                0x08000221   Thumb Code     0  libshutdown2.o(.ARM.Collect$$libshutdown$$00000004)
    __rt_lib_shutdown_user_alloc_1           0x08000221   Thumb Code     0  libshutdown2.o(.ARM.Collect$$libshutdown$$0000000C)
    __rt_entry                               0x08000223   Thumb Code     0  __rtentry.o(.ARM.Collect$$rtentry$$00000000)
    __rt_entry_presh_1                       0x08000223   Thumb Code     0  __rtentry2.o(.ARM.Collect$$rtentry$$00000002)
    __rt_entry_sh                            0x08000223   Thumb Code     0  __rtentry4.o(.ARM.Collect$$rtentry$$00000004)
    __rt_entry_li                            0x08000229   Thumb Code     0  __rtentry2.o(.ARM.Collect$$rtentry$$0000000A)
    __rt_entry_postsh_1                      0x08000229   Thumb Code     0  __rtentry2.o(.ARM.Collect$$rtentry$$00000009)
    __rt_entry_main                          0x0800022d   Thumb Code     0  __rtentry2.o(.ARM.Collect$$rtentry$$0000000D)
    __rt_entry_postli_1                      0x0800022d   Thumb Code     0  __rtentry2.o(.ARM.Collect$$rtentry$$0000000C)
    __rt_exit                                0x08000235   Thumb Code     0  rtexit.o(.ARM.Collect$$rtexit$$00000000)
    __rt_exit_ls                             0x08000237   Thumb Code     0  rtexit2.o(.ARM.Collect$$rtexit$$00000003)
    __rt_exit_prels_1                        0x08000237   Thumb Code     0  rtexit2.o(.ARM.Collect$$rtexit$$00000002)
    __rt_exit_exit                           0x0800023b   Thumb Code     0  rtexit2.o(.ARM.Collect$$rtexit$$00000004)
    Reset_Handler                            0x08000241   Thumb Code     8  startup_stm32f40xx.o(.text)
    _maybe_terminate_alloc                   0x08000241   Thumb Code     0  maybetermalloc1.o(.emb_text)
    ADC_IRQHandler                           0x0800025b   Thumb Code     0  startup_stm32f40xx.o(.text)
    CAN1_RX0_IRQHandler                      0x0800025b   Thumb Code     0  startup_stm32f40xx.o(.text)
    CAN1_RX1_IRQHandler                      0x0800025b   Thumb Code     0  startup_stm32f40xx.o(.text)
    CAN1_SCE_IRQHandler                      0x0800025b   Thumb Code     0  startup_stm32f40xx.o(.text)
    CAN1_TX_IRQHandler                       0x0800025b   Thumb Code     0  startup_stm32f40xx.o(.text)
    CAN2_RX0_IRQHandler                      0x0800025b   Thumb Code     0  startup_stm32f40xx.o(.text)
    CAN2_RX1_IRQHandler                      0x0800025b   Thumb Code     0  startup_stm32f40xx.o(.text)
    CAN2_SCE_IRQHandler                      0x0800025b   Thumb Code     0  startup_stm32f40xx.o(.text)
    CAN2_TX_IRQHandler                       0x0800025b   Thumb Code     0  startup_stm32f40xx.o(.text)
    CRYP_IRQHandler                          0x0800025b   Thumb Code     0  startup_stm32f40xx.o(.text)
    DCMI_IRQHandler                          0x0800025b   Thumb Code     0  startup_stm32f40xx.o(.text)
    DMA1_Stream0_IRQHandler                  0x0800025b   Thumb Code     0  startup_stm32f40xx.o(.text)
    DMA1_Stream1_IRQHandler                  0x0800025b   Thumb Code     0  startup_stm32f40xx.o(.text)
    DMA1_Stream2_IRQHandler                  0x0800025b   Thumb Code     0  startup_stm32f40xx.o(.text)
    DMA1_Stream3_IRQHandler                  0x0800025b   Thumb Code     0  startup_stm32f40xx.o(.text)
    DMA1_Stream4_IRQHandler                  0x0800025b   Thumb Code     0  startup_stm32f40xx.o(.text)
    DMA1_Stream5_IRQHandler                  0x0800025b   Thumb Code     0  startup_stm32f40xx.o(.text)
    DMA1_Stream6_IRQHandler                  0x0800025b   Thumb Code     0  startup_stm32f40xx.o(.text)
    DMA1_Stream7_IRQHandler                  0x0800025b   Thumb Code     0  startup_stm32f40xx.o(.text)
    DMA2_Stream0_IRQHandler                  0x0800025b   Thumb Code     0  startup_stm32f40xx.o(.text)
    DMA2_Stream1_IRQHandler                  0x0800025b   Thumb Code     0  startup_stm32f40xx.o(.text)
    DMA2_Stream2_IRQHandler                  0x0800025b   Thumb Code     0  startup_stm32f40xx.o(.text)
    DMA2_Stream3_IRQHandler                  0x0800025b   Thumb Code     0  startup_stm32f40xx.o(.text)
    DMA2_Stream4_IRQHandler                  0x0800025b   Thumb Code     0  startup_stm32f40xx.o(.text)
    DMA2_Stream5_IRQHandler                  0x0800025b   Thumb Code     0  startup_stm32f40xx.o(.text)
    DMA2_Stream6_IRQHandler                  0x0800025b   Thumb Code     0  startup_stm32f40xx.o(.text)
    DMA2_Stream7_IRQHandler                  0x0800025b   Thumb Code     0  startup_stm32f40xx.o(.text)
    ETH_IRQHandler                           0x0800025b   Thumb Code     0  startup_stm32f40xx.o(.text)
    ETH_WKUP_IRQHandler                      0x0800025b   Thumb Code     0  startup_stm32f40xx.o(.text)
    EXTI0_IRQHandler                         0x0800025b   Thumb Code     0  startup_stm32f40xx.o(.text)
    EXTI15_10_IRQHandler                     0x0800025b   Thumb Code     0  startup_stm32f40xx.o(.text)
    EXTI1_IRQHandler                         0x0800025b   Thumb Code     0  startup_stm32f40xx.o(.text)
    EXTI2_IRQHandler                         0x0800025b   Thumb Code     0  startup_stm32f40xx.o(.text)
    EXTI3_IRQHandler                         0x0800025b   Thumb Code     0  startup_stm32f40xx.o(.text)
    EXTI4_IRQHandler                         0x0800025b   Thumb Code     0  startup_stm32f40xx.o(.text)
    EXTI9_5_IRQHandler                       0x0800025b   Thumb Code     0  startup_stm32f40xx.o(.text)
    FLASH_IRQHandler                         0x0800025b   Thumb Code     0  startup_stm32f40xx.o(.text)
    FPU_IRQHandler                           0x0800025b   Thumb Code     0  startup_stm32f40xx.o(.text)
    FSMC_IRQHandler                          0x0800025b   Thumb Code     0  startup_stm32f40xx.o(.text)
    HASH_RNG_IRQHandler                      0x0800025b   Thumb Code     0  startup_stm32f40xx.o(.text)
    I2C1_ER_IRQHandler                       0x0800025b   Thumb Code     0  startup_stm32f40xx.o(.text)
    I2C1_EV_IRQHandler                       0x0800025b   Thumb Code     0  startup_stm32f40xx.o(.text)
    I2C2_ER_IRQHandler                       0x0800025b   Thumb Code     0  startup_stm32f40xx.o(.text)
    I2C2_EV_IRQHandler                       0x0800025b   Thumb Code     0  startup_stm32f40xx.o(.text)
    I2C3_ER_IRQHandler                       0x0800025b   Thumb Code     0  startup_stm32f40xx.o(.text)
    I2C3_EV_IRQHandler                       0x0800025b   Thumb Code     0  startup_stm32f40xx.o(.text)
    OTG_FS_IRQHandler                        0x0800025b   Thumb Code     0  startup_stm32f40xx.o(.text)
    OTG_FS_WKUP_IRQHandler                   0x0800025b   Thumb Code     0  startup_stm32f40xx.o(.text)
    OTG_HS_EP1_IN_IRQHandler                 0x0800025b   Thumb Code     0  startup_stm32f40xx.o(.text)
    OTG_HS_EP1_OUT_IRQHandler                0x0800025b   Thumb Code     0  startup_stm32f40xx.o(.text)
    OTG_HS_IRQHandler                        0x0800025b   Thumb Code     0  startup_stm32f40xx.o(.text)
    OTG_HS_WKUP_IRQHandler                   0x0800025b   Thumb Code     0  startup_stm32f40xx.o(.text)
    PVD_IRQHandler                           0x0800025b   Thumb Code     0  startup_stm32f40xx.o(.text)
    RCC_IRQHandler                           0x0800025b   Thumb Code     0  startup_stm32f40xx.o(.text)
    RTC_Alarm_IRQHandler                     0x0800025b   Thumb Code     0  startup_stm32f40xx.o(.text)
    RTC_WKUP_IRQHandler                      0x0800025b   Thumb Code     0  startup_stm32f40xx.o(.text)
    SDIO_IRQHandler                          0x0800025b   Thumb Code     0  startup_stm32f40xx.o(.text)
    SPI1_IRQHandler                          0x0800025b   Thumb Code     0  startup_stm32f40xx.o(.text)
    SPI2_IRQHandler                          0x0800025b   Thumb Code     0  startup_stm32f40xx.o(.text)
    SPI3_IRQHandler                          0x0800025b   Thumb Code     0  startup_stm32f40xx.o(.text)
    TAMP_STAMP_IRQHandler                    0x0800025b   Thumb Code     0  startup_stm32f40xx.o(.text)
    TIM1_BRK_TIM9_IRQHandler                 0x0800025b   Thumb Code     0  startup_stm32f40xx.o(.text)
    TIM1_CC_IRQHandler                       0x0800025b   Thumb Code     0  startup_stm32f40xx.o(.text)
    TIM1_TRG_COM_TIM11_IRQHandler            0x0800025b   Thumb Code     0  startup_stm32f40xx.o(.text)
    TIM1_UP_TIM10_IRQHandler                 0x0800025b   Thumb Code     0  startup_stm32f40xx.o(.text)
    TIM2_IRQHandler                          0x0800025b   Thumb Code     0  startup_stm32f40xx.o(.text)
    TIM3_IRQHandler                          0x0800025b   Thumb Code     0  startup_stm32f40xx.o(.text)
    TIM4_IRQHandler                          0x0800025b   Thumb Code     0  startup_stm32f40xx.o(.text)
    TIM5_IRQHandler                          0x0800025b   Thumb Code     0  startup_stm32f40xx.o(.text)
    TIM6_DAC_IRQHandler                      0x0800025b   Thumb Code     0  startup_stm32f40xx.o(.text)
    TIM7_IRQHandler                          0x0800025b   Thumb Code     0  startup_stm32f40xx.o(.text)
    TIM8_BRK_TIM12_IRQHandler                0x0800025b   Thumb Code     0  startup_stm32f40xx.o(.text)
    TIM8_CC_IRQHandler                       0x0800025b   Thumb Code     0  startup_stm32f40xx.o(.text)
    TIM8_TRG_COM_TIM14_IRQHandler            0x0800025b   Thumb Code     0  startup_stm32f40xx.o(.text)
    TIM8_UP_TIM13_IRQHandler                 0x0800025b   Thumb Code     0  startup_stm32f40xx.o(.text)
    UART4_IRQHandler                         0x0800025b   Thumb Code     0  startup_stm32f40xx.o(.text)
    UART5_IRQHandler                         0x0800025b   Thumb Code     0  startup_stm32f40xx.o(.text)
    USART1_IRQHandler                        0x0800025b   Thumb Code     0  startup_stm32f40xx.o(.text)
    USART2_IRQHandler                        0x0800025b   Thumb Code     0  startup_stm32f40xx.o(.text)
    USART3_IRQHandler                        0x0800025b   Thumb Code     0  startup_stm32f40xx.o(.text)
    USART6_IRQHandler                        0x0800025b   Thumb Code     0  startup_stm32f40xx.o(.text)
    WWDG_IRQHandler                          0x0800025b   Thumb Code     0  startup_stm32f40xx.o(.text)
    __user_initial_stackheap                 0x0800025d   Thumb Code     0  startup_stm32f40xx.o(.text)
    OS_CPU_SR_Save                           0x08000281   Thumb Code     0  os_cpu_a.o(.text)
    OS_CPU_SR_Restore                        0x08000289   Thumb Code     0  os_cpu_a.o(.text)
    OSStartHighRdy                           0x0800028f   Thumb Code     0  os_cpu_a.o(.text)
    OSCtxSw                                  0x080002af   Thumb Code     0  os_cpu_a.o(.text)
    OSIntCtxSw                               0x080002b9   Thumb Code     0  os_cpu_a.o(.text)
    PendSV_Handler                           0x080002c3   Thumb Code     0  os_cpu_a.o(.text)
    __2printf                                0x08000341   Thumb Code    20  noretval__2printf.o(.text)
    __printf                                 0x08000359   Thumb Code   104  __printf.o(.text)
    _printf_int_dec                          0x080003c1   Thumb Code   104  _printf_dec.o(.text)
    __use_two_region_memory                  0x08000439   Thumb Code     2  heapauxi.o(.text)
    __rt_heap_escrow                         0x0800043b   Thumb Code     2  heapauxi.o(.text)
    __rt_heap_expand                         0x0800043d   Thumb Code     2  heapauxi.o(.text)
    __read_errno                             0x0800043f   Thumb Code    10  _rserrno.o(.text)
    __set_errno                              0x08000449   Thumb Code    12  _rserrno.o(.text)
    _printf_int_common                       0x08000455   Thumb Code   178  _printf_intcommon.o(.text)
    _printf_char_file                        0x08000509   Thumb Code    32  _printf_char_file.o(.text)
    __aeabi_errno_addr                       0x0800052d   Thumb Code     8  rt_errno_addr_intlibspace.o(.text)
    __errno$intlibspace                      0x0800052d   Thumb Code     0  rt_errno_addr_intlibspace.o(.text)
    __rt_errno_addr$intlibspace              0x0800052d   Thumb Code     0  rt_errno_addr_intlibspace.o(.text)
    _printf_char_common                      0x0800053f   Thumb Code    32  _printf_char_common.o(.text)
    ferror                                   0x08000565   Thumb Code     8  ferror.o(.text)
    _initio                                  0x0800056d   Thumb Code   210  initio.o(.text)
    _terminateio                             0x0800063f   Thumb Code    56  initio.o(.text)
    _sys_open                                0x080006a5   Thumb Code    20  sys_io.o(.text)
    _sys_close                               0x080006b9   Thumb Code    12  sys_io.o(.text)
    _sys_write                               0x080006c5   Thumb Code    16  sys_io.o(.text)
    _sys_read                                0x080006d5   Thumb Code    14  sys_io.o(.text)
    _sys_istty                               0x080006e3   Thumb Code    12  sys_io.o(.text)
    _sys_seek                                0x080006ef   Thumb Code    14  sys_io.o(.text)
    _sys_ensure                              0x080006fd   Thumb Code     2  sys_io.o(.text)
    _sys_flen                                0x080006ff   Thumb Code    12  sys_io.o(.text)
    __user_libspace                          0x0800070d   Thumb Code     8  libspace.o(.text)
    __user_perproc_libspace                  0x0800070d   Thumb Code     0  libspace.o(.text)
    __user_perthread_libspace                0x0800070d   Thumb Code     0  libspace.o(.text)
    __user_setup_stackheap                   0x08000715   Thumb Code    74  sys_stackheap_outer.o(.text)
    free                                     0x0800075f   Thumb Code    78  h1_free.o(.text)
    setvbuf                                  0x080007ad   Thumb Code    70  setvbuf.o(.text)
    freopen                                  0x080007f5   Thumb Code   158  fopen.o(.text)
    fopen                                    0x08000893   Thumb Code    74  fopen.o(.text)
    _fclose_internal                         0x080008e1   Thumb Code    76  fclose.o(.text)
    fclose                                   0x080008e1   Thumb Code     0  fclose.o(.text)
    exit                                     0x0800092d   Thumb Code    18  exit.o(.text)
    __rt_SIGRTRED                            0x0800093f   Thumb Code    14  defsig_rtred_outer.o(.text)
    __aeabi_memclr4                          0x0800094d   Thumb Code     0  rt_memclr_w.o(.text)
    __aeabi_memclr8                          0x0800094d   Thumb Code     0  rt_memclr_w.o(.text)
    __rt_memclr_w                            0x0800094d   Thumb Code    78  rt_memclr_w.o(.text)
    _memset_w                                0x08000951   Thumb Code     0  rt_memclr_w.o(.text)
    __I$use$semihosting                      0x0800099b   Thumb Code     0  use_no_semi.o(.text)
    __use_no_semihosting_swi                 0x0800099b   Thumb Code     2  use_no_semi.o(.text)
    __rt_heap_descriptor                     0x0800099d   Thumb Code     8  rt_heap_descriptor_intlibspace.o(.text)
    __semihosting_library_function           0x0800099d   Thumb Code     0  indicate_semi.o(.text)
    __use_no_heap                            0x080009a5   Thumb Code     2  hguard.o(.text)
    __heap$guard                             0x080009a7   Thumb Code     2  hguard.o(.text)
    _terminate_user_alloc                    0x080009a9   Thumb Code     2  init_alloc.o(.text)
    _init_user_alloc                         0x080009ab   Thumb Code     2  init_alloc.o(.text)
    __Heap_Full                              0x080009ad   Thumb Code    34  init_alloc.o(.text)
    __Heap_Broken                            0x080009cf   Thumb Code     6  init_alloc.o(.text)
    _init_alloc                              0x080009d5   Thumb Code    94  init_alloc.o(.text)
    malloc                                   0x08000a33   Thumb Code    94  h1_alloc.o(.text)
    _fseek                                   0x08000a91   Thumb Code   242  fseek.o(.text)
    fseek                                    0x08000a91   Thumb Code     0  fseek.o(.text)
    _seterr                                  0x08000b89   Thumb Code    20  stdio.o(.text)
    _writebuf                                0x08000b9d   Thumb Code    84  stdio.o(.text)
    _fflush                                  0x08000bf1   Thumb Code    70  stdio.o(.text)
    _deferredlazyseek                        0x08000c37   Thumb Code    60  stdio.o(.text)
    __sig_exit                               0x08000c79   Thumb Code    10  defsig_exit.o(.text)
    __rt_SIGRTRED_inner                      0x08000c85   Thumb Code    14  defsig_rtred_inner.o(.text)
    strlen                                   0x08000cb9   Thumb Code    62  strlen.o(.text)
    _sys_exit                                0x08000cf9   Thumb Code     8  sys_exit.o(.text)
    __Heap_Initialize                        0x08000d05   Thumb Code    10  h1_init.o(.text)
    __Heap_DescSize                          0x08000d0f   Thumb Code     4  h1_init.o(.text)
    __Heap_ProvideMemory                     0x08000d13   Thumb Code    52  h1_extend.o(.text)
    _ftell_internal                          0x08000d47   Thumb Code    66  ftell.o(.text)
    ftell                                    0x08000d47   Thumb Code     0  ftell.o(.text)
    __default_signal_display                 0x08000d89   Thumb Code    50  defsig_general.o(.text)
    __rt_SIGRTMEM                            0x08000dbb   Thumb Code    14  defsig_rtmem_outer.o(.text)
    _ttywrch                                 0x08000dc9   Thumb Code    14  sys_wrch.o(.text)
    __rt_SIGRTMEM_inner                      0x08000dd9   Thumb Code    22  defsig_rtmem_inner.o(.text)
    AHRS_Time_Init                           0x08000e29   Thumb Code    60  mahonyahrs.o(i.AHRS_Time_Init)
    Attitude_Update                          0x08000e65   Thumb Code  1998  mahonyahrs.o(i.Attitude_Update)
    BSP_Init                                 0x08001669   Thumb Code    32  apps.o(i.BSP_Init)
    BusFault_Handler                         0x0800169d   Thumb Code     4  stm32f4xx_it.o(i.BusFault_Handler)
    Calib_Status                             0x080016a1   Thumb Code    12  mahonyahrs.o(i.Calib_Status)
    DebugMon_Handler                         0x080016b5   Thumb Code     2  stm32f4xx_it.o(i.DebugMon_Handler)
    Debug_USART_Config                       0x080016b9   Thumb Code   142  bsp_bluetooth.o(i.Debug_USART_Config)
    GPIO_Init                                0x08001751   Thumb Code   144  stm32f4xx_gpio.o(i.GPIO_Init)
    GPIO_PinAFConfig                         0x080017e1   Thumb Code    70  stm32f4xx_gpio.o(i.GPIO_PinAFConfig)
    GY86_Read                                0x08001829   Thumb Code   388  mahonyahrs.o(i.GY86_Read)
    Get_AHRS_Time                            0x080019c9   Thumb Code    50  mahonyahrs.o(i.Get_AHRS_Time)
    HMC_Init                                 0x08001a09   Thumb Code    62  hmc5883.o(i.HMC_Init)
    HMC_Read                                 0x08001a4d   Thumb Code    20  hmc5883.o(i.HMC_Read)
    HardFault_Handler                        0x08001a61   Thumb Code     4  stm32f4xx_it.o(i.HardFault_Handler)
    I2C_AcknowledgeConfig                    0x08001a65   Thumb Code    24  stm32f4xx_i2c.o(i.I2C_AcknowledgeConfig)
    I2C_CheckEvent                           0x08001a7d   Thumb Code    42  stm32f4xx_i2c.o(i.I2C_CheckEvent)
    I2C_ClearFlag                            0x08001aa7   Thumb Code    12  stm32f4xx_i2c.o(i.I2C_ClearFlag)
    I2C_Cmd                                  0x08001ab3   Thumb Code    24  stm32f4xx_i2c.o(i.I2C_Cmd)
    I2C_DeInit                               0x08001acd   Thumb Code    82  stm32f4xx_i2c.o(i.I2C_DeInit)
    I2C_GenerateSTART                        0x08001b2d   Thumb Code    24  stm32f4xx_i2c.o(i.I2C_GenerateSTART)
    I2C_GenerateSTOP                         0x08001b45   Thumb Code    24  stm32f4xx_i2c.o(i.I2C_GenerateSTOP)
    I2C_GetFlagStatus                        0x08001b5d   Thumb Code    58  stm32f4xx_i2c.o(i.I2C_GetFlagStatus)
    I2C_Init                                 0x08001b99   Thumb Code   218  stm32f4xx_i2c.o(i.I2C_Init)
    I2C_ReadRegister                         0x08001c81   Thumb Code    22  stm32f4xx_i2c.o(i.I2C_ReadRegister)
    I2C_ReceiveData                          0x08001c97   Thumb Code     8  stm32f4xx_i2c.o(i.I2C_ReceiveData)
    I2C_Send7bitAddress                      0x08001c9f   Thumb Code    16  stm32f4xx_i2c.o(i.I2C_Send7bitAddress)
    I2C_SendData                             0x08001caf   Thumb Code     4  stm32f4xx_i2c.o(i.I2C_SendData)
    I2C_SoftwareResetCmd                     0x08001cb3   Thumb Code    22  stm32f4xx_i2c.o(i.I2C_SoftwareResetCmd)
    IIC_Byte_Read                            0x08001d69   Thumb Code   894  bsp_i2c.o(i.IIC_Byte_Read)
    IIC_Byte_Write                           0x080020fd   Thumb Code   296  bsp_i2c.o(i.IIC_Byte_Write)
    IIC_Config                               0x08002235   Thumb Code   160  bsp_i2c.o(i.IIC_Config)
    MPU6050ReadAcc                           0x080022e1   Thumb Code    20  mpu6050.o(i.MPU6050ReadAcc)
    MPU6050ReadGyro                          0x080022f5   Thumb Code    20  mpu6050.o(i.MPU6050ReadGyro)
    MPU6050ReadID                            0x08002309   Thumb Code    50  mpu6050.o(i.MPU6050ReadID)
    MPU6050_Init                             0x08002365   Thumb Code   116  mpu6050.o(i.MPU6050_Init)
    MPU6050_Offset                           0x080023d9   Thumb Code   372  mahonyahrs.o(i.MPU6050_Offset)
    MemManage_Handler                        0x08002585   Thumb Code     4  stm32f4xx_it.o(i.MemManage_Handler)
    NMI_Handler                              0x08002589   Thumb Code    32  stm32f4xx_it.o(i.NMI_Handler)
    OSDebugInit                              0x080025a9   Thumb Code    96  os_dbg_r.o(i.OSDebugInit)
    OSInit                                   0x080026c1   Thumb Code    52  os_core.o(i.OSInit)
    OSInitHookBegin                          0x080026f5   Thumb Code     2  os_cpu_c.o(i.OSInitHookBegin)
    OSInitHookEnd                            0x080026f7   Thumb Code     2  os_cpu_c.o(i.OSInitHookEnd)
    OSIntExit                                0x080026f9   Thumb Code   112  os_core.o(i.OSIntExit)
    OSStart                                  0x08002789   Thumb Code    48  os_core.o(i.OSStart)
    OSTCBInitHook                            0x080027d1   Thumb Code     2  os_cpu_c.o(i.OSTCBInitHook)
    OSTaskCreate                             0x080027d5   Thumb Code   156  os_task.o(i.OSTaskCreate)
    OSTaskCreateExt                          0x0800287d   Thumb Code   178  os_task.o(i.OSTaskCreateExt)
    OSTaskCreateHook                         0x0800293d   Thumb Code     2  os_cpu_c.o(i.OSTaskCreateHook)
    OSTaskDel                                0x08002941   Thumb Code   318  os_task.o(i.OSTaskDel)
    OSTaskDelHook                            0x08002aad   Thumb Code     2  os_cpu_c.o(i.OSTaskDelHook)
    OSTaskIdleHook                           0x08002aaf   Thumb Code     2  os_cpu_c.o(i.OSTaskIdleHook)
    OSTaskNameSet                            0x08002ab1   Thumb Code   120  os_task.o(i.OSTaskNameSet)
    OSTaskReturnHook                         0x08002b35   Thumb Code     2  os_cpu_c.o(i.OSTaskReturnHook)
    OSTaskStatHook                           0x08002b37   Thumb Code     2  os_cpu_c.o(i.OSTaskStatHook)
    OSTaskStkChk                             0x08002b39   Thumb Code   150  os_task.o(i.OSTaskStkChk)
    OSTaskStkInit                            0x08002bd9   Thumb Code   426  os_cpu_c.o(i.OSTaskStkInit)
    OSTaskSuspend                            0x08002d89   Thumb Code   172  os_task.o(i.OSTaskSuspend)
    OSTaskSwHook                             0x08002e45   Thumb Code     2  os_cpu_c.o(i.OSTaskSwHook)
    OSTimeDly                                0x08002e49   Thumb Code   100  os_time.o(i.OSTimeDly)
    OSTimeTick                               0x08002ec1   Thumb Code   210  os_core.o(i.OSTimeTick)
    OSTimeTickHook                           0x08002fad   Thumb Code     2  os_cpu_c.o(i.OSTimeTickHook)
    OS_CPU_SysTickInit                       0x08002fb1   Thumb Code    88  os_cpu_c.o(i.OS_CPU_SysTickInit)
    OS_Dummy                                 0x08003011   Thumb Code     2  os_core.o(i.OS_Dummy)
    OS_EventTaskRemove                       0x08003013   Thumb Code    42  os_core.o(i.OS_EventTaskRemove)
    OS_EventTaskRemoveMulti                  0x0800303d   Thumb Code    58  os_core.o(i.OS_EventTaskRemoveMulti)
    OS_FlagInit                              0x08003079   Thumb Code    74  os_flag.o(i.OS_FlagInit)
    OS_FlagUnlink                            0x080030d1   Thumb Code    36  os_flag.o(i.OS_FlagUnlink)
    OS_MemClr                                0x0800330d   Thumb Code    18  os_core.o(i.OS_MemClr)
    OS_MemInit                               0x08003321   Thumb Code    74  os_mem.o(i.OS_MemInit)
    OS_QInit                                 0x08003379   Thumb Code    72  os_q.o(i.OS_QInit)
    OS_Sched                                 0x080033c9   Thumb Code    88  os_core.o(i.OS_Sched)
    OS_TCBInit                               0x08003469   Thumb Code   280  os_core.o(i.OS_TCBInit)
    OS_TaskIdle                              0x0800359d   Thumb Code    34  os_core.o(i.OS_TaskIdle)
    OS_TaskReturn                            0x080035c5   Thumb Code    18  os_task.o(i.OS_TaskReturn)
    OS_TaskStat                              0x080035dd   Thumb Code   116  os_core.o(i.OS_TaskStat)
    OS_TaskStatStkChk                        0x08003665   Thumb Code    54  os_core.o(i.OS_TaskStatStkChk)
    OS_TaskStkClr                            0x080036a1   Thumb Code    26  os_task.o(i.OS_TaskStkClr)
    Open_Calib                               0x080036bd   Thumb Code    12  mahonyahrs.o(i.Open_Calib)
    Quat_Init                                0x080036d1   Thumb Code  2070  mahonyahrs.o(i.Quat_Init)
    RCC_AHB1PeriphClockCmd                   0x08003ef5   Thumb Code    26  stm32f4xx_rcc.o(i.RCC_AHB1PeriphClockCmd)
    RCC_APB1PeriphClockCmd                   0x08003f15   Thumb Code    26  stm32f4xx_rcc.o(i.RCC_APB1PeriphClockCmd)
    RCC_APB1PeriphResetCmd                   0x08003f35   Thumb Code    26  stm32f4xx_rcc.o(i.RCC_APB1PeriphResetCmd)
    RCC_APB2PeriphResetCmd                   0x08003f55   Thumb Code    26  stm32f4xx_rcc.o(i.RCC_APB2PeriphResetCmd)
    RCC_ClearITPendingBit                    0x08003f75   Thumb Code     6  stm32f4xx_rcc.o(i.RCC_ClearITPendingBit)
    RCC_GetClocksFreq                        0x08003f81   Thumb Code   214  stm32f4xx_rcc.o(i.RCC_GetClocksFreq)
    RCC_GetITStatus                          0x08004069   Thumb Code    20  stm32f4xx_rcc.o(i.RCC_GetITStatus)
    RCC_HSEConfig                            0x08004081   Thumb Code    12  stm32f4xx_rcc.o(i.RCC_HSEConfig)
    RCC_ITConfig                             0x08004091   Thumb Code    26  stm32f4xx_rcc.o(i.RCC_ITConfig)
    SVC_Handler                              0x080040b1   Thumb Code     2  stm32f4xx_it.o(i.SVC_Handler)
    Send_Attitude                            0x080040b5   Thumb Code   342  bsp_bluetooth.o(i.Send_Attitude)
    Send_Senser                              0x08004215   Thumb Code   334  bsp_bluetooth.o(i.Send_Senser)
    Sensor_Read                              0x08004369   Thumb Code    72  bsp_i2c.o(i.Sensor_Read)
    Sensor_Write                             0x080043b5   Thumb Code    70  bsp_i2c.o(i.Sensor_Write)
    Soft_Dely                                0x080044f1   Thumb Code    10  bsp_i2c.o(i.Soft_Dely)
    SysTick_Handler                          0x080044fd   Thumb Code    36  stm32f4xx_it.o(i.SysTick_Handler)
    SystemInit                               0x08004525   Thumb Code    88  system_stm32f4xx.o(i.SystemInit)
    TIM_Cmd                                  0x0800458d   Thumb Code    24  stm32f4xx_tim.o(i.TIM_Cmd)
    TIM_DeInit                               0x080045a5   Thumb Code   346  stm32f4xx_tim.o(i.TIM_DeInit)
    TIM_TimeBaseInit                         0x08004735   Thumb Code   104  stm32f4xx_tim.o(i.TIM_TimeBaseInit)
    Task_AHRS                                0x080047b9   Thumb Code   166  apps.o(i.Task_AHRS)
    Task_COM                                 0x0800486d   Thumb Code   190  apps.o(i.Task_COM)
    USART_Cmd                                0x08004941   Thumb Code    24  stm32f4xx_usart.o(i.USART_Cmd)
    USART_GetFlagStatus                      0x08004959   Thumb Code    26  stm32f4xx_usart.o(i.USART_GetFlagStatus)
    USART_Init                               0x08004975   Thumb Code   204  stm32f4xx_usart.o(i.USART_Init)
    USART_NItSend                            0x08004a49   Thumb Code    40  bsp_bluetooth.o(i.USART_NItSend)
    USART_SendData                           0x08004a75   Thumb Code     8  stm32f4xx_usart.o(i.USART_SendData)
    UsageFault_Handler                       0x08004a7d   Thumb Code     4  stm32f4xx_it.o(i.UsageFault_Handler)
    __ARM_fpclassify                         0x08004a81   Thumb Code    48  fpclassify.o(i.__ARM_fpclassify)
    __hardfp_asin                            0x08004ab1   Thumb Code   770  asin.o(i.__hardfp_asin)
    __hardfp_atan                            0x08004e11   Thumb Code   622  atan.o(i.__hardfp_atan)
    __hardfp_atan2                           0x080050e9   Thumb Code   432  atan2.o(i.__hardfp_atan2)
    __hardfp_cos                             0x080052d9   Thumb Code   180  cos.o(i.__hardfp_cos)
    __hardfp_sin                             0x080053a1   Thumb Code   180  sin.o(i.__hardfp_sin)
    __hardfp_sqrtf                           0x08005469   Thumb Code    58  sqrtf.o(i.__hardfp_sqrtf)
    __ieee754_rem_pio2                       0x080054a9   Thumb Code   938  rred.o(i.__ieee754_rem_pio2)
    __kernel_cos                             0x080058e1   Thumb Code   322  cos_i.o(i.__kernel_cos)
    __kernel_poly                            0x08005a51   Thumb Code   248  poly.o(i.__kernel_poly)
    __kernel_sin                             0x08005b49   Thumb Code   280  sin_i.o(i.__kernel_sin)
    __mathlib_dbl_infnan                     0x08005c79   Thumb Code    20  dunder.o(i.__mathlib_dbl_infnan)
    __mathlib_dbl_infnan2                    0x08005c8d   Thumb Code    20  dunder.o(i.__mathlib_dbl_infnan2)
    __mathlib_dbl_invalid                    0x08005ca1   Thumb Code    24  dunder.o(i.__mathlib_dbl_invalid)
    __mathlib_dbl_underflow                  0x08005cc1   Thumb Code    24  dunder.o(i.__mathlib_dbl_underflow)
    atan                                     0x08005ce1   Thumb Code    16  atan.o(i.atan)
    fabs                                     0x08005cf1   Thumb Code    24  fabs.o(i.fabs)
    fputc                                    0x08005d09   Thumb Code    32  bsp_bluetooth.o(i.fputc)
    invSqrt                                  0x08005d2d   Thumb Code    56  mahonyahrs.o(i.invSqrt)
    main                                     0x08005d69   Thumb Code    54  main.o(i.main)
    sqrt                                     0x08005db1   Thumb Code   110  sqrt.o(i.sqrt)
    __aeabi_dneg                             0x08005e1f   Thumb Code     0  basic.o(x$fpl$basic)
    _dneg                                    0x08005e1f   Thumb Code     6  basic.o(x$fpl$basic)
    __aeabi_fneg                             0x08005e25   Thumb Code     0  basic.o(x$fpl$basic)
    _fneg                                    0x08005e25   Thumb Code     6  basic.o(x$fpl$basic)
    _dabs                                    0x08005e2b   Thumb Code     6  basic.o(x$fpl$basic)
    _fabs                                    0x08005e31   Thumb Code     6  basic.o(x$fpl$basic)
    __aeabi_d2f                              0x08005e39   Thumb Code     0  d2f.o(x$fpl$d2f)
    _d2f                                     0x08005e39   Thumb Code    98  d2f.o(x$fpl$d2f)
    __aeabi_dadd                             0x08005e9d   Thumb Code     0  daddsub_clz.o(x$fpl$dadd)
    _dadd                                    0x08005e9d   Thumb Code   332  daddsub_clz.o(x$fpl$dadd)
    __aeabi_ddiv                             0x08005fed   Thumb Code     0  ddiv.o(x$fpl$ddiv)
    _ddiv                                    0x08005fed   Thumb Code   552  ddiv.o(x$fpl$ddiv)
    __aeabi_d2iz                             0x0800629d   Thumb Code     0  dfix.o(x$fpl$dfix)
    _dfix                                    0x0800629d   Thumb Code    94  dfix.o(x$fpl$dfix)
    __aeabi_i2d                              0x080062fb   Thumb Code     0  dflt_clz.o(x$fpl$dflt)
    _dflt                                    0x080062fb   Thumb Code    46  dflt_clz.o(x$fpl$dflt)
    __aeabi_ui2d                             0x08006329   Thumb Code     0  dflt_clz.o(x$fpl$dfltu)
    _dfltu                                   0x08006329   Thumb Code    38  dflt_clz.o(x$fpl$dfltu)
    __aeabi_dmul                             0x08006351   Thumb Code     0  dmul.o(x$fpl$dmul)
    _dmul                                    0x08006351   Thumb Code   332  dmul.o(x$fpl$dmul)
    __fpl_dnaninf                            0x080064a5   Thumb Code   156  dnaninf.o(x$fpl$dnaninf)
    __fpl_dretinf                            0x08006541   Thumb Code    12  dretinf.o(x$fpl$dretinf)
    __aeabi_drsub                            0x0800654d   Thumb Code     0  daddsub_clz.o(x$fpl$drsb)
    _drsb                                    0x0800654d   Thumb Code    22  daddsub_clz.o(x$fpl$drsb)
    _dsqrt                                   0x08006565   Thumb Code   404  dsqrt_umaal.o(x$fpl$dsqrt)
    __aeabi_dsub                             0x080066fd   Thumb Code     0  daddsub_clz.o(x$fpl$dsub)
    _dsub                                    0x080066fd   Thumb Code   464  daddsub_clz.o(x$fpl$dsub)
    __aeabi_f2d                              0x080068d1   Thumb Code     0  f2d.o(x$fpl$f2d)
    _f2d                                     0x080068d1   Thumb Code    86  f2d.o(x$fpl$f2d)
    __fpl_fnaninf                            0x08006927   Thumb Code   140  fnaninf.o(x$fpl$fnaninf)
    _fp_init                                 0x080069b3   Thumb Code    10  fpinit.o(x$fpl$fpinit)
    __fplib_config_fpu_vfp                   0x080069bb   Thumb Code     0  fpinit.o(x$fpl$fpinit)
    __fplib_config_pureend_doubles           0x080069bb   Thumb Code     0  fpinit.o(x$fpl$fpinit)
    __fpl_fretinf                            0x080069bd   Thumb Code    10  fretinf.o(x$fpl$fretinf)
    __I$use$fp                               0x080069c6   Number         0  usenofp.o(x$fpl$usenofp)
    OSDebugEn                                0x080069c8   Data           2  os_dbg_r.o(.constdata)
    OSEndiannessTest                         0x080069cc   Data           4  os_dbg_r.o(.constdata)
    OSEventEn                                0x080069d0   Data           2  os_dbg_r.o(.constdata)
    OSEventMax                               0x080069d2   Data           2  os_dbg_r.o(.constdata)
    OSEventNameEn                            0x080069d4   Data           2  os_dbg_r.o(.constdata)
    OSEventSize                              0x080069d6   Data           2  os_dbg_r.o(.constdata)
    OSEventTblSize                           0x080069d8   Data           2  os_dbg_r.o(.constdata)
    OSEventMultiEn                           0x080069da   Data           2  os_dbg_r.o(.constdata)
    OSFlagEn                                 0x080069dc   Data           2  os_dbg_r.o(.constdata)
    OSFlagGrpSize                            0x080069de   Data           2  os_dbg_r.o(.constdata)
    OSFlagNodeSize                           0x080069e0   Data           2  os_dbg_r.o(.constdata)
    OSFlagWidth                              0x080069e2   Data           2  os_dbg_r.o(.constdata)
    OSFlagMax                                0x080069e4   Data           2  os_dbg_r.o(.constdata)
    OSFlagNameEn                             0x080069e6   Data           2  os_dbg_r.o(.constdata)
    OSLowestPrio                             0x080069e8   Data           2  os_dbg_r.o(.constdata)
    OSMboxEn                                 0x080069ea   Data           2  os_dbg_r.o(.constdata)
    OSMemEn                                  0x080069ec   Data           2  os_dbg_r.o(.constdata)
    OSMemMax                                 0x080069ee   Data           2  os_dbg_r.o(.constdata)
    OSMemNameEn                              0x080069f0   Data           2  os_dbg_r.o(.constdata)
    OSMemSize                                0x080069f2   Data           2  os_dbg_r.o(.constdata)
    OSMemTblSize                             0x080069f4   Data           2  os_dbg_r.o(.constdata)
    OSMutexEn                                0x080069f6   Data           2  os_dbg_r.o(.constdata)
    OSPtrSize                                0x080069f8   Data           2  os_dbg_r.o(.constdata)
    OSQEn                                    0x080069fa   Data           2  os_dbg_r.o(.constdata)
    OSQMax                                   0x080069fc   Data           2  os_dbg_r.o(.constdata)
    OSQSize                                  0x080069fe   Data           2  os_dbg_r.o(.constdata)
    OSRdyTblSize                             0x08006a00   Data           2  os_dbg_r.o(.constdata)
    OSSemEn                                  0x08006a02   Data           2  os_dbg_r.o(.constdata)
    OSStkWidth                               0x08006a04   Data           2  os_dbg_r.o(.constdata)
    OSTaskCreateEn                           0x08006a06   Data           2  os_dbg_r.o(.constdata)
    OSTaskCreateExtEn                        0x08006a08   Data           2  os_dbg_r.o(.constdata)
    OSTaskDelEn                              0x08006a0a   Data           2  os_dbg_r.o(.constdata)
    OSTaskIdleStkSize                        0x08006a0c   Data           2  os_dbg_r.o(.constdata)
    OSTaskProfileEn                          0x08006a0e   Data           2  os_dbg_r.o(.constdata)
    OSTaskMax                                0x08006a10   Data           2  os_dbg_r.o(.constdata)
    OSTaskNameEn                             0x08006a12   Data           2  os_dbg_r.o(.constdata)
    OSTaskStatEn                             0x08006a14   Data           2  os_dbg_r.o(.constdata)
    OSTaskStatStkSize                        0x08006a16   Data           2  os_dbg_r.o(.constdata)
    OSTaskStatStkChkEn                       0x08006a18   Data           2  os_dbg_r.o(.constdata)
    OSTaskSwHookEn                           0x08006a1a   Data           2  os_dbg_r.o(.constdata)
    OSTaskRegTblSize                         0x08006a1c   Data           2  os_dbg_r.o(.constdata)
    OSTCBPrioTblMax                          0x08006a1e   Data           2  os_dbg_r.o(.constdata)
    OSTCBSize                                0x08006a20   Data           2  os_dbg_r.o(.constdata)
    OSTicksPerSec                            0x08006a22   Data           2  os_dbg_r.o(.constdata)
    OSTimeTickHookEn                         0x08006a24   Data           2  os_dbg_r.o(.constdata)
    OSVersionNbr                             0x08006a26   Data           2  os_dbg_r.o(.constdata)
    OSTmrEn                                  0x08006a28   Data           2  os_dbg_r.o(.constdata)
    OSTmrCfgMax                              0x08006a2a   Data           2  os_dbg_r.o(.constdata)
    OSTmrCfgNameEn                           0x08006a2c   Data           2  os_dbg_r.o(.constdata)
    OSTmrCfgWheelSize                        0x08006a2e   Data           2  os_dbg_r.o(.constdata)
    OSTmrCfgTicksPerSec                      0x08006a30   Data           2  os_dbg_r.o(.constdata)
    OSTmrSize                                0x08006a32   Data           2  os_dbg_r.o(.constdata)
    OSTmrTblSize                             0x08006a34   Data           2  os_dbg_r.o(.constdata)
    OSTmrWheelSize                           0x08006a36   Data           2  os_dbg_r.o(.constdata)
    OSTmrWheelTblSize                        0x08006a38   Data           2  os_dbg_r.o(.constdata)
    OSDataSize                               0x08006a3a   Data           2  os_dbg_r.o(.constdata)
    OSUnMapTbl                               0x08006a3c   Data         256  os_core.o(.constdata)
    __mathlib_zero                           0x08006c58   Data           8  qnan.o(.constdata)
    __stdin_name                             0x08006d50   Data           4  sys_io.o(.constdata)
    __stdout_name                            0x08006d54   Data           4  sys_io.o(.constdata)
    __stderr_name                            0x08006d58   Data           4  sys_io.o(.constdata)
    Region$$Table$$Base                      0x08006db8   Number         0  anon$$obj.o(Region$$Table)
    Region$$Table$$Limit                     0x08006dd8   Number         0  anon$$obj.o(Region$$Table)
    gyroOffset                               0x20000010   Data           1  main.o(.data)
    accOffset                                0x20000011   Data           1  main.o(.data)
    acc                                      0x20000012   Data           6  main.o(.data)
    offsetAcc                                0x20000018   Data           6  main.o(.data)
    gyro                                     0x2000001e   Data           6  main.o(.data)
    offsetGyro                               0x20000024   Data           6  main.o(.data)
    mag                                      0x2000002a   Data           6  main.o(.data)
    OSCtxSwCtr                               0x20000030   Data           4  os_core.o(.data)
    OSEventFreeList                          0x20000034   Data           4  os_core.o(.data)
    OSFlagFreeList                           0x20000038   Data           4  os_core.o(.data)
    OSCPUUsage                               0x2000003c   Data           1  os_core.o(.data)
    OSIdleCtrMax                             0x20000040   Data           4  os_core.o(.data)
    OSIdleCtrRun                             0x20000044   Data           4  os_core.o(.data)
    OSStatRdy                                0x20000048   Data           1  os_core.o(.data)
    OSIntNesting                             0x20000049   Data           1  os_core.o(.data)
    OSLockNesting                            0x2000004a   Data           1  os_core.o(.data)
    OSPrioCur                                0x2000004b   Data           1  os_core.o(.data)
    OSPrioHighRdy                            0x2000004c   Data           1  os_core.o(.data)
    OSRdyGrp                                 0x2000004d   Data           1  os_core.o(.data)
    OSRdyTbl                                 0x2000004e   Data           8  os_core.o(.data)
    OSRunning                                0x20000056   Data           1  os_core.o(.data)
    OSTaskCtr                                0x20000057   Data           1  os_core.o(.data)
    OSIdleCtr                                0x20000058   Data           4  os_core.o(.data)
    OSTCBCur                                 0x2000005c   Data           4  os_core.o(.data)
    OSTCBFreeList                            0x20000060   Data           4  os_core.o(.data)
    OSTCBHighRdy                             0x20000064   Data           4  os_core.o(.data)
    OSTCBList                                0x20000068   Data           4  os_core.o(.data)
    OSTickStepState                          0x2000006c   Data           1  os_core.o(.data)
    OSMemFreeList                            0x20000070   Data           4  os_core.o(.data)
    OSQFreeList                              0x20000074   Data           4  os_core.o(.data)
    OSTime                                   0x20000078   Data           4  os_core.o(.data)
    Kp                                       0x20000084   Data           4  mahonyahrs.o(.data)
    Ki                                       0x20000088   Data           4  mahonyahrs.o(.data)
    halfT                                    0x2000008c   Data           4  mahonyahrs.o(.data)
    T                                        0x20000090   Data           4  mahonyahrs.o(.data)
    q0                                       0x20000094   Data           4  mahonyahrs.o(.data)
    q1                                       0x20000098   Data           4  mahonyahrs.o(.data)
    q2                                       0x2000009c   Data           4  mahonyahrs.o(.data)
    q3                                       0x200000a0   Data           4  mahonyahrs.o(.data)
    exInt                                    0x200000a4   Data           4  mahonyahrs.o(.data)
    eyInt                                    0x200000a8   Data           4  mahonyahrs.o(.data)
    ezInt                                    0x200000ac   Data           4  mahonyahrs.o(.data)
    __aeabi_stdin                            0x200000d4   Data           4  stdio_streams.o(.data)
    __aeabi_stdout                           0x200000d8   Data           4  stdio_streams.o(.data)
    __aeabi_stderr                           0x200000dc   Data           4  stdio_streams.o(.data)
    fGyro                                    0x200000e0   Data          12  main.o(.bss)
    angle                                    0x200000ec   Data          12  main.o(.bss)
    sendBuf                                  0x200000f8   Data          50  main.o(.bss)
    Task_ComStack                            0x2000012c   Data        2048  main.o(.bss)
    Task_AHRSStack                           0x2000092c   Data        2048  main.o(.bss)
    OSEventTbl                               0x2000112c   Data         240  os_core.o(.bss)
    OSFlagTbl                                0x2000121c   Data          80  os_core.o(.bss)
    OSTaskStatStk                            0x2000126c   Data         512  os_core.o(.bss)
    OSTaskIdleStk                            0x2000146c   Data         512  os_core.o(.bss)
    OSTCBPrioTbl                             0x2000166c   Data         256  os_core.o(.bss)
    OSTCBTbl                                 0x2000176c   Data        1056  os_core.o(.bss)
    OSMemTbl                                 0x20001b8c   Data         120  os_core.o(.bss)
    OSQTbl                                   0x20001c04   Data          96  os_core.o(.bss)
    __stdin                                  0x20001c64   Data          84  stdio_streams.o(.bss)
    __stdout                                 0x20001cb8   Data          84  stdio_streams.o(.bss)
    __stderr                                 0x20001d0c   Data          84  stdio_streams.o(.bss)
    __libspace_start                         0x20001d60   Data          96  libspace.o(.bss)
    __temporary_stack_top$libspace           0x20001dc0   Data           0  libspace.o(.bss)



==============================================================================

Memory Map of the image

  Image Entry point : 0x08000189

  Load Region LR_IROM1 (Base: 0x08000000, Size: 0x00006eb8, Max: 0x00080000, ABSOLUTE)

    Execution Region ER_IROM1 (Exec base: 0x08000000, Load base: 0x08000000, Size: 0x00006dd8, Max: 0x00080000, ABSOLUTE)

    Exec Addr    Load Addr    Size         Type   Attr      Idx    E Section Name        Object

    0x08000000   0x08000000   0x00000188   Data   RO            3    RESET               startup_stm32f40xx.o
    0x08000188   0x08000188   0x00000008   Code   RO         6305  * !!!main             c_w.l(__main.o)
    0x08000190   0x08000190   0x00000034   Code   RO         6800    !!!scatter          c_w.l(__scatter.o)
    0x080001c4   0x080001c4   0x0000001a   Code   RO         6802    !!handler_copy      c_w.l(__scatter_copy.o)
    0x080001de   0x080001de   0x00000002   PAD
    0x080001e0   0x080001e0   0x0000001c   Code   RO         6804    !!handler_zi        c_w.l(__scatter_zi.o)
    0x080001fc   0x080001fc   0x00000000   Code   RO         6302    .ARM.Collect$$_printf_percent$$00000000  c_w.l(_printf_percent.o)
    0x080001fc   0x080001fc   0x00000006   Code   RO         6301    .ARM.Collect$$_printf_percent$$00000009  c_w.l(_printf_d.o)
    0x08000202   0x08000202   0x00000004   Code   RO         6396    .ARM.Collect$$_printf_percent$$00000017  c_w.l(_printf_percent_end.o)
    0x08000206   0x08000206   0x00000002   Code   RO         6613    .ARM.Collect$$libinit$$00000000  c_w.l(libinit.o)
    0x08000208   0x08000208   0x00000004   Code   RO         6614    .ARM.Collect$$libinit$$00000001  c_w.l(libinit2.o)
    0x0800020c   0x0800020c   0x00000000   Code   RO         6617    .ARM.Collect$$libinit$$00000004  c_w.l(libinit2.o)
    0x0800020c   0x0800020c   0x00000008   Code   RO         6618    .ARM.Collect$$libinit$$00000005  c_w.l(libinit2.o)
    0x08000214   0x08000214   0x00000000   Code   RO         6620    .ARM.Collect$$libinit$$0000000A  c_w.l(libinit2.o)
    0x08000214   0x08000214   0x00000000   Code   RO         6622    .ARM.Collect$$libinit$$0000000C  c_w.l(libinit2.o)
    0x08000214   0x08000214   0x00000000   Code   RO         6624    .ARM.Collect$$libinit$$0000000E  c_w.l(libinit2.o)
    0x08000214   0x08000214   0x00000000   Code   RO         6627    .ARM.Collect$$libinit$$00000011  c_w.l(libinit2.o)
    0x08000214   0x08000214   0x00000000   Code   RO         6629    .ARM.Collect$$libinit$$00000013  c_w.l(libinit2.o)
    0x08000214   0x08000214   0x00000000   Code   RO         6631    .ARM.Collect$$libinit$$00000015  c_w.l(libinit2.o)
    0x08000214   0x08000214   0x00000000   Code   RO         6633    .ARM.Collect$$libinit$$00000017  c_w.l(libinit2.o)
    0x08000214   0x08000214   0x00000000   Code   RO         6635    .ARM.Collect$$libinit$$00000019  c_w.l(libinit2.o)
    0x08000214   0x08000214   0x00000000   Code   RO         6637    .ARM.Collect$$libinit$$0000001B  c_w.l(libinit2.o)
    0x08000214   0x08000214   0x00000000   Code   RO         6639    .ARM.Collect$$libinit$$0000001D  c_w.l(libinit2.o)
    0x08000214   0x08000214   0x00000000   Code   RO         6641    .ARM.Collect$$libinit$$0000001F  c_w.l(libinit2.o)
    0x08000214   0x08000214   0x00000000   Code   RO         6643    .ARM.Collect$$libinit$$00000021  c_w.l(libinit2.o)
    0x08000214   0x08000214   0x00000000   Code   RO         6645    .ARM.Collect$$libinit$$00000023  c_w.l(libinit2.o)
    0x08000214   0x08000214   0x00000004   Code   RO         6646    .ARM.Collect$$libinit$$00000024  c_w.l(libinit2.o)
    0x08000218   0x08000218   0x00000000   Code   RO         6647    .ARM.Collect$$libinit$$00000025  c_w.l(libinit2.o)
    0x08000218   0x08000218   0x00000000   Code   RO         6651    .ARM.Collect$$libinit$$0000002C  c_w.l(libinit2.o)
    0x08000218   0x08000218   0x00000000   Code   RO         6653    .ARM.Collect$$libinit$$0000002E  c_w.l(libinit2.o)
    0x08000218   0x08000218   0x00000000   Code   RO         6655    .ARM.Collect$$libinit$$00000030  c_w.l(libinit2.o)
    0x08000218   0x08000218   0x00000000   Code   RO         6657    .ARM.Collect$$libinit$$00000032  c_w.l(libinit2.o)
    0x08000218   0x08000218   0x00000002   Code   RO         6658    .ARM.Collect$$libinit$$00000033  c_w.l(libinit2.o)
    0x0800021a   0x0800021a   0x00000002   Code   RO         6779    .ARM.Collect$$libshutdown$$00000000  c_w.l(libshutdown.o)
    0x0800021c   0x0800021c   0x00000000   Code   RO         6660    .ARM.Collect$$libshutdown$$00000002  c_w.l(libshutdown2.o)
    0x0800021c   0x0800021c   0x00000004   Code   RO         6661    .ARM.Collect$$libshutdown$$00000003  c_w.l(libshutdown2.o)
    0x08000220   0x08000220   0x00000000   Code   RO         6662    .ARM.Collect$$libshutdown$$00000004  c_w.l(libshutdown2.o)
    0x08000220   0x08000220   0x00000000   Code   RO         6665    .ARM.Collect$$libshutdown$$00000007  c_w.l(libshutdown2.o)
    0x08000220   0x08000220   0x00000000   Code   RO         6668    .ARM.Collect$$libshutdown$$0000000A  c_w.l(libshutdown2.o)
    0x08000220   0x08000220   0x00000000   Code   RO         6670    .ARM.Collect$$libshutdown$$0000000C  c_w.l(libshutdown2.o)
    0x08000220   0x08000220   0x00000000   Code   RO         6673    .ARM.Collect$$libshutdown$$0000000F  c_w.l(libshutdown2.o)
    0x08000220   0x08000220   0x00000002   Code   RO         6674    .ARM.Collect$$libshutdown$$00000010  c_w.l(libshutdown2.o)
    0x08000222   0x08000222   0x00000000   Code   RO         6389    .ARM.Collect$$rtentry$$00000000  c_w.l(__rtentry.o)
    0x08000222   0x08000222   0x00000000   Code   RO         6482    .ARM.Collect$$rtentry$$00000002  c_w.l(__rtentry2.o)
    0x08000222   0x08000222   0x00000006   Code   RO         6494    .ARM.Collect$$rtentry$$00000004  c_w.l(__rtentry4.o)
    0x08000228   0x08000228   0x00000000   Code   RO         6484    .ARM.Collect$$rtentry$$00000009  c_w.l(__rtentry2.o)
    0x08000228   0x08000228   0x00000004   Code   RO         6485    .ARM.Collect$$rtentry$$0000000A  c_w.l(__rtentry2.o)
    0x0800022c   0x0800022c   0x00000000   Code   RO         6487    .ARM.Collect$$rtentry$$0000000C  c_w.l(__rtentry2.o)
    0x0800022c   0x0800022c   0x00000008   Code   RO         6488    .ARM.Collect$$rtentry$$0000000D  c_w.l(__rtentry2.o)
    0x08000234   0x08000234   0x00000002   Code   RO         6680    .ARM.Collect$$rtexit$$00000000  c_w.l(rtexit.o)
    0x08000236   0x08000236   0x00000000   Code   RO         6730    .ARM.Collect$$rtexit$$00000002  c_w.l(rtexit2.o)
    0x08000236   0x08000236   0x00000004   Code   RO         6731    .ARM.Collect$$rtexit$$00000003  c_w.l(rtexit2.o)
    0x0800023a   0x0800023a   0x00000006   Code   RO         6732    .ARM.Collect$$rtexit$$00000004  c_w.l(rtexit2.o)
    0x08000240   0x08000240   0x00000000   Code   RO         6736    .emb_text           c_w.l(maybetermalloc1.o)
    0x08000240   0x08000240   0x00000040   Code   RO            4    .text               startup_stm32f40xx.o
    0x08000280   0x08000280   0x000000c0   Code   RO         4958    .text               os_cpu_a.o
    0x08000340   0x08000340   0x00000018   Code   RO         6275    .text               c_w.l(noretval__2printf.o)
    0x08000358   0x08000358   0x00000068   Code   RO         6277    .text               c_w.l(__printf.o)
    0x080003c0   0x080003c0   0x00000078   Code   RO         6279    .text               c_w.l(_printf_dec.o)
    0x08000438   0x08000438   0x00000006   Code   RO         6303    .text               c_w.l(heapauxi.o)
    0x0800043e   0x0800043e   0x00000016   Code   RO         6390    .text               c_w.l(_rserrno.o)
    0x08000454   0x08000454   0x000000b2   Code   RO         6392    .text               c_w.l(_printf_intcommon.o)
    0x08000506   0x08000506   0x00000002   PAD
    0x08000508   0x08000508   0x00000024   Code   RO         6394    .text               c_w.l(_printf_char_file.o)
    0x0800052c   0x0800052c   0x00000008   Code   RO         6499    .text               c_w.l(rt_errno_addr_intlibspace.o)
    0x08000534   0x08000534   0x00000030   Code   RO         6501    .text               c_w.l(_printf_char_common.o)
    0x08000564   0x08000564   0x00000008   Code   RO         6503    .text               c_w.l(ferror.o)
    0x0800056c   0x0800056c   0x00000138   Code   RO         6505    .text               c_w.l(initio.o)
    0x080006a4   0x080006a4   0x00000066   Code   RO         6519    .text               c_w.l(sys_io.o)
    0x0800070a   0x0800070a   0x00000002   PAD
    0x0800070c   0x0800070c   0x00000008   Code   RO         6524    .text               c_w.l(libspace.o)
    0x08000714   0x08000714   0x0000004a   Code   RO         6529    .text               c_w.l(sys_stackheap_outer.o)
    0x0800075e   0x0800075e   0x0000004e   Code   RO         6533    .text               c_w.l(h1_free.o)
    0x080007ac   0x080007ac   0x00000046   Code   RO         6589    .text               c_w.l(setvbuf.o)
    0x080007f2   0x080007f2   0x00000002   PAD
    0x080007f4   0x080007f4   0x000000ec   Code   RO         6592    .text               c_w.l(fopen.o)
    0x080008e0   0x080008e0   0x0000004c   Code   RO         6594    .text               c_w.l(fclose.o)
    0x0800092c   0x0800092c   0x00000012   Code   RO         6600    .text               c_w.l(exit.o)
    0x0800093e   0x0800093e   0x0000000e   Code   RO         6602    .text               c_w.l(defsig_rtred_outer.o)
    0x0800094c   0x0800094c   0x0000004e   Code   RO         6606    .text               c_w.l(rt_memclr_w.o)
    0x0800099a   0x0800099a   0x00000002   Code   RO         6677    .text               c_w.l(use_no_semi.o)
    0x0800099c   0x0800099c   0x00000000   Code   RO         6679    .text               c_w.l(indicate_semi.o)
    0x0800099c   0x0800099c   0x00000008   Code   RO         6687    .text               c_w.l(rt_heap_descriptor_intlibspace.o)
    0x080009a4   0x080009a4   0x00000004   Code   RO         6689    .text               c_w.l(hguard.o)
    0x080009a8   0x080009a8   0x0000008a   Code   RO         6691    .text               c_w.l(init_alloc.o)
    0x08000a32   0x08000a32   0x0000005e   Code   RO         6697    .text               c_w.l(h1_alloc.o)
    0x08000a90   0x08000a90   0x000000f8   Code   RO         6711    .text               c_w.l(fseek.o)
    0x08000b88   0x08000b88   0x000000f0   Code   RO         6713    .text               c_w.l(stdio.o)
    0x08000c78   0x08000c78   0x0000000a   Code   RO         6715    .text               c_w.l(defsig_exit.o)
    0x08000c82   0x08000c82   0x00000002   PAD
    0x08000c84   0x08000c84   0x00000034   Code   RO         6717    .text               c_w.l(defsig_rtred_inner.o)
    0x08000cb8   0x08000cb8   0x0000003e   Code   RO         6719    .text               c_w.l(strlen.o)
    0x08000cf6   0x08000cf6   0x00000002   PAD
    0x08000cf8   0x08000cf8   0x0000000c   Code   RO         6727    .text               c_w.l(sys_exit.o)
    0x08000d04   0x08000d04   0x0000000e   Code   RO         6738    .text               c_w.l(h1_init.o)
    0x08000d12   0x08000d12   0x00000034   Code   RO         6740    .text               c_w.l(h1_extend.o)
    0x08000d46   0x08000d46   0x00000042   Code   RO         6746    .text               c_w.l(ftell.o)
    0x08000d88   0x08000d88   0x00000032   Code   RO         6750    .text               c_w.l(defsig_general.o)
    0x08000dba   0x08000dba   0x0000000e   Code   RO         6752    .text               c_w.l(defsig_rtmem_outer.o)
    0x08000dc8   0x08000dc8   0x0000000e   Code   RO         6765    .text               c_w.l(sys_wrch.o)
    0x08000dd6   0x08000dd6   0x00000002   PAD
    0x08000dd8   0x08000dd8   0x00000050   Code   RO         6773    .text               c_w.l(defsig_rtmem_inner.o)
    0x08000e28   0x08000e28   0x0000003c   Code   RO         6154    i.AHRS_Time_Init    mahonyahrs.o
    0x08000e64   0x08000e64   0x00000804   Code   RO         6155    i.Attitude_Update   mahonyahrs.o
    0x08001668   0x08001668   0x00000034   Code   RO         6233    i.BSP_Init          apps.o
    0x0800169c   0x0800169c   0x00000004   Code   RO         4892    i.BusFault_Handler  stm32f4xx_it.o
    0x080016a0   0x080016a0   0x00000014   Code   RO         6156    i.Calib_Status      mahonyahrs.o
    0x080016b4   0x080016b4   0x00000002   Code   RO         4893    i.DebugMon_Handler  stm32f4xx_it.o
    0x080016b6   0x080016b6   0x00000002   PAD
    0x080016b8   0x080016b8   0x00000098   Code   RO         5918    i.Debug_USART_Config  bsp_bluetooth.o
    0x08001750   0x08001750   0x00000090   Code   RO         1899    i.GPIO_Init         stm32f4xx_gpio.o
    0x080017e0   0x080017e0   0x00000046   Code   RO         1900    i.GPIO_PinAFConfig  stm32f4xx_gpio.o
    0x08001826   0x08001826   0x00000002   PAD
    0x08001828   0x08001828   0x000001a0   Code   RO         6157    i.GY86_Read         mahonyahrs.o
    0x080019c8   0x080019c8   0x00000040   Code   RO         6158    i.Get_AHRS_Time     mahonyahrs.o
    0x08001a08   0x08001a08   0x00000044   Code   RO         6121    i.HMC_Init          hmc5883.o
    0x08001a4c   0x08001a4c   0x00000014   Code   RO         6122    i.HMC_Read          hmc5883.o
    0x08001a60   0x08001a60   0x00000004   Code   RO         4894    i.HardFault_Handler  stm32f4xx_it.o
    0x08001a64   0x08001a64   0x00000018   Code   RO         2187    i.I2C_AcknowledgeConfig  stm32f4xx_i2c.o
    0x08001a7c   0x08001a7c   0x0000002a   Code   RO         2190    i.I2C_CheckEvent    stm32f4xx_i2c.o
    0x08001aa6   0x08001aa6   0x0000000c   Code   RO         2191    i.I2C_ClearFlag     stm32f4xx_i2c.o
    0x08001ab2   0x08001ab2   0x00000018   Code   RO         2193    i.I2C_Cmd           stm32f4xx_i2c.o
    0x08001aca   0x08001aca   0x00000002   PAD
    0x08001acc   0x08001acc   0x00000060   Code   RO         2196    i.I2C_DeInit        stm32f4xx_i2c.o
    0x08001b2c   0x08001b2c   0x00000018   Code   RO         2201    i.I2C_GenerateSTART  stm32f4xx_i2c.o
    0x08001b44   0x08001b44   0x00000018   Code   RO         2202    i.I2C_GenerateSTOP  stm32f4xx_i2c.o
    0x08001b5c   0x08001b5c   0x0000003a   Code   RO         2203    i.I2C_GetFlagStatus  stm32f4xx_i2c.o
    0x08001b96   0x08001b96   0x00000002   PAD
    0x08001b98   0x08001b98   0x000000e8   Code   RO         2208    i.I2C_Init          stm32f4xx_i2c.o
    0x08001c80   0x08001c80   0x00000016   Code   RO         2212    i.I2C_ReadRegister  stm32f4xx_i2c.o
    0x08001c96   0x08001c96   0x00000008   Code   RO         2213    i.I2C_ReceiveData   stm32f4xx_i2c.o
    0x08001c9e   0x08001c9e   0x00000010   Code   RO         2215    i.I2C_Send7bitAddress  stm32f4xx_i2c.o
    0x08001cae   0x08001cae   0x00000004   Code   RO         2216    i.I2C_SendData      stm32f4xx_i2c.o
    0x08001cb2   0x08001cb2   0x00000016   Code   RO         2217    i.I2C_SoftwareResetCmd  stm32f4xx_i2c.o
    0x08001cc8   0x08001cc8   0x000000a0   Code   RO         6012    i.I2Cx_TIMEOUT_UserCallback  bsp_i2c.o
    0x08001d68   0x08001d68   0x00000394   Code   RO         6013    i.IIC_Byte_Read     bsp_i2c.o
    0x080020fc   0x080020fc   0x00000138   Code   RO         6014    i.IIC_Byte_Write    bsp_i2c.o
    0x08002234   0x08002234   0x000000ac   Code   RO         6015    i.IIC_Config        bsp_i2c.o
    0x080022e0   0x080022e0   0x00000014   Code   RO         6075    i.MPU6050ReadAcc    mpu6050.o
    0x080022f4   0x080022f4   0x00000014   Code   RO         6076    i.MPU6050ReadGyro   mpu6050.o
    0x08002308   0x08002308   0x0000005c   Code   RO         6077    i.MPU6050ReadID     mpu6050.o
    0x08002364   0x08002364   0x00000074   Code   RO         6078    i.MPU6050_Init      mpu6050.o
    0x080023d8   0x080023d8   0x000001ac   Code   RO         6159    i.MPU6050_Offset    mahonyahrs.o
    0x08002584   0x08002584   0x00000004   Code   RO         4895    i.MemManage_Handler  stm32f4xx_it.o
    0x08002588   0x08002588   0x00000020   Code   RO         4896    i.NMI_Handler       stm32f4xx_it.o
    0x080025a8   0x080025a8   0x00000118   Code   RO         5065    i.OSDebugInit       os_dbg_r.o
    0x080026c0   0x080026c0   0x00000034   Code   RO         5095    i.OSInit            os_core.o
    0x080026f4   0x080026f4   0x00000002   Code   RO         4964    i.OSInitHookBegin   os_cpu_c.o
    0x080026f6   0x080026f6   0x00000002   Code   RO         4965    i.OSInitHookEnd     os_cpu_c.o
    0x080026f8   0x080026f8   0x00000090   Code   RO         5097    i.OSIntExit         os_core.o
    0x08002788   0x08002788   0x00000048   Code   RO         5100    i.OSStart           os_core.o
    0x080027d0   0x080027d0   0x00000002   Code   RO         4966    i.OSTCBInitHook     os_cpu_c.o
    0x080027d2   0x080027d2   0x00000002   PAD
    0x080027d4   0x080027d4   0x000000a8   Code   RO         5745    i.OSTaskCreate      os_task.o
    0x0800287c   0x0800287c   0x000000c0   Code   RO         5746    i.OSTaskCreateExt   os_task.o
    0x0800293c   0x0800293c   0x00000002   Code   RO         4967    i.OSTaskCreateHook  os_cpu_c.o
    0x0800293e   0x0800293e   0x00000002   PAD
    0x08002940   0x08002940   0x0000016c   Code   RO         5747    i.OSTaskDel         os_task.o
    0x08002aac   0x08002aac   0x00000002   Code   RO         4968    i.OSTaskDelHook     os_cpu_c.o
    0x08002aae   0x08002aae   0x00000002   Code   RO         4969    i.OSTaskIdleHook    os_cpu_c.o
    0x08002ab0   0x08002ab0   0x00000084   Code   RO         5750    i.OSTaskNameSet     os_task.o
    0x08002b34   0x08002b34   0x00000002   Code   RO         4970    i.OSTaskReturnHook  os_cpu_c.o
    0x08002b36   0x08002b36   0x00000002   Code   RO         4971    i.OSTaskStatHook    os_cpu_c.o
    0x08002b38   0x08002b38   0x000000a0   Code   RO         5755    i.OSTaskStkChk      os_task.o
    0x08002bd8   0x08002bd8   0x000001b0   Code   RO         4972    i.OSTaskStkInit     os_cpu_c.o
    0x08002d88   0x08002d88   0x000000bc   Code   RO         5756    i.OSTaskSuspend     os_task.o
    0x08002e44   0x08002e44   0x00000002   Code   RO         4973    i.OSTaskSwHook      os_cpu_c.o
    0x08002e46   0x08002e46   0x00000002   PAD
    0x08002e48   0x08002e48   0x00000078   Code   RO         5852    i.OSTimeDly         os_time.o
    0x08002ec0   0x08002ec0   0x000000ec   Code   RO         5102    i.OSTimeTick        os_core.o
    0x08002fac   0x08002fac   0x00000002   Code   RO         4974    i.OSTimeTickHook    os_cpu_c.o
    0x08002fae   0x08002fae   0x00000002   PAD
    0x08002fb0   0x08002fb0   0x00000060   Code   RO         4975    i.OS_CPU_SysTickInit  os_cpu_c.o
    0x08003010   0x08003010   0x00000002   Code   RO         5104    i.OS_Dummy          os_core.o
    0x08003012   0x08003012   0x0000002a   Code   RO         5106    i.OS_EventTaskRemove  os_core.o
    0x0800303c   0x0800303c   0x0000003a   Code   RO         5107    i.OS_EventTaskRemoveMulti  os_core.o
    0x08003076   0x08003076   0x00000002   PAD
    0x08003078   0x08003078   0x00000058   Code   RO         5325    i.OS_FlagInit       os_flag.o
    0x080030d0   0x080030d0   0x00000024   Code   RO         5327    i.OS_FlagUnlink     os_flag.o
    0x080030f4   0x080030f4   0x00000060   Code   RO         5111    i.OS_InitEventList  os_core.o
    0x08003154   0x08003154   0x00000054   Code   RO         5112    i.OS_InitMisc       os_core.o
    0x080031a8   0x080031a8   0x00000044   Code   RO         5113    i.OS_InitRdyList    os_core.o
    0x080031ec   0x080031ec   0x00000080   Code   RO         5114    i.OS_InitTCBList    os_core.o
    0x0800326c   0x0800326c   0x00000050   Code   RO         5115    i.OS_InitTaskIdle   os_core.o
    0x080032bc   0x080032bc   0x00000050   Code   RO         5116    i.OS_InitTaskStat   os_core.o
    0x0800330c   0x0800330c   0x00000012   Code   RO         5117    i.OS_MemClr         os_core.o
    0x0800331e   0x0800331e   0x00000002   PAD
    0x08003320   0x08003320   0x00000058   Code   RO         5481    i.OS_MemInit        os_mem.o
    0x08003378   0x08003378   0x00000050   Code   RO         5604    i.OS_QInit          os_q.o
    0x080033c8   0x080033c8   0x00000074   Code   RO         5119    i.OS_Sched          os_core.o
    0x0800343c   0x0800343c   0x0000002c   Code   RO         5120    i.OS_SchedNew       os_core.o
    0x08003468   0x08003468   0x00000134   Code   RO         5122    i.OS_TCBInit        os_core.o
    0x0800359c   0x0800359c   0x00000028   Code   RO         5123    i.OS_TaskIdle       os_core.o
    0x080035c4   0x080035c4   0x00000018   Code   RO         5757    i.OS_TaskReturn     os_task.o
    0x080035dc   0x080035dc   0x00000088   Code   RO         5124    i.OS_TaskStat       os_core.o
    0x08003664   0x08003664   0x0000003c   Code   RO         5125    i.OS_TaskStatStkChk  os_core.o
    0x080036a0   0x080036a0   0x0000001a   Code   RO         5758    i.OS_TaskStkClr     os_task.o
    0x080036ba   0x080036ba   0x00000002   PAD
    0x080036bc   0x080036bc   0x00000014   Code   RO         6160    i.Open_Calib        mahonyahrs.o
    0x080036d0   0x080036d0   0x00000824   Code   RO         6161    i.Quat_Init         mahonyahrs.o
    0x08003ef4   0x08003ef4   0x00000020   Code   RO         2624    i.RCC_AHB1PeriphClockCmd  stm32f4xx_rcc.o
    0x08003f14   0x08003f14   0x00000020   Code   RO         2633    i.RCC_APB1PeriphClockCmd  stm32f4xx_rcc.o
    0x08003f34   0x08003f34   0x00000020   Code   RO         2635    i.RCC_APB1PeriphResetCmd  stm32f4xx_rcc.o
    0x08003f54   0x08003f54   0x00000020   Code   RO         2638    i.RCC_APB2PeriphResetCmd  stm32f4xx_rcc.o
    0x08003f74   0x08003f74   0x0000000c   Code   RO         2642    i.RCC_ClearITPendingBit  stm32f4xx_rcc.o
    0x08003f80   0x08003f80   0x000000e8   Code   RO         2645    i.RCC_GetClocksFreq  stm32f4xx_rcc.o
    0x08004068   0x08004068   0x00000018   Code   RO         2647    i.RCC_GetITStatus   stm32f4xx_rcc.o
    0x08004080   0x08004080   0x00000010   Code   RO         2650    i.RCC_HSEConfig     stm32f4xx_rcc.o
    0x08004090   0x08004090   0x00000020   Code   RO         2653    i.RCC_ITConfig      stm32f4xx_rcc.o
    0x080040b0   0x080040b0   0x00000002   Code   RO         4897    i.SVC_Handler       stm32f4xx_it.o
    0x080040b2   0x080040b2   0x00000002   PAD
    0x080040b4   0x080040b4   0x00000160   Code   RO         5924    i.Send_Attitude     bsp_bluetooth.o
    0x08004214   0x08004214   0x00000154   Code   RO         5926    i.Send_Senser       bsp_bluetooth.o
    0x08004368   0x08004368   0x0000004c   Code   RO         6016    i.Sensor_Read       bsp_i2c.o
    0x080043b4   0x080043b4   0x00000050   Code   RO         6017    i.Sensor_Write      bsp_i2c.o
    0x08004404   0x08004404   0x000000ec   Code   RO           13    i.SetSysClock       system_stm32f4xx.o
    0x080044f0   0x080044f0   0x0000000a   Code   RO         6018    i.Soft_Dely         bsp_i2c.o
    0x080044fa   0x080044fa   0x00000002   PAD
    0x080044fc   0x080044fc   0x00000028   Code   RO         4898    i.SysTick_Handler   stm32f4xx_it.o
    0x08004524   0x08004524   0x00000068   Code   RO           15    i.SystemInit        system_stm32f4xx.o
    0x0800458c   0x0800458c   0x00000018   Code   RO         4020    i.TIM_Cmd           stm32f4xx_tim.o
    0x080045a4   0x080045a4   0x00000190   Code   RO         4025    i.TIM_DeInit        stm32f4xx_tim.o
    0x08004734   0x08004734   0x00000084   Code   RO         4092    i.TIM_TimeBaseInit  stm32f4xx_tim.o
    0x080047b8   0x080047b8   0x000000b4   Code   RO         6234    i.Task_AHRS         apps.o
    0x0800486c   0x0800486c   0x000000d4   Code   RO         6235    i.Task_COM          apps.o
    0x08004940   0x08004940   0x00000018   Code   RO         4574    i.USART_Cmd         stm32f4xx_usart.o
    0x08004958   0x08004958   0x0000001a   Code   RO         4577    i.USART_GetFlagStatus  stm32f4xx_usart.o
    0x08004972   0x08004972   0x00000002   PAD
    0x08004974   0x08004974   0x000000d4   Code   RO         4581    i.USART_Init        stm32f4xx_usart.o
    0x08004a48   0x08004a48   0x0000002c   Code   RO         5927    i.USART_NItSend     bsp_bluetooth.o
    0x08004a74   0x08004a74   0x00000008   Code   RO         4591    i.USART_SendData    stm32f4xx_usart.o
    0x08004a7c   0x08004a7c   0x00000004   Code   RO         4899    i.UsageFault_Handler  stm32f4xx_it.o
    0x08004a80   0x08004a80   0x00000030   Code   RO         6453    i.__ARM_fpclassify  m_wm.l(fpclassify.o)
    0x08004ab0   0x08004ab0   0x00000360   Code   RO         6327    i.__hardfp_asin     m_wm.l(asin.o)
    0x08004e10   0x08004e10   0x000002d8   Code   RO         6416    i.__hardfp_atan     m_wm.l(atan.o)
    0x080050e8   0x080050e8   0x000001f0   Code   RO         6341    i.__hardfp_atan2    m_wm.l(atan2.o)
    0x080052d8   0x080052d8   0x000000c8   Code   RO         6353    i.__hardfp_cos      m_wm.l(cos.o)
    0x080053a0   0x080053a0   0x000000c8   Code   RO         6365    i.__hardfp_sin      m_wm.l(sin.o)
    0x08005468   0x08005468   0x0000003a   Code   RO         6377    i.__hardfp_sqrtf    m_wm.l(sqrtf.o)
    0x080054a2   0x080054a2   0x00000006   PAD
    0x080054a8   0x080054a8   0x00000438   Code   RO         6458    i.__ieee754_rem_pio2  m_wm.l(rred.o)
    0x080058e0   0x080058e0   0x00000170   Code   RO         6430    i.__kernel_cos      m_wm.l(cos_i.o)
    0x08005a50   0x08005a50   0x000000f8   Code   RO         6455    i.__kernel_poly     m_wm.l(poly.o)
    0x08005b48   0x08005b48   0x00000130   Code   RO         6463    i.__kernel_sin      m_wm.l(sin_i.o)
    0x08005c78   0x08005c78   0x00000014   Code   RO         6434    i.__mathlib_dbl_infnan  m_wm.l(dunder.o)
    0x08005c8c   0x08005c8c   0x00000014   Code   RO         6435    i.__mathlib_dbl_infnan2  m_wm.l(dunder.o)
    0x08005ca0   0x08005ca0   0x00000020   Code   RO         6436    i.__mathlib_dbl_invalid  m_wm.l(dunder.o)
    0x08005cc0   0x08005cc0   0x00000020   Code   RO         6439    i.__mathlib_dbl_underflow  m_wm.l(dunder.o)
    0x08005ce0   0x08005ce0   0x00000010   Code   RO         6418    i.atan              m_wm.l(atan.o)
    0x08005cf0   0x08005cf0   0x00000018   Code   RO         6449    i.fabs              m_wm.l(fabs.o)
    0x08005d08   0x08005d08   0x00000024   Code   RO         5929    i.fputc             bsp_bluetooth.o
    0x08005d2c   0x08005d2c   0x0000003c   Code   RO         6162    i.invSqrt           mahonyahrs.o
    0x08005d68   0x08005d68   0x00000048   Code   RO         4828    i.main              main.o
    0x08005db0   0x08005db0   0x0000006e   Code   RO         6471    i.sqrt              m_wm.l(sqrt.o)
    0x08005e1e   0x08005e1e   0x00000018   Code   RO         6307    x$fpl$basic         fz_wm.l(basic.o)
    0x08005e36   0x08005e36   0x00000002   PAD
    0x08005e38   0x08005e38   0x00000062   Code   RO         6309    x$fpl$d2f           fz_wm.l(d2f.o)
    0x08005e9a   0x08005e9a   0x00000002   PAD
    0x08005e9c   0x08005e9c   0x00000150   Code   RO         6311    x$fpl$dadd          fz_wm.l(daddsub_clz.o)
    0x08005fec   0x08005fec   0x000002b0   Code   RO         6404    x$fpl$ddiv          fz_wm.l(ddiv.o)
    0x0800629c   0x0800629c   0x0000005e   Code   RO         6511    x$fpl$dfix          fz_wm.l(dfix.o)
    0x080062fa   0x080062fa   0x0000002e   Code   RO         6318    x$fpl$dflt          fz_wm.l(dflt_clz.o)
    0x08006328   0x08006328   0x00000026   Code   RO         6317    x$fpl$dfltu         fz_wm.l(dflt_clz.o)
    0x0800634e   0x0800634e   0x00000002   PAD
    0x08006350   0x08006350   0x00000154   Code   RO         6323    x$fpl$dmul          fz_wm.l(dmul.o)
    0x080064a4   0x080064a4   0x0000009c   Code   RO         6407    x$fpl$dnaninf       fz_wm.l(dnaninf.o)
    0x08006540   0x08006540   0x0000000c   Code   RO         6409    x$fpl$dretinf       fz_wm.l(dretinf.o)
    0x0800654c   0x0800654c   0x00000016   Code   RO         6312    x$fpl$drsb          fz_wm.l(daddsub_clz.o)
    0x08006562   0x08006562   0x00000002   PAD
    0x08006564   0x08006564   0x00000198   Code   RO         6517    x$fpl$dsqrt         fz_wm.l(dsqrt_umaal.o)
    0x080066fc   0x080066fc   0x000001d4   Code   RO         6313    x$fpl$dsub          fz_wm.l(daddsub_clz.o)
    0x080068d0   0x080068d0   0x00000056   Code   RO         6325    x$fpl$f2d           fz_wm.l(f2d.o)
    0x08006926   0x08006926   0x0000008c   Code   RO         6411    x$fpl$fnaninf       fz_wm.l(fnaninf.o)
    0x080069b2   0x080069b2   0x0000000a   Code   RO         6725    x$fpl$fpinit        fz_wm.l(fpinit.o)
    0x080069bc   0x080069bc   0x0000000a   Code   RO         6413    x$fpl$fretinf       fz_wm.l(fretinf.o)
    0x080069c6   0x080069c6   0x00000000   Code   RO         6415    x$fpl$usenofp       fz_wm.l(usenofp.o)
    0x080069c6   0x080069c6   0x00000002   PAD
    0x080069c8   0x080069c8   0x00000074   Data   RO         5066    .constdata          os_dbg_r.o
    0x08006a3c   0x08006a3c   0x00000100   Data   RO         5127    .constdata          os_core.o
    0x08006b3c   0x08006b3c   0x00000004   PAD
    0x08006b40   0x08006b40   0x00000050   Data   RO         6330    .constdata          m_wm.l(asin.o)
    0x08006b90   0x08006b90   0x00000098   Data   RO         6419    .constdata          m_wm.l(atan.o)
    0x08006c28   0x08006c28   0x00000030   Data   RO         6431    .constdata          m_wm.l(cos_i.o)
    0x08006c58   0x08006c58   0x00000008   Data   RO         6457    .constdata          m_wm.l(qnan.o)
    0x08006c60   0x08006c60   0x000000c8   Data   RO         6460    .constdata          m_wm.l(rred.o)
    0x08006d28   0x08006d28   0x00000028   Data   RO         6464    .constdata          m_wm.l(sin_i.o)
    0x08006d50   0x08006d50   0x00000004   Data   RO         6520    .constdata          c_w.l(sys_io.o)
    0x08006d54   0x08006d54   0x00000004   Data   RO         6521    .constdata          c_w.l(sys_io.o)
    0x08006d58   0x08006d58   0x00000004   Data   RO         6522    .constdata          c_w.l(sys_io.o)
    0x08006d5c   0x08006d5c   0x00000059   Data   RO         6079    .conststring        mpu6050.o
    0x08006db5   0x08006db5   0x00000003   PAD
    0x08006db8   0x08006db8   0x00000020   Data   RO         6798    Region$$Table       anon$$obj.o


    Execution Region RW_IRAM1 (Exec base: 0x20000000, Load base: 0x08006dd8, Size: 0x000023c0, Max: 0x00020000, ABSOLUTE)

    Exec Addr    Load Addr    Size         Type   Attr      Idx    E Section Name        Object

    0x20000000   0x08006dd8   0x00000010   Data   RW         2677    .data               stm32f4xx_rcc.o
    0x20000010   0x08006de8   0x00000020   Data   RW         4830    .data               main.o
    0x20000030   0x08006e08   0x0000004c   Data   RW         5128    .data               os_core.o
    0x2000007c   0x08006e54   0x00000008   Data   RW         6019    .data               bsp_i2c.o
    0x20000084   0x08006e5c   0x00000050   Data   RW         6163    .data               mahonyahrs.o
    0x200000d4   0x08006eac   0x00000004   Data   RW         6400    .data               c_w.l(stdio_streams.o)
    0x200000d8   0x08006eb0   0x00000004   Data   RW         6401    .data               c_w.l(stdio_streams.o)
    0x200000dc   0x08006eb4   0x00000004   Data   RW         6402    .data               c_w.l(stdio_streams.o)
    0x200000e0        -       0x0000104c   Zero   RW         4829    .bss                main.o
    0x2000112c        -       0x00000b38   Zero   RW         5126    .bss                os_core.o
    0x20001c64        -       0x00000054   Zero   RW         6397    .bss                c_w.l(stdio_streams.o)
    0x20001cb8        -       0x00000054   Zero   RW         6398    .bss                c_w.l(stdio_streams.o)
    0x20001d0c        -       0x00000054   Zero   RW         6399    .bss                c_w.l(stdio_streams.o)
    0x20001d60        -       0x00000060   Zero   RW         6525    .bss                c_w.l(libspace.o)
    0x20001dc0        -       0x00000200   Zero   RW            2    HEAP                startup_stm32f40xx.o
    0x20001fc0        -       0x00000400   Zero   RW            1    STACK               startup_stm32f40xx.o


==============================================================================

Image component sizes


      Code (inc. data)   RO Data    RW Data    ZI Data      Debug   Object Name

       444         56          0          0          0       1422   apps.o
       924         34          0          0          0       3659   bsp_bluetooth.o
      1726        122          0          8          0       6211   bsp_i2c.o
        88          6          0          0          0       1314   hmc5883.o
      5204        224          0         80          0       6772   mahonyahrs.o
        72         18          0         32       4172      11888   main.o
       248         42         89          0          0       2510   mpu6050.o
      1864        348        256         76       2872      19809   os_core.o
       192         32          0          0          0        288   os_cpu_a.o
       548         14          0          0          0      41145   os_cpu_c.o
       280        184        116          0          0       3326   os_dbg_r.o
       124         14          0          0          0       1210   os_flag.o
        88         14          0          0          0        541   os_mem.o
        80          8          0          0          0        567   os_q.o
      1254        116          0          0          0       6904   os_task.o
       120         20          0          0          0        632   os_time.o
        64         26        392          0       1536        936   startup_stm32f40xx.o
       214          0          0          0          0       1867   stm32f4xx_gpio.o
       608         28          0          0          0       9491   stm32f4xx_i2c.o
        92          4          0          0          0       3557   stm32f4xx_it.o
       444         62          0         16          0       7741   stm32f4xx_rcc.o
       556         82          0          0          0       2690   stm32f4xx_tim.o
       270          8          0          0          0       3412   stm32f4xx_usart.o
       340         32          0          0          0     299557   system_stm32f4xx.o

    ----------------------------------------------------------------------
     15872       1494        892        212       8580     437449   Object Totals
         0          0         32          0          0          0   (incl. Generated)
        28          0          7          0          0          0   (incl. Padding)

    ----------------------------------------------------------------------

      Code (inc. data)   RO Data    RW Data    ZI Data      Debug   Library Member Name

         8          0          0          0          0         68   __main.o
       104          0          0          0          0         84   __printf.o
         0          0          0          0          0          0   __rtentry.o
        12          0          0          0          0          0   __rtentry2.o
         6          0          0          0          0          0   __rtentry4.o
        52          8          0          0          0          0   __scatter.o
        26          0          0          0          0          0   __scatter_copy.o
        28          0          0          0          0          0   __scatter_zi.o
        48          6          0          0          0         96   _printf_char_common.o
        36          4          0          0          0         80   _printf_char_file.o
         6          0          0          0          0          0   _printf_d.o
       120         16          0          0          0         92   _printf_dec.o
       178          0          0          0          0         88   _printf_intcommon.o
         0          0          0          0          0          0   _printf_percent.o
         4          0          0          0          0          0   _printf_percent_end.o
        22          0          0          0          0        100   _rserrno.o
        10          0          0          0          0         68   defsig_exit.o
        50          0          0          0          0         88   defsig_general.o
        80         58          0          0          0         76   defsig_rtmem_inner.o
        14          0          0          0          0         80   defsig_rtmem_outer.o
        52         38          0          0          0         76   defsig_rtred_inner.o
        14          0          0          0          0         80   defsig_rtred_outer.o
        18          0          0          0          0         80   exit.o
        76          0          0          0          0         88   fclose.o
         8          0          0          0          0         68   ferror.o
       236          4          0          0          0        128   fopen.o
       248          6          0          0          0         84   fseek.o
        66          0          0          0          0         76   ftell.o
        94          0          0          0          0         80   h1_alloc.o
        52          0          0          0          0         68   h1_extend.o
        78          0          0          0          0         80   h1_free.o
        14          0          0          0          0         84   h1_init.o
         6          0          0          0          0        152   heapauxi.o
         4          0          0          0          0        136   hguard.o
         0          0          0          0          0          0   indicate_semi.o
       138          0          0          0          0        168   init_alloc.o
       312         46          0          0          0        112   initio.o
         2          0          0          0          0          0   libinit.o
        18          0          0          0          0          0   libinit2.o
         2          0          0          0          0          0   libshutdown.o
         6          0          0          0          0          0   libshutdown2.o
         8          4          0          0         96         68   libspace.o
         0          0          0          0          0          0   maybetermalloc1.o
        24          4          0          0          0         84   noretval__2printf.o
         8          4          0          0          0         68   rt_errno_addr_intlibspace.o
         8          4          0          0          0         68   rt_heap_descriptor_intlibspace.o
        78          0          0          0          0         80   rt_memclr_w.o
         2          0          0          0          0          0   rtexit.o
        10          0          0          0          0          0   rtexit2.o
        70          0          0          0          0         80   setvbuf.o
       240          6          0          0          0        156   stdio.o
         0          0          0         12        252          0   stdio_streams.o
        62          0          0          0          0         76   strlen.o
        12          4          0          0          0         68   sys_exit.o
       102          0         12          0          0        240   sys_io.o
        74          0          0          0          0         80   sys_stackheap_outer.o
        14          0          0          0          0         76   sys_wrch.o
         2          0          0          0          0         68   use_no_semi.o
        24          0          0          0          0        164   basic.o
        98          4          0          0          0        140   d2f.o
       826         16          0          0          0        492   daddsub_clz.o
       688        140          0          0          0        256   ddiv.o
        94          4          0          0          0        140   dfix.o
        84          0          0          0          0        232   dflt_clz.o
       340         12          0          0          0        152   dmul.o
       156          4          0          0          0        140   dnaninf.o
        12          0          0          0          0        116   dretinf.o
       408         56          0          0          0        168   dsqrt_umaal.o
        86          4          0          0          0        132   f2d.o
       140          4          0          0          0        132   fnaninf.o
        10          0          0          0          0        116   fpinit.o
        10          0          0          0          0        116   fretinf.o
         0          0          0          0          0          0   usenofp.o
       864         94         80          0          0        280   asin.o
       744        106        152          0          0        352   atan.o
       496         64          0          0          0        192   atan2.o
       200         20          0          0          0        164   cos.o
       368         46         48          0          0        200   cos_i.o
       104         16          0          0          0        496   dunder.o
        24          0          0          0          0        124   fabs.o
        48          0          0          0          0        124   fpclassify.o
       248          0          0          0          0        152   poly.o
         0          0          8          0          0          0   qnan.o
      1080        142        200          0          0        188   rred.o
       200         20          0          0          0        164   sin.o
       304         24         40          0          0        208   sin_i.o
       110          0          0          0          0        148   sqrt.o
        58          0          0          0          0        136   sqrtf.o

    ----------------------------------------------------------------------
     10816        988        540         12        348       9116   Library Totals
        30          0          0          0          0          0   (incl. Padding)

    ----------------------------------------------------------------------

      Code (inc. data)   RO Data    RW Data    ZI Data      Debug   Library Name

      2962        212         12         12        348       3692   c_w.l
      2976        244          0          0          0       2496   fz_wm.l
      4848        532        528          0          0       2928   m_wm.l

    ----------------------------------------------------------------------
     10816        988        540         12        348       9116   Library Totals

    ----------------------------------------------------------------------

==============================================================================


      Code (inc. data)   RO Data    RW Data    ZI Data      Debug   

     26688       2482       1432        224       8928     430141   Grand Totals
     26688       2482       1432        224       8928     430141   ELF Image Totals
     26688       2482       1432        224          0          0   ROM Totals

==============================================================================

    Total RO  Size (Code + RO Data)                28120 (  27.46kB)
    Total RW  Size (RW Data + ZI Data)              9152 (   8.94kB)
    Total ROM Size (Code + RO Data + RW Data)      28344 (  27.68kB)

==============================================================================

