Component: ARM Compiler 5.06 update 6 (build 750) Tool: armlink [4d35ed]

==============================================================================

Section Cross References

    startup_stm32f40xx.o(RESET) refers to startup_stm32f40xx.o(STACK) for __initial_sp
    startup_stm32f40xx.o(RESET) refers to startup_stm32f40xx.o(.text) for Reset_Handler
    startup_stm32f40xx.o(RESET) refers to stm32f4xx_it.o(i.NMI_Handler) for NMI_Handler
    startup_stm32f40xx.o(RESET) refers to stm32f4xx_it.o(i.HardFault_Handler) for HardFault_Handler
    startup_stm32f40xx.o(RESET) refers to stm32f4xx_it.o(i.MemManage_Handler) for MemManage_Handler
    startup_stm32f40xx.o(RESET) refers to stm32f4xx_it.o(i.BusFault_Handler) for BusFault_Handler
    startup_stm32f40xx.o(RESET) refers to stm32f4xx_it.o(i.UsageFault_Handler) for UsageFault_Handler
    startup_stm32f40xx.o(RESET) refers to stm32f4xx_it.o(i.SVC_Handler) for SVC_Handler
    startup_stm32f40xx.o(RESET) refers to stm32f4xx_it.o(i.DebugMon_Handler) for DebugMon_Handler
    startup_stm32f40xx.o(RESET) refers to os_cpu_a.o(.text) for PendSV_Handler
    startup_stm32f40xx.o(RESET) refers to stm32f4xx_it.o(i.SysTick_Handler) for SysTick_Handler
    startup_stm32f40xx.o(.text) refers to system_stm32f4xx.o(i.SystemInit) for SystemInit
    startup_stm32f40xx.o(.text) refers to entry.o(.ARM.Collect$$$$00000000) for __main
    system_stm32f4xx.o(i.SystemCoreClockUpdate) refers to system_stm32f4xx.o(.data) for SystemCoreClock
    system_stm32f4xx.o(i.SystemInit) refers to system_stm32f4xx.o(i.SetSysClock) for SetSysClock
    stm32f4xx_adc.o(i.ADC_DeInit) refers to stm32f4xx_rcc.o(i.RCC_APB2PeriphResetCmd) for RCC_APB2PeriphResetCmd
    stm32f4xx_can.o(i.CAN_DeInit) refers to stm32f4xx_rcc.o(i.RCC_APB1PeriphResetCmd) for RCC_APB1PeriphResetCmd
    stm32f4xx_can.o(i.CAN_GetITStatus) refers to stm32f4xx_can.o(i.CheckITStatus) for CheckITStatus
    stm32f4xx_cryp.o(i.CRYP_DeInit) refers to stm32f4xx_rcc.o(i.RCC_AHB2PeriphResetCmd) for RCC_AHB2PeriphResetCmd
    stm32f4xx_cryp_aes.o(i.CRYP_AES_CBC) refers to stm32f4xx_cryp.o(i.CRYP_KeyStructInit) for CRYP_KeyStructInit
    stm32f4xx_cryp_aes.o(i.CRYP_AES_CBC) refers to stm32f4xx_cryp.o(i.CRYP_FIFOFlush) for CRYP_FIFOFlush
    stm32f4xx_cryp_aes.o(i.CRYP_AES_CBC) refers to stm32f4xx_cryp.o(i.CRYP_Init) for CRYP_Init
    stm32f4xx_cryp_aes.o(i.CRYP_AES_CBC) refers to stm32f4xx_cryp.o(i.CRYP_KeyInit) for CRYP_KeyInit
    stm32f4xx_cryp_aes.o(i.CRYP_AES_CBC) refers to stm32f4xx_cryp.o(i.CRYP_Cmd) for CRYP_Cmd
    stm32f4xx_cryp_aes.o(i.CRYP_AES_CBC) refers to stm32f4xx_cryp.o(i.CRYP_GetFlagStatus) for CRYP_GetFlagStatus
    stm32f4xx_cryp_aes.o(i.CRYP_AES_CBC) refers to stm32f4xx_cryp.o(i.CRYP_IVInit) for CRYP_IVInit
    stm32f4xx_cryp_aes.o(i.CRYP_AES_CBC) refers to stm32f4xx_cryp.o(i.CRYP_GetCmdStatus) for CRYP_GetCmdStatus
    stm32f4xx_cryp_aes.o(i.CRYP_AES_CBC) refers to stm32f4xx_cryp.o(i.CRYP_DataIn) for CRYP_DataIn
    stm32f4xx_cryp_aes.o(i.CRYP_AES_CBC) refers to stm32f4xx_cryp.o(i.CRYP_DataOut) for CRYP_DataOut
    stm32f4xx_cryp_aes.o(i.CRYP_AES_CCM) refers to stm32f4xx_cryp.o(i.CRYP_KeyStructInit) for CRYP_KeyStructInit
    stm32f4xx_cryp_aes.o(i.CRYP_AES_CCM) refers to stm32f4xx_cryp.o(i.CRYP_FIFOFlush) for CRYP_FIFOFlush
    stm32f4xx_cryp_aes.o(i.CRYP_AES_CCM) refers to stm32f4xx_cryp.o(i.CRYP_KeyInit) for CRYP_KeyInit
    stm32f4xx_cryp_aes.o(i.CRYP_AES_CCM) refers to stm32f4xx_cryp.o(i.CRYP_IVInit) for CRYP_IVInit
    stm32f4xx_cryp_aes.o(i.CRYP_AES_CCM) refers to stm32f4xx_cryp.o(i.CRYP_Init) for CRYP_Init
    stm32f4xx_cryp_aes.o(i.CRYP_AES_CCM) refers to stm32f4xx_cryp.o(i.CRYP_PhaseConfig) for CRYP_PhaseConfig
    stm32f4xx_cryp_aes.o(i.CRYP_AES_CCM) refers to stm32f4xx_cryp.o(i.CRYP_DataIn) for CRYP_DataIn
    stm32f4xx_cryp_aes.o(i.CRYP_AES_CCM) refers to stm32f4xx_cryp.o(i.CRYP_Cmd) for CRYP_Cmd
    stm32f4xx_cryp_aes.o(i.CRYP_AES_CCM) refers to stm32f4xx_cryp.o(i.CRYP_GetCmdStatus) for CRYP_GetCmdStatus
    stm32f4xx_cryp_aes.o(i.CRYP_AES_CCM) refers to stm32f4xx_cryp.o(i.CRYP_GetFlagStatus) for CRYP_GetFlagStatus
    stm32f4xx_cryp_aes.o(i.CRYP_AES_CCM) refers to stm32f4xx_cryp.o(i.CRYP_DataOut) for CRYP_DataOut
    stm32f4xx_cryp_aes.o(i.CRYP_AES_CTR) refers to stm32f4xx_cryp.o(i.CRYP_KeyStructInit) for CRYP_KeyStructInit
    stm32f4xx_cryp_aes.o(i.CRYP_AES_CTR) refers to stm32f4xx_cryp.o(i.CRYP_KeyInit) for CRYP_KeyInit
    stm32f4xx_cryp_aes.o(i.CRYP_AES_CTR) refers to stm32f4xx_cryp.o(i.CRYP_Init) for CRYP_Init
    stm32f4xx_cryp_aes.o(i.CRYP_AES_CTR) refers to stm32f4xx_cryp.o(i.CRYP_IVInit) for CRYP_IVInit
    stm32f4xx_cryp_aes.o(i.CRYP_AES_CTR) refers to stm32f4xx_cryp.o(i.CRYP_FIFOFlush) for CRYP_FIFOFlush
    stm32f4xx_cryp_aes.o(i.CRYP_AES_CTR) refers to stm32f4xx_cryp.o(i.CRYP_Cmd) for CRYP_Cmd
    stm32f4xx_cryp_aes.o(i.CRYP_AES_CTR) refers to stm32f4xx_cryp.o(i.CRYP_GetCmdStatus) for CRYP_GetCmdStatus
[...]
    .ARM.Collect$$$$00000001                 0x08000188   Section        4  entry2.o(.ARM.Collect$$$$00000001)
    .ARM.Collect$$$$00000004                 0x0800018c   Section        4  entry5.o(.ARM.Collect$$$$00000004)
    .ARM.Collect$$$$00000008                 0x08000190   Section        0  entry7b.o(.ARM.Collect$$$$00000008)
    .ARM.Collect$$$$0000000A                 0x08000190   Section        0  entry8b.o(.ARM.Collect$$$$0000000A)
    .ARM.Collect$$$$0000000B                 0x08000190   Section        8  entry9a.o(.ARM.Collect$$$$0000000B)
    .ARM.Collect$$$$0000000D                 0x08000198   Section        0  entry10a.o(.ARM.Collect$$$$0000000D)
    .ARM.Collect$$$$0000000F                 0x08000198   Section        0  entry11a.o(.ARM.Collect$$$$0000000F)
    .ARM.Collect$$$$00002712                 0x08000198   Section        4  entry2.o(.ARM.Collect$$$$00002712)
    __lit__00000000                          0x08000198   Data           4  entry2.o(.ARM.Collect$$$$00002712)
    .text                                    0x0800019c   Section       36  startup_stm32f40xx.o(.text)
    $v0                                      0x0800019c   Number         0  startup_stm32f40xx.o(.text)
    .text                                    0x080001c0   Section      192  os_cpu_a.o(.text)
    $v0                                      0x080001c0   Number         0  os_cpu_a.o(.text)
    .text                                    0x08000280   Section        0  dadd.o(.text)
    .text                                    0x080003ce   Section        0  dmul.o(.text)
    .text                                    0x080004b2   Section        0  dflti.o(.text)
    .text                                    0x080004d4   Section        0  f2d.o(.text)
    .text                                    0x080004fa   Section        0  d2f.o(.text)
    .text                                    0x08000532   Section        0  uidiv.o(.text)
    .text                                    0x0800055e   Section        0  llshl.o(.text)
    .text                                    0x0800057c   Section        0  llsshr.o(.text)
    .text                                    0x080005a0   Section        0  iusefp.o(.text)
    .text                                    0x080005a0   Section        0  fepilogue.o(.text)
    .text                                    0x0800060e   Section        0  depilogue.o(.text)
    .text                                    0x080006c8   Section        0  ddiv.o(.text)
    .text                                    0x080007a8   Section       36  init.o(.text)
    .text                                    0x080007cc   Section        0  llushr.o(.text)
    .text                                    0x080007ec   Section        0  dsqrt.o(.text)
    .text                                    0x0800088e   Section        0  dfltui.o(.text)
    .text                                    0x080008a8   Section        0  dfixi.o(.text)
    i.AHRS_Time_Init                         0x080008e6   Section        0  mahonyahrs.o(i.AHRS_Time_Init)
    i.Attitude_Update                        0x08000924   Section        0  mahonyahrs.o(i.Attitude_Update)
    i.BSP_Init                               0x08001128   Section        0  apps.o(i.BSP_Init)
    i.BusFault_Handler                       0x0800115c   Section        0  stm32f4xx_it.o(i.BusFault_Handler)
    i.Calib_Status                           0x08001160   Section        0  mahonyahrs.o(i.Calib_Status)
    i.DebugMon_Handler                       0x08001174   Section        0  stm32f4xx_it.o(i.DebugMon_Handler)
    i.Debug_USART_Config                     0x08001178   Section        0  bsp_bluetooth.o(i.Debug_USART_Config)
    i.GPIO_Init                              0x08001210   Section        0  stm32f4xx_gpio.o(i.GPIO_Init)
    i.GPIO_PinAFConfig                       0x080012a0   Section        0  stm32f4xx_gpio.o(i.GPIO_PinAFConfig)
    i.GY86_Read                              0x080012e8   Section        0  mahonyahrs.o(i.GY86_Read)
    i.Get_AHRS_Time                          0x08001488   Section        0  mahonyahrs.o(i.Get_AHRS_Time)
    i.HMC_Init                               0x080014c8   Section        0  hmc5883.o(i.HMC_Init)
    i.HMC_Read                               0x0800150c   Section        0  hmc5883.o(i.HMC_Read)
    i.HardFault_Handler                      0x08001520   Section        0  stm32f4xx_it.o(i.HardFault_Handler)
    i.I2C_AcknowledgeConfig                  0x08001524   Section        0  stm32f4xx_i2c.o(i.I2C_AcknowledgeConfig)
    i.I2C_CheckEvent                         0x0800153c   Section        0  stm32f4xx_i2c.o(i.I2C_CheckEvent)
    i.I2C_ClearFlag                          0x08001566   Section        0  stm32f4xx_i2c.o(i.I2C_ClearFlag)
    i.I2C_Cmd                                0x08001572   Section        0  stm32f4xx_i2c.o(i.I2C_Cmd)
    i.I2C_DeInit                             0x0800158c   Section        0  stm32f4xx_i2c.o(i.I2C_DeInit)
    i.I2C_GenerateSTART                      0x080015ec   Section        0  stm32f4xx_i2c.o(i.I2C_GenerateSTART)
    i.I2C_GenerateSTOP                       0x08001604   Section        0  stm32f4xx_i2c.o(i.I2C_GenerateSTOP)
    i.I2C_GetFlagStatus                      0x0800161c   Section        0  stm32f4xx_i2c.o(i.I2C_GetFlagStatus)
    i.I2C_Init                               0x08001658   Section        0  stm32f4xx_i2c.o(i.I2C_Init)
    i.I2C_ReadRegister                       0x08001740   Section        0  stm32f4xx_i2c.o(i.I2C_ReadRegister)
    i.I2C_ReceiveData                        0x08001756   Section        0  stm32f4xx_i2c.o(i.I2C_ReceiveData)
    i.I2C_Send7bitAddress                    0x0800175e   Section        0  stm32f4xx_i2c.o(i.I2C_Send7bitAddress)
    i.I2C_SendData                           0x0800176e   Section        0  stm32f4xx_i2c.o(i.I2C_SendData)
    i.I2C_SoftwareResetCmd                   0x08001772   Section        0  stm32f4xx_i2c.o(i.I2C_SoftwareResetCmd)
    i.I2Cx_TIMEOUT_UserCallback              0x08001788   Section        0  bsp_i2c.o(i.I2Cx_TIMEOUT_UserCallback)
    I2Cx_TIMEOUT_UserCallback                0x08001789   Thumb Code   102  bsp_i2c.o(i.I2Cx_TIMEOUT_UserCallback)
    i.IIC_Byte_Read                          0x08001828   Section        0  bsp_i2c.o(i.IIC_Byte_Read)
    i.IIC_Byte_Write                         0x08001bbc   Section        0  bsp_i2c.o(i.IIC_Byte_Write)
    i.IIC_Config                             0x08001cf4   Section        0  bsp_i2c.o(i.IIC_Config)
    i.MPU6050ReadAcc                         0x08001da0   Section        0  mpu6050.o(i.MPU6050ReadAcc)
    i.MPU6050ReadGyro                        0x08001db4   Section        0  mpu6050.o(i.MPU6050ReadGyro)
    i.MPU6050ReadID                          0x08001dc8   Section        0  mpu6050.o(i.MPU6050ReadID)
    i.MPU6050_Init                           0x08001e3c   Section        0  mpu6050.o(i.MPU6050_Init)
    i.MPU6050_Offset                         0x08001eb0   Section        0  mahonyahrs.o(i.MPU6050_Offset)
    i.MemManage_Handler                      0x0800205c   Section        0  stm32f4xx_it.o(i.MemManage_Handler)
    i.NMI_Handler                            0x08002060   Section        0  stm32f4xx_it.o(i.NMI_Handler)
    i.OSDebugInit                            0x08002080   Section        0  os_dbg_r.o(i.OSDebugInit)
    i.OSInit                                 0x08002198   Section        0  os_core.o(i.OSInit)
    i.OSInitHookBegin                        0x080021cc   Section        0  os_cpu_c.o(i.OSInitHookBegin)
    i.OSInitHookEnd                          0x080021ce   Section        0  os_cpu_c.o(i.OSInitHookEnd)
    i.OSIntExit                              0x080021d0   Section        0  os_core.o(i.OSIntExit)
    i.OSStart                                0x08002260   Section        0  os_core.o(i.OSStart)
    i.OSTCBInitHook                          0x080022a8   Section        0  os_cpu_c.o(i.OSTCBInitHook)
    i.OSTaskCreate                           0x080022ac   Section        0  os_task.o(i.OSTaskCreate)
    i.OSTaskCreateExt                        0x08002354   Section        0  os_task.o(i.OSTaskCreateExt)
    i.OSTaskCreateHook                       0x08002414   Section        0  os_cpu_c.o(i.OSTaskCreateHook)
    i.OSTaskDel                              0x08002418   Section        0  os_task.o(i.OSTaskDel)
    i.OSTaskDelHook                          0x08002584   Section        0  os_cpu_c.o(i.OSTaskDelHook)
    i.OSTaskIdleHook                         0x08002586   Section        0  os_cpu_c.o(i.OSTaskIdleHook)
    i.OSTaskNameSet                          0x08002588   Section        0  os_task.o(i.OSTaskNameSet)
    i.OSTaskReturnHook                       0x0800260c   Section        0  os_cpu_c.o(i.OSTaskReturnHook)
    i.OSTaskStatHook                         0x0800260e   Section        0  os_cpu_c.o(i.OSTaskStatHook)
    i.OSTaskStkChk                           0x08002610   Section        0  os_task.o(i.OSTaskStkChk)
    i.OSTaskStkInit                          0x080026b0   Section        0  os_cpu_c.o(i.OSTaskStkInit)
    i.OSTaskSuspend                          0x08002860   Section        0  os_task.o(i.OSTaskSuspend)
    i.OSTaskSwHook                           0x0800291c   Section        0  os_cpu_c.o(i.OSTaskSwHook)
    i.OSTimeDly                              0x08002920   Section        0  os_time.o(i.OSTimeDly)
    i.OSTimeTick                             0x08002998   Section        0  os_core.o(i.OSTimeTick)
    i.OSTimeTickHook                         0x08002a84   Section        0  os_cpu_c.o(i.OSTimeTickHook)
    i.OS_CPU_SysTickInit                     0x08002a88   Section        0  os_cpu_c.o(i.OS_CPU_SysTickInit)
    i.OS_Dummy                               0x08002ae8   Section        0  os_core.o(i.OS_Dummy)
    i.OS_EventTaskRemove                     0x08002aea   Section        0  os_core.o(i.OS_EventTaskRemove)
    i.OS_EventTaskRemoveMulti                0x08002b14   Section        0  os_core.o(i.OS_EventTaskRemoveMulti)
    i.OS_FlagInit                            0x08002b50   Section        0  os_flag.o(i.OS_FlagInit)
    i.OS_FlagUnlink                          0x08002ba8   Section        0  os_flag.o(i.OS_FlagUnlink)
    i.OS_InitEventList                       0x08002bcc   Section        0  os_core.o(i.OS_InitEventList)
    OS_InitEventList                         0x08002bcd   Thumb Code    82  os_core.o(i.OS_InitEventList)
    i.OS_InitMisc                            0x08002c2c   Section        0  os_core.o(i.OS_InitMisc)
    OS_InitMisc                              0x08002c2d   Thumb Code    44  os_core.o(i.OS_InitMisc)
    i.OS_InitRdyList                         0x08002c80   Section        0  os_core.o(i.OS_InitRdyList)
    OS_InitRdyList                           0x08002c81   Thumb Code    44  os_core.o(i.OS_InitRdyList)
    i.OS_InitTCBList                         0x08002cc4   Section        0  os_core.o(i.OS_InitTCBList)
    OS_InitTCBList                           0x08002cc5   Thumb Code   106  os_core.o(i.OS_InitTCBList)
    i.OS_InitTaskIdle                        0x08002d44   Section        0  os_core.o(i.OS_InitTaskIdle)
    OS_InitTaskIdle                          0x08002d45   Thumb Code    50  os_core.o(i.OS_InitTaskIdle)
    i.OS_InitTaskStat                        0x08002d94   Section        0  os_core.o(i.OS_InitTaskStat)
    OS_InitTaskStat                          0x08002d95   Thumb Code    50  os_core.o(i.OS_InitTaskStat)
    i.OS_MemClr                              0x08002de4   Section        0  os_core.o(i.OS_MemClr)
    i.OS_MemInit                             0x08002df8   Section        0  os_mem.o(i.OS_MemInit)
    i.OS_QInit                               0x08002e50   Section        0  os_q.o(i.OS_QInit)
    i.OS_Sched                               0x08002ea0   Section        0  os_core.o(i.OS_Sched)
    i.OS_SchedNew                            0x08002f14   Section        0  os_core.o(i.OS_SchedNew)
    OS_SchedNew                              0x08002f15   Thumb Code    26  os_core.o(i.OS_SchedNew)
    i.OS_TCBInit                             0x08002f40   Section        0  os_core.o(i.OS_TCBInit)
    i.OS_TaskIdle                            0x08003074   Section        0  os_core.o(i.OS_TaskIdle)
    i.OS_TaskReturn                          0x0800309c   Section        0  os_task.o(i.OS_TaskReturn)
    i.OS_TaskStat                            0x080030b4   Section        0  os_core.o(i.OS_TaskStat)
    i.OS_TaskStatStkChk                      0x0800313c   Section        0  os_core.o(i.OS_TaskStatStkChk)
    i.OS_TaskStkClr                          0x08003178   Section        0  os_task.o(i.OS_TaskStkClr)
    i.Open_Calib                             0x08003194   Section        0  mahonyahrs.o(i.Open_Calib)
    i.Quat_Init                              0x080031a8   Section        0  mahonyahrs.o(i.Quat_Init)
    i.RCC_AHB1PeriphClockCmd                 0x080039cc   Section        0  stm32f4xx_rcc.o(i.RCC_AHB1PeriphClockCmd)
    i.RCC_APB1PeriphClockCmd                 0x080039ec   Section        0  stm32f4xx_rcc.o(i.RCC_APB1PeriphClockCmd)
    i.RCC_APB1PeriphResetCmd                 0x08003a0c   Section        0  stm32f4xx_rcc.o(i.RCC_APB1PeriphResetCmd)
    i.RCC_APB2PeriphResetCmd                 0x08003a2c   Section        0  stm32f4xx_rcc.o(i.RCC_APB2PeriphResetCmd)
    i.RCC_ClearITPendingBit                  0x08003a4c   Section        0  stm32f4xx_rcc.o(i.RCC_ClearITPendingBit)
    i.RCC_GetClocksFreq                      0x08003a58   Section        0  stm32f4xx_rcc.o(i.RCC_GetClocksFreq)
    i.RCC_GetITStatus                        0x08003b40   Section        0  stm32f4xx_rcc.o(i.RCC_GetITStatus)
    i.RCC_HSEConfig                          0x08003b58   Section        0  stm32f4xx_rcc.o(i.RCC_HSEConfig)
    i.RCC_ITConfig                           0x08003b68   Section        0  stm32f4xx_rcc.o(i.RCC_ITConfig)
    i.SVC_Handler                            0x08003b88   Section        0  stm32f4xx_it.o(i.SVC_Handler)
    i.Send_Attitude                          0x08003b8c   Section        0  bsp_bluetooth.o(i.Send_Attitude)
    i.Send_Senser                            0x08003cec   Section        0  bsp_bluetooth.o(i.Send_Senser)
    i.Sensor_Read                            0x08003e40   Section        0  bsp_i2c.o(i.Sensor_Read)
    i.Sensor_Write                           0x08003e8c   Section        0  bsp_i2c.o(i.Sensor_Write)
    i.SetSysClock                            0x08003edc   Section        0  system_stm32f4xx.o(i.SetSysClock)
    SetSysClock                              0x08003edd   Thumb Code   220  system_stm32f4xx.o(i.SetSysClock)
    i.Soft_Dely                              0x08003fc8   Section        0  bsp_i2c.o(i.Soft_Dely)
    i.SysTick_Handler                        0x08003fd4   Section        0  stm32f4xx_it.o(i.SysTick_Handler)
    i.SystemInit                             0x08003ffc   Section        0  system_stm32f4xx.o(i.SystemInit)
    i.TIM_Cmd                                0x08004064   Section        0  stm32f4xx_tim.o(i.TIM_Cmd)
    i.TIM_DeInit                             0x0800407c   Section        0  stm32f4xx_tim.o(i.TIM_DeInit)
    i.TIM_TimeBaseInit                       0x0800420c   Section        0  stm32f4xx_tim.o(i.TIM_TimeBaseInit)
    i.Task_AHRS                              0x08004290   Section        0  apps.o(i.Task_AHRS)
    i.Task_COM                               0x08004344   Section        0  apps.o(i.Task_COM)
    i.USART_Cmd                              0x08004418   Section        0  stm32f4xx_usart.o(i.USART_Cmd)
    i.USART_GetFlagStatus                    0x08004430   Section        0  stm32f4xx_usart.o(i.USART_GetFlagStatus)
    i.USART_Init                             0x0800444c   Section        0  stm32f4xx_usart.o(i.USART_Init)
    i.USART_NItSend                          0x08004520   Section        0  bsp_bluetooth.o(i.USART_NItSend)
    i.USART_SendData                         0x0800454c   Section        0  stm32f4xx_usart.o(i.USART_SendData)
    i.UsageFault_Handler                     0x08004554   Section        0  stm32f4xx_it.o(i.UsageFault_Handler)
    i.__0printf$1                            0x08004558   Section        0  printf1.o(i.__0printf$1)
    i.__ARM_fpclassify                       0x08004578   Section        0  fpclassify.o(i.__ARM_fpclassify)
    i.__hardfp_asin                          0x080045a8   Section        0  asin.o(i.__hardfp_asin)
    i.__hardfp_atan                          0x08004908   Section        0  atan.o(i.__hardfp_atan)
    i.__hardfp_atan2                         0x08004be0   Section        0  atan2.o(i.__hardfp_atan2)
    i.__hardfp_cos                           0x08004dd0   Section        0  cos.o(i.__hardfp_cos)
    i.__hardfp_sin                           0x08004e98   Section        0  sin.o(i.__hardfp_sin)
    i.__hardfp_sqrtf                         0x08004f60   Section        0  sqrtf.o(i.__hardfp_sqrtf)
    i.__ieee754_rem_pio2                     0x08004fa0   Section        0  rred.o(i.__ieee754_rem_pio2)
    i.__kernel_cos                           0x080053d8   Section        0  cos_i.o(i.__kernel_cos)
    i.__kernel_poly                          0x08005548   Section        0  poly.o(i.__kernel_poly)
    i.__kernel_sin                           0x08005640   Section        0  sin_i.o(i.__kernel_sin)
    i.__mathlib_dbl_infnan                   0x08005770   Section        0  dunder.o(i.__mathlib_dbl_infnan)
    i.__mathlib_dbl_infnan2                  0x08005784   Section        0  dunder.o(i.__mathlib_dbl_infnan2)
    i.__mathlib_dbl_invalid                  0x08005798   Section        0  dunder.o(i.__mathlib_dbl_invalid)
    i.__mathlib_dbl_underflow                0x080057b8   Section        0  dunder.o(i.__mathlib_dbl_underflow)
    i.__scatterload_copy                     0x080057d8   Section       14  handlers.o(i.__scatterload_copy)
    i.__scatterload_null                     0x080057e6   Section        2  handlers.o(i.__scatterload_null)
    i.__scatterload_zeroinit                 0x080057e8   Section       14  handlers.o(i.__scatterload_zeroinit)
    i.__set_errno                            0x080057f8   Section        0  errno.o(i.__set_errno)
    i._printf_core                           0x08005804   Section        0  printf1.o(i._printf_core)
    _printf_core                             0x08005805   Thumb Code   336  printf1.o(i._printf_core)
    i.atan                                   0x08005958   Section        0  atan.o(i.atan)
    i.fabs                                   0x08005968   Section        0  fabs.o(i.fabs)
    i.fputc                                  0x08005980   Section        0  bsp_bluetooth.o(i.fputc)
    i.invSqrt                                0x080059a4   Section        0  mahonyahrs.o(i.invSqrt)
    i.main                                   0x080059e0   Section        0  main.o(i.main)
    i.sqrt                                   0x08005a28   Section        0  sqrt.o(i.sqrt)
    .constdata                               0x08005a98   Section      116  os_dbg_r.o(.constdata)
    .constdata                               0x08005b0c   Section      256  os_core.o(.constdata)
    .constdata                               0x08005c10   Section       80  asin.o(.constdata)
    pS                                       0x08005c10   Data          48  asin.o(.constdata)
    qS                                       0x08005c40   Data          32  asin.o(.constdata)
    .constdata                               0x08005c60   Section      152  atan.o(.constdata)
    atanhi                                   0x08005c60   Data          32  atan.o(.constdata)
    atanlo                                   0x08005c80   Data          32  atan.o(.constdata)
    aTodd                                    0x08005ca0   Data          40  atan.o(.constdata)
    aTeven                                   0x08005cc8   Data          48  atan.o(.constdata)
    .constdata                               0x08005cf8   Section       48  cos_i.o(.constdata)
    C                                        0x08005cf8   Data          48  cos_i.o(.constdata)
    .constdata                               0x08005d28   Section        8  qnan.o(.constdata)
    .constdata                               0x08005d30   Section      200  rred.o(.constdata)
    pio2s                                    0x08005d30   Data          48  rred.o(.constdata)
    twooverpi                                0x08005d60   Data         152  rred.o(.constdata)
    .constdata                               0x08005df8   Section       40  sin_i.o(.constdata)
    S                                        0x08005df8   Data          40  sin_i.o(.constdata)
    .data                                    0x20000000   Section       16  stm32f4xx_rcc.o(.data)
    APBAHBPrescTable                         0x20000000   Data          16  stm32f4xx_rcc.o(.data)
    .data                                    0x20000010   Section       32  main.o(.data)
    .data                                    0x20000030   Section       76  os_core.o(.data)
    .data                                    0x2000007c   Section        8  bsp_i2c.o(.data)
    NUM                                      0x2000007c   Data           4  bsp_i2c.o(.data)
    NUM                                      0x20000080   Data           4  bsp_i2c.o(.data)
    .data                                    0x20000084   Section       80  mahonyahrs.o(.data)
    ACC_X                                    0x200000b0   Data           4  mahonyahrs.o(.data)
    ACC_Y                                    0x200000b4   Data           4  mahonyahrs.o(.data)
    ACC_Z                                    0x200000b8   Data           4  mahonyahrs.o(.data)
    count_acc                                0x200000bc   Data           1  mahonyahrs.o(.data)
    GYRO_X                                   0x200000c0   Data           4  mahonyahrs.o(.data)
    GYRO_Y                                   0x200000c4   Data           4  mahonyahrs.o(.data)
    GYRO_Z                                   0x200000c8   Data           4  mahonyahrs.o(.data)
    count_gyro                               0x200000cc   Data           1  mahonyahrs.o(.data)
    now                                      0x200000d0   Data           4  mahonyahrs.o(.data)
    .data                                    0x200000d4   Section        4  stdout.o(.data)
    .data                                    0x200000d8   Section        4  errno.o(.data)
    _errno                                   0x200000d8   Data           4  errno.o(.data)
    .bss                                     0x200000dc   Section     4172  main.o(.bss)
    .bss                                     0x20001128   Section     2872  os_core.o(.bss)
    STACK                                    0x20001c60   Section     1024  startup_stm32f40xx.o(STACK)

    Global Symbols

    Symbol Name                              Value     Ov Type        Size  Object(Section)

    BuildAttributes$$THM_ISAv4$E$P$D$K$B$S$7EM$VFPi3$EXTD16$VFPS$VFMA$PE$A:L22UL41UL21$X:L11$S22US41US21$IEEE1$IW$USESV6$~STKCKD$USESV7$~SHL$OTIME$ROPI$IEEEX$EBA8$MICROLIB$REQ8$PRES8$EABIv2 0x00000000   Number         0  anon$$obj.o ABSOLUTE
    __ARM_use_no_argv                        0x00000000   Number         0  main.o ABSOLUTE
    _printf_a                                0x00000000   Number         0  stubs.o ABSOLUTE
    _printf_c                                0x00000000   Number         0  stubs.o ABSOLUTE
    _printf_charcount                        0x00000000   Number         0  stubs.o ABSOLUTE
    _printf_d                                0x00000000   Number         0  stubs.o ABSOLUTE
    _printf_e                                0x00000000   Number         0  stubs.o ABSOLUTE
    _printf_f                                0x00000000   Number         0  stubs.o ABSOLUTE
    _printf_flags                            0x00000000   Number         0  stubs.o ABSOLUTE
    _printf_fp_dec                           0x00000000   Number         0  stubs.o ABSOLUTE
    _printf_fp_hex                           0x00000000   Number         0  stubs.o ABSOLUTE
    _printf_g                                0x00000000   Number         0  stubs.o ABSOLUTE
    _printf_i                                0x00000000   Number         0  stubs.o ABSOLUTE
    _printf_int_dec                          0x00000000   Number         0  stubs.o ABSOLUTE
    _printf_l                                0x00000000   Number         0  stubs.o ABSOLUTE
    _printf_lc                               0x00000000   Number         0  stubs.o ABSOLUTE
    _printf_ll                               0x00000000   Number         0  stubs.o ABSOLUTE
    _printf_lld                              0x00000000   Number         0  stubs.o ABSOLUTE
    _printf_lli                              0x00000000   Number         0  stubs.o ABSOLUTE
    _printf_llo                              0x00000000   Number         0  stubs.o ABSOLUTE
    _printf_llu                              0x00000000   Number         0  stubs.o ABSOLUTE
    _printf_llx                              0x00000000   Number         0  stubs.o ABSOLUTE
    _printf_longlong_dec                     0x00000000   Number         0  stubs.o ABSOLUTE
    _printf_longlong_hex                     0x00000000   Number         0  stubs.o ABSOLUTE
    _printf_longlong_oct                     0x00000000   Number         0  stubs.o ABSOLUTE
    _printf_ls                               0x00000000   Number         0  stubs.o ABSOLUTE
    _printf_mbtowc                           0x00000000   Number         0  stubs.o ABSOLUTE
    _printf_n                                0x00000000   Number         0  stubs.o ABSOLUTE
    _printf_o                                0x00000000   Number         0  stubs.o ABSOLUTE
    _printf_p                                0x00000000   Number         0  stubs.o ABSOLUTE
    _printf_percent                          0x00000000   Number         0  stubs.o ABSOLUTE
    _printf_pre_padding                      0x00000000   Number         0  stubs.o ABSOLUTE
    _printf_return_value                     0x00000000   Number         0  stubs.o ABSOLUTE
    _printf_s                                0x00000000   Number         0  stubs.o ABSOLUTE
    _printf_sizespec                         0x00000000   Number         0  stubs.o ABSOLUTE
    _printf_str                              0x00000000   Number         0  stubs.o ABSOLUTE
    _printf_truncate_signed                  0x00000000   Number         0  stubs.o ABSOLUTE
    _printf_truncate_unsigned                0x00000000   Number         0  stubs.o ABSOLUTE
    _printf_u                                0x00000000   Number         0  stubs.o ABSOLUTE
    _printf_wc                               0x00000000   Number         0  stubs.o ABSOLUTE
    _printf_wctomb                           0x00000000   Number         0  stubs.o ABSOLUTE
    _printf_widthprec                        0x00000000   Number         0  stubs.o ABSOLUTE
    _printf_x                                0x00000000   Number         0  stubs.o ABSOLUTE
    __cpp_initialize__aeabi_                  - Undefined Weak Reference
    __cxa_finalize                            - Undefined Weak Reference
    __decompress                              - Undefined Weak Reference
    _clock_init                               - Undefined Weak Reference
    _microlib_exit                            - Undefined Weak Reference
    __Vectors_Size                           0x00000188   Number         0  startup_stm32f40xx.o ABSOLUTE
    __Vectors                                0x08000000   Data           4  startup_stm32f40xx.o(RESET)
    __Vectors_End                            0x08000188   Data           0  startup_stm32f40xx.o(RESET)
    __main                                   0x08000189   Thumb Code     0  entry.o(.ARM.Collect$$$$00000000)
    _main_stk                                0x08000189   Thumb Code     0  entry2.o(.ARM.Collect$$$$00000001)
    _main_scatterload                        0x0800018d   Thumb Code     0  entry5.o(.ARM.Collect$$$$00000004)
    __main_after_scatterload                 0x08000191   Thumb Code     0  entry5.o(.ARM.Collect$$$$00000004)
    _main_clock                              0x08000191   Thumb Code     0  entry7b.o(.ARM.Collect$$$$00000008)
    _main_cpp_init                           0x08000191   Thumb Code     0  entry8b.o(.ARM.Collect$$$$0000000A)
    _main_init                               0x08000191   Thumb Code     0  entry9a.o(.ARM.Collect$$$$0000000B)
    __rt_final_cpp                           0x08000199   Thumb Code     0  entry10a.o(.ARM.Collect$$$$0000000D)
    __rt_final_exit                          0x08000199   Thumb Code     0  entry11a.o(.ARM.Collect$$$$0000000F)
    Reset_Handler                            0x0800019d   Thumb Code     8  startup_stm32f40xx.o(.text)
    ADC_IRQHandler                           0x080001b7   Thumb Code     0  startup_stm32f40xx.o(.text)
    CAN1_RX0_IRQHandler                      0x080001b7   Thumb Code     0  startup_stm32f40xx.o(.text)
    CAN1_RX1_IRQHandler                      0x080001b7   Thumb Code     0  startup_stm32f40xx.o(.text)
    CAN1_SCE_IRQHandler                      0x080001b7   Thumb Code     0  startup_stm32f40xx.o(.text)
    CAN1_TX_IRQHandler                       0x080001b7   Thumb Code     0  startup_stm32f40xx.o(.text)
    CAN2_RX0_IRQHandler                      0x080001b7   Thumb Code     0  startup_stm32f40xx.o(.text)
    CAN2_RX1_IRQHandler                      0x080001b7   Thumb Code     0  startup_stm32f40xx.o(.text)
    CAN2_SCE_IRQHandler                      0x080001b7   Thumb Code     0  startup_stm32f40xx.o(.text)
    CAN2_TX_IRQHandler                       0x080001b7   Thumb Code     0  startup_stm32f40xx.o(.text)
    CRYP_IRQHandler                          0x080001b7   Thumb Code     0  startup_stm32f40xx.o(.text)
    DCMI_IRQHandler                          0x080001b7   Thumb Code     0  startup_stm32f40xx.o(.text)
    DMA1_Stream0_IRQHandler                  0x080001b7   Thumb Code     0  startup_stm32f40xx.o(.text)
    DMA1_Stream1_IRQHandler                  0x080001b7   Thumb Code     0  startup_stm32f40xx.o(.text)
    DMA1_Stream2_IRQHandler                  0x080001b7   Thumb Code     0  startup_stm32f40xx.o(.text)
    DMA1_Stream3_IRQHandler                  0x080001b7   Thumb Code     0  startup_stm32f40xx.o(.text)
    DMA1_Stream4_IRQHandler                  0x080001b7   Thumb Code     0  startup_stm32f40xx.o(.text)
    DMA1_Stream5_IRQHandler                  0x080001b7   Thumb Code     0  startup_stm32f40xx.o(.text)
    DMA1_Stream6_IRQHandler                  0x080001b7   Thumb Code     0  startup_stm32f40xx.o(.text)
    DMA1_Stream7_IRQHandler                  0x080001b7   Thumb Code     0  startup_stm32f40xx.o(.text)
    DMA2_Stream0_IRQHandler                  0x080001b7   Thumb Code     0  startup_stm32f40xx.o(.text)
    DMA2_Stream1_IRQHandler                  0x080001b7   Thumb Code     0  startup_stm32f40xx.o(.text)
    DMA2_Stream2_IRQHandler                  0x080001b7   Thumb Code     0  startup_stm32f40xx.o(.text)
    DMA2_Stream3_IRQHandler                  0x080001b7   Thumb Code     0  startup_stm32f40xx.o(.text)
    DMA2_Stream4_IRQHandler                  0x080001b7   Thumb Code     0  startup_stm32f40xx.o(.text)
    DMA2_Stream5_IRQHandler                  0x080001b7   Thumb Code     0  startup_stm32f40xx.o(.text)
    DMA2_Stream6_IRQHandler                  0x080001b7   Thumb Code     0  startup_stm32f40xx.o(.text)
    DMA2_Stream7_IRQHandler                  0x080001b7   Thumb Code     0  startup_stm32f40xx.o(.text)
    ETH_IRQHandler                           0x080001b7   Thumb Code     0  startup_stm32f40xx.o(.text)
    ETH_WKUP_IRQHandler                      0x080001b7   Thumb Code     0  startup_stm32f40xx.o(.text)
    EXTI0_IRQHandler                         0x080001b7   Thumb Code     0  startup_stm32f40xx.o(.text)
    EXTI15_10_IRQHandler                     0x080001b7   Thumb Code     0  startup_stm32f40xx.o(.text)
    EXTI1_IRQHandler                         0x080001b7   Thumb Code     0  startup_stm32f40xx.o(.text)
    EXTI2_IRQHandler                         0x080001b7   Thumb Code     0  startup_stm32f40xx.o(.text)
    EXTI3_IRQHandler                         0x080001b7   Thumb Code     0  startup_stm32f40xx.o(.text)
    EXTI4_IRQHandler                         0x080001b7   Thumb Code     0  startup_stm32f40xx.o(.text)
    EXTI9_5_IRQHandler                       0x080001b7   Thumb Code     0  startup_stm32f40xx.o(.text)
    FLASH_IRQHandler                         0x080001b7   Thumb Code     0  startup_stm32f40xx.o(.text)
    FPU_IRQHandler                           0x080001b7   Thumb Code     0  startup_stm32f40xx.o(.text)
    FSMC_IRQHandler                          0x080001b7   Thumb Code     0  startup_stm32f40xx.o(.text)
    HASH_RNG_IRQHandler                      0x080001b7   Thumb Code     0  startup_stm32f40xx.o(.text)
    I2C1_ER_IRQHandler                       0x080001b7   Thumb Code     0  startup_stm32f40xx.o(.text)
    I2C1_EV_IRQHandler                       0x080001b7   Thumb Code     0  startup_stm32f40xx.o(.text)
    I2C2_ER_IRQHandler                       0x080001b7   Thumb Code     0  startup_stm32f40xx.o(.text)
    I2C2_EV_IRQHandler                       0x080001b7   Thumb Code     0  startup_stm32f40xx.o(.text)
    I2C3_ER_IRQHandler                       0x080001b7   Thumb Code     0  startup_stm32f40xx.o(.text)
    I2C3_EV_IRQHandler                       0x080001b7   Thumb Code     0  startup_stm32f40xx.o(.text)
    OTG_FS_IRQHandler                        0x080001b7   Thumb Code     0  startup_stm32f40xx.o(.text)
    OTG_FS_WKUP_IRQHandler                   0x080001b7   Thumb Code     0  startup_stm32f40xx.o(.text)
    OTG_HS_EP1_IN_IRQHandler                 0x080001b7   Thumb Code     0  startup_stm32f40xx.o(.text)
    OTG_HS_EP1_OUT_IRQHandler                0x080001b7   Thumb Code     0  startup_stm32f40xx.o(.text)
    OTG_HS_IRQHandler                        0x080001b7   Thumb Code     0  startup_stm32f40xx.o(.text)
    OTG_HS_WKUP_IRQHandler                   0x080001b7   Thumb Code     0  startup_stm32f40xx.o(.text)
    PVD_IRQHandler                           0x080001b7   Thumb Code     0  startup_stm32f40xx.o(.text)
    RCC_IRQHandler                           0x080001b7   Thumb Code     0  startup_stm32f40xx.o(.text)
    RTC_Alarm_IRQHandler                     0x080001b7   Thumb Code     0  startup_stm32f40xx.o(.text)
    RTC_WKUP_IRQHandler                      0x080001b7   Thumb Code     0  startup_stm32f40xx.o(.text)
    SDIO_IRQHandler                          0x080001b7   Thumb Code     0  startup_stm32f40xx.o(.text)
    SPI1_IRQHandler                          0x080001b7   Thumb Code     0  startup_stm32f40xx.o(.text)
    SPI2_IRQHandler                          0x080001b7   Thumb Code     0  startup_stm32f40xx.o(.text)
    SPI3_IRQHandler                          0x080001b7   Thumb Code     0  startup_stm32f40xx.o(.text)
    TAMP_STAMP_IRQHandler                    0x080001b7   Thumb Code     0  startup_stm32f40xx.o(.text)
    TIM1_BRK_TIM9_IRQHandler                 0x080001b7   Thumb Code     0  startup_stm32f40xx.o(.text)
    TIM1_CC_IRQHandler                       0x080001b7   Thumb Code     0  startup_stm32f40xx.o(.text)
    TIM1_TRG_COM_TIM11_IRQHandler            0x080001b7   Thumb Code     0  startup_stm32f40xx.o(.text)
    TIM1_UP_TIM10_IRQHandler                 0x080001b7   Thumb Code     0  startup_stm32f40xx.o(.text)
    TIM2_IRQHandler                          0x080001b7   Thumb Code     0  startup_stm32f40xx.o(.text)
    TIM3_IRQHandler                          0x080001b7   Thumb Code     0  startup_stm32f40xx.o(.text)
    TIM4_IRQHandler                          0x080001b7   Thumb Code     0  startup_stm32f40xx.o(.text)
    TIM5_IRQHandler                          0x080001b7   Thumb Code     0  startup_stm32f40xx.o(.text)
    TIM6_DAC_IRQHandler                      0x080001b7   Thumb Code     0  startup_stm32f40xx.o(.text)
    TIM7_IRQHandler                          0x080001b7   Thumb Code     0  startup_stm32f40xx.o(.text)
    TIM8_BRK_TIM12_IRQHandler                0x080001b7   Thumb Code     0  startup_stm32f40xx.o(.text)
    TIM8_CC_IRQHandler                       0x080001b7   Thumb Code     0  startup_stm32f40xx.o(.text)
    TIM8_TRG_COM_TIM14_IRQHandler            0x080001b7   Thumb Code     0  startup_stm32f40xx.o(.text)
    TIM8_UP_TIM13_IRQHandler                 0x080001b7   Thumb Code     0  startup_stm32f40xx.o(.text)
    UART4_IRQHandler                         0x080001b7   Thumb Code     0  startup_stm32f40xx.o(.text)
    UART5_IRQHandler                         0x080001b7   Thumb Code     0  startup_stm32f40xx.o(.text)
    USART1_IRQHandler                        0x080001b7   Thumb Code     0  startup_stm32f40xx.o(.text)
    USART2_IRQHandler                        0x080001b7   Thumb Code     0  startup_stm32f40xx.o(.text)
    USART3_IRQHandler                        0x080001b7   Thumb Code     0  startup_stm32f40xx.o(.text)
    USART6_IRQHandler                        0x080001b7   Thumb Code     0  startup_stm32f40xx.o(.text)
    WWDG_IRQHandler                          0x080001b7   Thumb Code     0  startup_stm32f40xx.o(.text)
    OS_CPU_SR_Save                           0x080001c1   Thumb Code     0  os_cpu_a.o(.text)
    OS_CPU_SR_Restore                        0x080001c9   Thumb Code     0  os_cpu_a.o(.text)
    OSStartHighRdy                           0x080001cf   Thumb Code     0  os_cpu_a.o(.text)
    OSCtxSw                                  0x080001ef   Thumb Code     0  os_cpu_a.o(.text)
    OSIntCtxSw                               0x080001f9   Thumb Code     0  os_cpu_a.o(.text)
    PendSV_Handler                           0x08000203   Thumb Code     0  os_cpu_a.o(.text)
    __aeabi_dadd                             0x08000281   Thumb Code   322  dadd.o(.text)
    __aeabi_dsub                             0x080003c3   Thumb Code     6  dadd.o(.text)
    __aeabi_drsub                            0x080003c9   Thumb Code     6  dadd.o(.text)
    __aeabi_dmul                             0x080003cf   Thumb Code   228  dmul.o(.text)
    __aeabi_i2d                              0x080004b3   Thumb Code    34  dflti.o(.text)
    __aeabi_f2d                              0x080004d5   Thumb Code    38  f2d.o(.text)
    __aeabi_d2f                              0x080004fb   Thumb Code    56  d2f.o(.text)
    __aeabi_uidiv                            0x08000533   Thumb Code     0  uidiv.o(.text)
    __aeabi_uidivmod                         0x08000533   Thumb Code    44  uidiv.o(.text)
    __aeabi_llsl                             0x0800055f   Thumb Code    30  llshl.o(.text)
    _ll_shift_l                              0x0800055f   Thumb Code     0  llshl.o(.text)
    __aeabi_lasr                             0x0800057d   Thumb Code    36  llsshr.o(.text)
    _ll_sshift_r                             0x0800057d   Thumb Code     0  llsshr.o(.text)
    __I$use$fp                               0x080005a1   Thumb Code     0  iusefp.o(.text)
    _float_round                             0x080005a1   Thumb Code    18  fepilogue.o(.text)
    _float_epilogue                          0x080005b3   Thumb Code    92  fepilogue.o(.text)
    _double_round                            0x0800060f   Thumb Code    30  depilogue.o(.text)
    _double_epilogue                         0x0800062d   Thumb Code   156  depilogue.o(.text)
    __aeabi_ddiv                             0x080006c9   Thumb Code   222  ddiv.o(.text)
    __scatterload                            0x080007a9   Thumb Code    28  init.o(.text)
    __scatterload_rt2                        0x080007a9   Thumb Code     0  init.o(.text)
    __aeabi_llsr                             0x080007cd   Thumb Code    32  llushr.o(.text)
    _ll_ushift_r                             0x080007cd   Thumb Code     0  llushr.o(.text)
    _dsqrt                                   0x080007ed   Thumb Code   162  dsqrt.o(.text)
    __aeabi_ui2d                             0x0800088f   Thumb Code    26  dfltui.o(.text)
    __aeabi_d2iz                             0x080008a9   Thumb Code    62  dfixi.o(.text)
    AHRS_Time_Init                           0x080008e7   Thumb Code    60  mahonyahrs.o(i.AHRS_Time_Init)
    Attitude_Update                          0x08000925   Thumb Code  1998  mahonyahrs.o(i.Attitude_Update)
    BSP_Init                                 0x08001129   Thumb Code    32  apps.o(i.BSP_Init)
    BusFault_Handler                         0x0800115d   Thumb Code     4  stm32f4xx_it.o(i.BusFault_Handler)
    Calib_Status                             0x08001161   Thumb Code    12  mahonyahrs.o(i.Calib_Status)
    DebugMon_Handler                         0x08001175   Thumb Code     2  stm32f4xx_it.o(i.DebugMon_Handler)
    Debug_USART_Config                       0x08001179   Thumb Code   142  bsp_bluetooth.o(i.Debug_USART_Config)
    GPIO_Init                                0x08001211   Thumb Code   144  stm32f4xx_gpio.o(i.GPIO_Init)
    GPIO_PinAFConfig                         0x080012a1   Thumb Code    70  stm32f4xx_gpio.o(i.GPIO_PinAFConfig)
    GY86_Read                                0x080012e9   Thumb Code   388  mahonyahrs.o(i.GY86_Read)
    Get_AHRS_Time                            0x08001489   Thumb Code    50  mahonyahrs.o(i.Get_AHRS_Time)
    HMC_Init                                 0x080014c9   Thumb Code    62  hmc5883.o(i.HMC_Init)
    HMC_Read                                 0x0800150d   Thumb Code    20  hmc5883.o(i.HMC_Read)
    HardFault_Handler                        0x08001521   Thumb Code     4  stm32f4xx_it.o(i.HardFault_Handler)
    I2C_AcknowledgeConfig                    0x08001525   Thumb Code    24  stm32f4xx_i2c.o(i.I2C_AcknowledgeConfig)
    I2C_CheckEvent                           0x0800153d   Thumb Code    42  stm32f4xx_i2c.o(i.I2C_CheckEvent)
    I2C_ClearFlag                            0x08001567   Thumb Code    12  stm32f4xx_i2c.o(i.I2C_ClearFlag)
    I2C_Cmd                                  0x08001573   Thumb Code    24  stm32f4xx_i2c.o(i.I2C_Cmd)
    I2C_DeInit                               0x0800158d   Thumb Code    82  stm32f4xx_i2c.o(i.I2C_DeInit)
    I2C_GenerateSTART                        0x080015ed   Thumb Code    24  stm32f4xx_i2c.o(i.I2C_GenerateSTART)
    I2C_GenerateSTOP                         0x08001605   Thumb Code    24  stm32f4xx_i2c.o(i.I2C_GenerateSTOP)
    I2C_GetFlagStatus                        0x0800161d   Thumb Code    58  stm32f4xx_i2c.o(i.I2C_GetFlagStatus)
    I2C_Init                                 0x08001659   Thumb Code   218  stm32f4xx_i2c.o(i.I2C_Init)
    I2C_ReadRegister                         0x08001741   Thumb Code    22  stm32f4xx_i2c.o(i.I2C_ReadRegister)
    I2C_ReceiveData                          0x08001757   Thumb Code     8  stm32f4xx_i2c.o(i.I2C_ReceiveData)
    I2C_Send7bitAddress                      0x0800175f   Thumb Code    16  stm32f4xx_i2c.o(i.I2C_Send7bitAddress)
    I2C_SendData                             0x0800176f   Thumb Code     4  stm32f4xx_i2c.o(i.I2C_SendData)
    I2C_SoftwareResetCmd                     0x08001773   Thumb Code    22  stm32f4xx_i2c.o(i.I2C_SoftwareResetCmd)
    IIC_Byte_Read                            0x08001829   Thumb Code   894  bsp_i2c.o(i.IIC_Byte_Read)
    IIC_Byte_Write                           0x08001bbd   Thumb Code   296  bsp_i2c.o(i.IIC_Byte_Write)
    IIC_Config                               0x08001cf5   Thumb Code   160  bsp_i2c.o(i.IIC_Config)
    MPU6050ReadAcc                           0x08001da1   Thumb Code    20  mpu6050.o(i.MPU6050ReadAcc)
    MPU6050ReadGyro                          0x08001db5   Thumb Code    20  mpu6050.o(i.MPU6050ReadGyro)
    MPU6050ReadID                            0x08001dc9   Thumb Code    50  mpu6050.o(i.MPU6050ReadID)
    MPU6050_Init                             0x08001e3d   Thumb Code   116  mpu6050.o(i.MPU6050_Init)
    MPU6050_Offset                           0x08001eb1   Thumb Code   372  mahonyahrs.o(i.MPU6050_Offset)
    MemManage_Handler                        0x0800205d   Thumb Code     4  stm32f4xx_it.o(i.MemManage_Handler)
    NMI_Handler                              0x08002061   Thumb Code    32  stm32f4xx_it.o(i.NMI_Handler)
    OSDebugInit                              0x08002081   Thumb Code    96  os_dbg_r.o(i.OSDebugInit)
    OSInit                                   0x08002199   Thumb Code    52  os_core.o(i.OSInit)
    OSInitHookBegin                          0x080021cd   Thumb Code     2  os_cpu_c.o(i.OSInitHookBegin)
    OSInitHookEnd                            0x080021cf   Thumb Code     2  os_cpu_c.o(i.OSInitHookEnd)
    OSIntExit                                0x080021d1   Thumb Code   112  os_core.o(i.OSIntExit)
    OSStart                                  0x08002261   Thumb Code    48  os_core.o(i.OSStart)
    OSTCBInitHook                            0x080022a9   Thumb Code     2  os_cpu_c.o(i.OSTCBInitHook)
    OSTaskCreate                             0x080022ad   Thumb Code   156  os_task.o(i.OSTaskCreate)
    OSTaskCreateExt                          0x08002355   Thumb Code   178  os_task.o(i.OSTaskCreateExt)
    OSTaskCreateHook                         0x08002415   Thumb Code     2  os_cpu_c.o(i.OSTaskCreateHook)
    OSTaskDel                                0x08002419   Thumb Code   318  os_task.o(i.OSTaskDel)
    OSTaskDelHook                            0x08002585   Thumb Code     2  os_cpu_c.o(i.OSTaskDelHook)
    OSTaskIdleHook                           0x08002587   Thumb Code     2  os_cpu_c.o(i.OSTaskIdleHook)
    OSTaskNameSet                            0x08002589   Thumb Code   120  os_task.o(i.OSTaskNameSet)
    OSTaskReturnHook                         0x0800260d   Thumb Code     2  os_cpu_c.o(i.OSTaskReturnHook)
    OSTaskStatHook                           0x0800260f   Thumb Code     2  os_cpu_c.o(i.OSTaskStatHook)
    OSTaskStkChk                             0x08002611   Thumb Code   150  os_task.o(i.OSTaskStkChk)
    OSTaskStkInit                            0x080026b1   Thumb Code   426  os_cpu_c.o(i.OSTaskStkInit)
    OSTaskSuspend                            0x08002861   Thumb Code   172  os_task.o(i.OSTaskSuspend)
    OSTaskSwHook                             0x0800291d   Thumb Code     2  os_cpu_c.o(i.OSTaskSwHook)
    OSTimeDly                                0x08002921   Thumb Code   100  os_time.o(i.OSTimeDly)
    OSTimeTick                               0x08002999   Thumb Code   210  os_core.o(i.OSTimeTick)
    OSTimeTickHook                           0x08002a85   Thumb Code     2  os_cpu_c.o(i.OSTimeTickHook)
    OS_CPU_SysTickInit                       0x08002a89   Thumb Code    88  os_cpu_c.o(i.OS_CPU_SysTickInit)
    OS_Dummy                                 0x08002ae9   Thumb Code     2  os_core.o(i.OS_Dummy)
    OS_EventTaskRemove                       0x08002aeb   Thumb Code    42  os_core.o(i.OS_EventTaskRemove)
    OS_EventTaskRemoveMulti                  0x08002b15   Thumb Code    58  os_core.o(i.OS_EventTaskRemoveMulti)
    OS_FlagInit                              0x08002b51   Thumb Code    74  os_flag.o(i.OS_FlagInit)
    OS_FlagUnlink                            0x08002ba9   Thumb Code    36  os_flag.o(i.OS_FlagUnlink)
    OS_MemClr                                0x08002de5   Thumb Code    18  os_core.o(i.OS_MemClr)
    OS_MemInit                               0x08002df9   Thumb Code    74  os_mem.o(i.OS_MemInit)
    OS_QInit                                 0x08002e51   Thumb Code    72  os_q.o(i.OS_QInit)
    OS_Sched                                 0x08002ea1   Thumb Code    88  os_core.o(i.OS_Sched)
    OS_TCBInit                               0x08002f41   Thumb Code   280  os_core.o(i.OS_TCBInit)
    OS_TaskIdle                              0x08003075   Thumb Code    34  os_core.o(i.OS_TaskIdle)
    OS_TaskReturn                            0x0800309d   Thumb Code    18  os_task.o(i.OS_TaskReturn)
    OS_TaskStat                              0x080030b5   Thumb Code   116  os_core.o(i.OS_TaskStat)
    OS_TaskStatStkChk                        0x0800313d   Thumb Code    54  os_core.o(i.OS_TaskStatStkChk)
    OS_TaskStkClr                            0x08003179   Thumb Code    26  os_task.o(i.OS_TaskStkClr)
    Open_Calib                               0x08003195   Thumb Code    12  mahonyahrs.o(i.Open_Calib)
    Quat_Init                                0x080031a9   Thumb Code  2070  mahonyahrs.o(i.Quat_Init)
    RCC_AHB1PeriphClockCmd                   0x080039cd   Thumb Code    26  stm32f4xx_rcc.o(i.RCC_AHB1PeriphClockCmd)
    RCC_APB1PeriphClockCmd                   0x080039ed   Thumb Code    26  stm32f4xx_rcc.o(i.RCC_APB1PeriphClockCmd)
    RCC_APB1PeriphResetCmd                   0x08003a0d   Thumb Code    26  stm32f4xx_rcc.o(i.RCC_APB1PeriphResetCmd)
    RCC_APB2PeriphResetCmd                   0x08003a2d   Thumb Code    26  stm32f4xx_rcc.o(i.RCC_APB2PeriphResetCmd)
    RCC_ClearITPendingBit                    0x08003a4d   Thumb Code     6  stm32f4xx_rcc.o(i.RCC_ClearITPendingBit)
    RCC_GetClocksFreq                        0x08003a59   Thumb Code   214  stm32f4xx_rcc.o(i.RCC_GetClocksFreq)
    RCC_GetITStatus                          0x08003b41   Thumb Code    20  stm32f4xx_rcc.o(i.RCC_GetITStatus)
    RCC_HSEConfig                            0x08003b59   Thumb Code    12  stm32f4xx_rcc.o(i.RCC_HSEConfig)
    RCC_ITConfig                             0x08003b69   Thumb Code    26  stm32f4xx_rcc.o(i.RCC_ITConfig)
    SVC_Handler                              0x08003b89   Thumb Code     2  stm32f4xx_it.o(i.SVC_Handler)
    Send_Attitude                            0x08003b8d   Thumb Code   342  bsp_bluetooth.o(i.Send_Attitude)
    Send_Senser                              0x08003ced   Thumb Code   334  bsp_bluetooth.o(i.Send_Senser)
    Sensor_Read                              0x08003e41   Thumb Code    72  bsp_i2c.o(i.Sensor_Read)
    Sensor_Write                             0x08003e8d   Thumb Code    70  bsp_i2c.o(i.Sensor_Write)
    Soft_Dely                                0x08003fc9   Thumb Code    10  bsp_i2c.o(i.Soft_Dely)
    SysTick_Handler                          0x08003fd5   Thumb Code    36  stm32f4xx_it.o(i.SysTick_Handler)
    SystemInit                               0x08003ffd   Thumb Code    88  system_stm32f4xx.o(i.SystemInit)
    TIM_Cmd                                  0x08004065   Thumb Code    24  stm32f4xx_tim.o(i.TIM_Cmd)
    TIM_DeInit                               0x0800407d   Thumb Code   346  stm32f4xx_tim.o(i.TIM_DeInit)
    TIM_TimeBaseInit                         0x0800420d   Thumb Code   104  stm32f4xx_tim.o(i.TIM_TimeBaseInit)
    Task_AHRS                                0x08004291   Thumb Code   166  apps.o(i.Task_AHRS)
    Task_COM                                 0x08004345   Thumb Code   190  apps.o(i.Task_COM)
    USART_Cmd                                0x08004419   Thumb Code    24  stm32f4xx_usart.o(i.USART_Cmd)
    USART_GetFlagStatus                      0x08004431   Thumb Code    26  stm32f4xx_usart.o(i.USART_GetFlagStatus)
    USART_Init                               0x0800444d   Thumb Code   204  stm32f4xx_usart.o(i.USART_Init)
    USART_NItSend                            0x08004521   Thumb Code    40  bsp_bluetooth.o(i.USART_NItSend)
    USART_SendData                           0x0800454d   Thumb Code     8  stm32f4xx_usart.o(i.USART_SendData)
    UsageFault_Handler                       0x08004555   Thumb Code     4  stm32f4xx_it.o(i.UsageFault_Handler)
    __0printf$1                              0x08004559   Thumb Code    22  printf1.o(i.__0printf$1)
    __1printf$1                              0x08004559   Thumb Code     0  printf1.o(i.__0printf$1)
    __2printf                                0x08004559   Thumb Code     0  printf1.o(i.__0printf$1)
    __ARM_fpclassify                         0x08004579   Thumb Code    48  fpclassify.o(i.__ARM_fpclassify)
    __hardfp_asin                            0x080045a9   Thumb Code   770  asin.o(i.__hardfp_asin)
    __hardfp_atan                            0x08004909   Thumb Code   622  atan.o(i.__hardfp_atan)
    __hardfp_atan2                           0x08004be1   Thumb Code   432  atan2.o(i.__hardfp_atan2)
    __hardfp_cos                             0x08004dd1   Thumb Code   180  cos.o(i.__hardfp_cos)
    __hardfp_sin                             0x08004e99   Thumb Code   180  sin.o(i.__hardfp_sin)
    __hardfp_sqrtf                           0x08004f61   Thumb Code    58  sqrtf.o(i.__hardfp_sqrtf)
    __ieee754_rem_pio2                       0x08004fa1   Thumb Code   938  rred.o(i.__ieee754_rem_pio2)
    __kernel_cos                             0x080053d9   Thumb Code   322  cos_i.o(i.__kernel_cos)
    __kernel_poly                            0x08005549   Thumb Code   248  poly.o(i.__kernel_poly)
    __kernel_sin                             0x08005641   Thumb Code   280  sin_i.o(i.__kernel_sin)
    __mathlib_dbl_infnan                     0x08005771   Thumb Code    20  dunder.o(i.__mathlib_dbl_infnan)
    __mathlib_dbl_infnan2                    0x08005785   Thumb Code    20  dunder.o(i.__mathlib_dbl_infnan2)
    __mathlib_dbl_invalid                    0x08005799   Thumb Code    24  dunder.o(i.__mathlib_dbl_invalid)
    __mathlib_dbl_underflow                  0x080057b9   Thumb Code    24  dunder.o(i.__mathlib_dbl_underflow)
    __scatterload_copy                       0x080057d9   Thumb Code    14  handlers.o(i.__scatterload_copy)
    __scatterload_null                       0x080057e7   Thumb Code     2  handlers.o(i.__scatterload_null)
    __scatterload_zeroinit                   0x080057e9   Thumb Code    14  handlers.o(i.__scatterload_zeroinit)
    __set_errno                              0x080057f9   Thumb Code     6  errno.o(i.__set_errno)
    atan                                     0x08005959   Thumb Code    16  atan.o(i.atan)
    fabs                                     0x08005969   Thumb Code    24  fabs.o(i.fabs)
    fputc                                    0x08005981   Thumb Code    32  bsp_bluetooth.o(i.fputc)
    invSqrt                                  0x080059a5   Thumb Code    56  mahonyahrs.o(i.invSqrt)
    main                                     0x080059e1   Thumb Code    54  main.o(i.main)
    sqrt                                     0x08005a29   Thumb Code   110  sqrt.o(i.sqrt)
    OSDebugEn                                0x08005a98   Data           2  os_dbg_r.o(.constdata)
    OSEndiannessTest                         0x08005a9c   Data           4  os_dbg_r.o(.constdata)
    OSEventEn                                0x08005aa0   Data           2  os_dbg_r.o(.constdata)
    OSEventMax                               0x08005aa2   Data           2  os_dbg_r.o(.constdata)
    OSEventNameEn                            0x08005aa4   Data           2  os_dbg_r.o(.constdata)
    OSEventSize                              0x08005aa6   Data           2  os_dbg_r.o(.constdata)
    OSEventTblSize                           0x08005aa8   Data           2  os_dbg_r.o(.constdata)
    OSEventMultiEn                           0x08005aaa   Data           2  os_dbg_r.o(.constdata)
    OSFlagEn                                 0x08005aac   Data           2  os_dbg_r.o(.constdata)
    OSFlagGrpSize                            0x08005aae   Data           2  os_dbg_r.o(.constdata)
    OSFlagNodeSize                           0x08005ab0   Data           2  os_dbg_r.o(.constdata)
    OSFlagWidth                              0x08005ab2   Data           2  os_dbg_r.o(.constdata)
    OSFlagMax                                0x08005ab4   Data           2  os_dbg_r.o(.constdata)
    OSFlagNameEn                             0x08005ab6   Data           2  os_dbg_r.o(.constdata)
    OSLowestPrio                             0x08005ab8   Data           2  os_dbg_r.o(.constdata)
    OSMboxEn                                 0x08005aba   Data           2  os_dbg_r.o(.constdata)
    OSMemEn                                  0x08005abc   Data           2  os_dbg_r.o(.constdata)
    OSMemMax                                 0x08005abe   Data           2  os_dbg_r.o(.constdata)
    OSMemNameEn                              0x08005ac0   Data           2  os_dbg_r.o(.constdata)
    OSMemSize                                0x08005ac2   Data           2  os_dbg_r.o(.constdata)
    OSMemTblSize                             0x08005ac4   Data           2  os_dbg_r.o(.constdata)
    OSMutexEn                                0x08005ac6   Data           2  os_dbg_r.o(.constdata)
    OSPtrSize                                0x08005ac8   Data           2  os_dbg_r.o(.constdata)
    OSQEn                                    0x08005aca   Data           2  os_dbg_r.o(.constdata)
    OSQMax                                   0x08005acc   Data           2  os_dbg_r.o(.constdata)
    OSQSize                                  0x08005ace   Data           2  os_dbg_r.o(.constdata)
    OSRdyTblSize                             0x08005ad0   Data           2  os_dbg_r.o(.constdata)
    OSSemEn                                  0x08005ad2   Data           2  os_dbg_r.o(.constdata)
    OSStkWidth                               0x08005ad4   Data           2  os_dbg_r.o(.constdata)
    OSTaskCreateEn                           0x08005ad6   Data           2  os_dbg_r.o(.constdata)
    OSTaskCreateExtEn                        0x08005ad8   Data           2  os_dbg_r.o(.constdata)
    OSTaskDelEn                              0x08005ada   Data           2  os_dbg_r.o(.constdata)
    OSTaskIdleStkSize                        0x08005adc   Data           2  os_dbg_r.o(.constdata)
    OSTaskProfileEn                          0x08005ade   Data           2  os_dbg_r.o(.constdata)
    OSTaskMax                                0x08005ae0   Data           2  os_dbg_r.o(.constdata)
    OSTaskNameEn                             0x08005ae2   Data           2  os_dbg_r.o(.constdata)
    OSTaskStatEn                             0x08005ae4   Data           2  os_dbg_r.o(.constdata)
    OSTaskStatStkSize                        0x08005ae6   Data           2  os_dbg_r.o(.constdata)
    OSTaskStatStkChkEn                       0x08005ae8   Data           2  os_dbg_r.o(.constdata)
    OSTaskSwHookEn                           0x08005aea   Data           2  os_dbg_r.o(.constdata)
    OSTaskRegTblSize                         0x08005aec   Data           2  os_dbg_r.o(.constdata)
    OSTCBPrioTblMax                          0x08005aee   Data           2  os_dbg_r.o(.constdata)
    OSTCBSize                                0x08005af0   Data           2  os_dbg_r.o(.constdata)
    OSTicksPerSec                            0x08005af2   Data           2  os_dbg_r.o(.constdata)
    OSTimeTickHookEn                         0x08005af4   Data           2  os_dbg_r.o(.constdata)
    OSVersionNbr                             0x08005af6   Data           2  os_dbg_r.o(.constdata)
    OSTmrEn                                  0x08005af8   Data           2  os_dbg_r.o(.constdata)
    OSTmrCfgMax                              0x08005afa   Data           2  os_dbg_r.o(.constdata)
    OSTmrCfgNameEn                           0x08005afc   Data           2  os_dbg_r.o(.constdata)
    OSTmrCfgWheelSize                        0x08005afe   Data           2  os_dbg_r.o(.constdata)
    OSTmrCfgTicksPerSec                      0x08005b00   Data           2  os_dbg_r.o(.constdata)
    OSTmrSize                                0x08005b02   Data           2  os_dbg_r.o(.constdata)
    OSTmrTblSize                             0x08005b04   Data           2  os_dbg_r.o(.constdata)
    OSTmrWheelSize                           0x08005b06   Data           2  os_dbg_r.o(.constdata)
    OSTmrWheelTblSize                        0x08005b08   Data           2  os_dbg_r.o(.constdata)
    OSDataSize                               0x08005b0a   Data           2  os_dbg_r.o(.constdata)
    OSUnMapTbl                               0x08005b0c   Data         256  os_core.o(.constdata)
    __mathlib_zero                           0x08005d28   Data           8  qnan.o(.constdata)
    Region$$Table$$Base                      0x08005e20   Number         0  anon$$obj.o(Region$$Table)
    Region$$Table$$Limit                     0x08005e40   Number         0  anon$$obj.o(Region$$Table)
    gyroOffset                               0x20000010   Data           1  main.o(.data)
    accOffset                                0x20000011   Data           1  main.o(.data)
    acc                                      0x20000012   Data           6  main.o(.data)
    offsetAcc                                0x20000018   Data           6  main.o(.data)
    gyro                                     0x2000001e   Data           6  main.o(.data)
    offsetGyro                               0x20000024   Data           6  main.o(.data)
    mag                                      0x2000002a   Data           6  main.o(.data)
    OSCtxSwCtr                               0x20000030   Data           4  os_core.o(.data)
    OSEventFreeList                          0x20000034   Data           4  os_core.o(.data)
    OSFlagFreeList                           0x20000038   Data           4  os_core.o(.data)
    OSCPUUsage                               0x2000003c   Data           1  os_core.o(.data)
    OSIdleCtrMax                             0x20000040   Data           4  os_core.o(.data)
    OSIdleCtrRun                             0x20000044   Data           4  os_core.o(.data)
    OSStatRdy                                0x20000048   Data           1  os_core.o(.data)
    OSIntNesting                             0x20000049   Data           1  os_core.o(.data)
    OSLockNesting                            0x2000004a   Data           1  os_core.o(.data)
    OSPrioCur                                0x2000004b   Data           1  os_core.o(.data)
    OSPrioHighRdy                            0x2000004c   Data           1  os_core.o(.data)
    OSRdyGrp                                 0x2000004d   Data           1  os_core.o(.data)
    OSRdyTbl                                 0x2000004e   Data           8  os_core.o(.data)
    OSRunning                                0x20000056   Data           1  os_core.o(.data)
    OSTaskCtr                                0x20000057   Data           1  os_core.o(.data)
    OSIdleCtr                                0x20000058   Data           4  os_core.o(.data)
    OSTCBCur                                 0x2000005c   Data           4  os_core.o(.data)
    OSTCBFreeList                            0x20000060   Data           4  os_core.o(.data)
    OSTCBHighRdy                             0x20000064   Data           4  os_core.o(.data)
    OSTCBList                                0x20000068   Data           4  os_core.o(.data)
    OSTickStepState                          0x2000006c   Data           1  os_core.o(.data)
    OSMemFreeList                            0x20000070   Data           4  os_core.o(.data)
    OSQFreeList                              0x20000074   Data           4  os_core.o(.data)
    OSTime                                   0x20000078   Data           4  os_core.o(.data)
    Kp                                       0x20000084   Data           4  mahonyahrs.o(.data)
    Ki                                       0x20000088   Data           4  mahonyahrs.o(.data)
    halfT                                    0x2000008c   Data           4  mahonyahrs.o(.data)
    T                                        0x20000090   Data           4  mahonyahrs.o(.data)
    q0                                       0x20000094   Data           4  mahonyahrs.o(.data)
    q1                                       0x20000098   Data           4  mahonyahrs.o(.data)
    q2                                       0x2000009c   Data           4  mahonyahrs.o(.data)
    q3                                       0x200000a0   Data           4  mahonyahrs.o(.data)
    exInt                                    0x200000a4   Data           4  mahonyahrs.o(.data)
    eyInt                                    0x200000a8   Data           4  mahonyahrs.o(.data)
    ezInt                                    0x200000ac   Data           4  mahonyahrs.o(.data)
    __stdout                                 0x200000d4   Data           4  stdout.o(.data)
    fGyro                                    0x200000dc   Data          12  main.o(.bss)
    angle                                    0x200000e8   Data          12  main.o(.bss)
    sendBuf                                  0x200000f4   Data          50  main.o(.bss)
    Task_ComStack                            0x20000128   Data        2048  main.o(.bss)
    Task_AHRSStack                           0x20000928   Data        2048  main.o(.bss)
    OSEventTbl                               0x20001128   Data         240  os_core.o(.bss)
    OSFlagTbl                                0x20001218   Data          80  os_core.o(.bss)
    OSTaskStatStk                            0x20001268   Data         512  os_core.o(.bss)
    OSTaskIdleStk                            0x20001468   Data         512  os_core.o(.bss)
    OSTCBPrioTbl                             0x20001668   Data         256  os_core.o(.bss)
    OSTCBTbl                                 0x20001768   Data        1056  os_core.o(.bss)
    OSMemTbl                                 0x20001b88   Data         120  os_core.o(.bss)
    OSQTbl                                   0x20001c00   Data          96  os_core.o(.bss)
    __initial_sp                             0x20002060   Data           0  startup_stm32f40xx.o(STACK)



==============================================================================

Memory Map of the image

  Image Entry point : 0x08000189

  Load Region LR_IROM1 (Base: 0x08000000, Size: 0x00005f1c, Max: 0x00080000, ABSOLUTE)

    Execution Region ER_IROM1 (Exec base: 0x08000000, Load base: 0x08000000, Size: 0x00005e40, Max: 0x00080000, ABSOLUTE)

    Exec Addr    Load Addr    Size         Type   Attr      Idx    E Section Name        Object

    0x08000000   0x08000000   0x00000188   Data   RO            3    RESET               startup_stm32f40xx.o
    0x08000188   0x08000188   0x00000000   Code   RO         6443  * .ARM.Collect$$$$00000000  mc_w.l(entry.o)
    0x08000188   0x08000188   0x00000004   Code   RO         6784    .ARM.Collect$$$$00000001  mc_w.l(entry2.o)
    0x0800018c   0x0800018c   0x00000004   Code   RO         6787    .ARM.Collect$$$$00000004  mc_w.l(entry5.o)
    0x08000190   0x08000190   0x00000000   Code   RO         6789    .ARM.Collect$$$$00000008  mc_w.l(entry7b.o)
    0x08000190   0x08000190   0x00000000   Code   RO         6791    .ARM.Collect$$$$0000000A  mc_w.l(entry8b.o)
    0x08000190   0x08000190   0x00000008   Code   RO         6792    .ARM.Collect$$$$0000000B  mc_w.l(entry9a.o)
    0x08000198   0x08000198   0x00000000   Code   RO         6794    .ARM.Collect$$$$0000000D  mc_w.l(entry10a.o)
    0x08000198   0x08000198   0x00000000   Code   RO         6796    .ARM.Collect$$$$0000000F  mc_w.l(entry11a.o)
    0x08000198   0x08000198   0x00000004   Code   RO         6785    .ARM.Collect$$$$00002712  mc_w.l(entry2.o)
    0x0800019c   0x0800019c   0x00000024   Code   RO            4    .text               startup_stm32f40xx.o
    0x080001c0   0x080001c0   0x000000c0   Code   RO         5059    .text               os_cpu_a.o
    0x08000280   0x08000280   0x0000014e   Code   RO         6707    .text               mf_w.l(dadd.o)
    0x080003ce   0x080003ce   0x000000e4   Code   RO         6709    .text               mf_w.l(dmul.o)
    0x080004b2   0x080004b2   0x00000022   Code   RO         6713    .text               mf_w.l(dflti.o)
    0x080004d4   0x080004d4   0x00000026   Code   RO         6715    .text               mf_w.l(f2d.o)
    0x080004fa   0x080004fa   0x00000038   Code   RO         6717    .text               mf_w.l(d2f.o)
    0x08000532   0x08000532   0x0000002c   Code   RO         6799    .text               mc_w.l(uidiv.o)
    0x0800055e   0x0800055e   0x0000001e   Code   RO         6803    .text               mc_w.l(llshl.o)
    0x0800057c   0x0800057c   0x00000024   Code   RO         6805    .text               mc_w.l(llsshr.o)
    0x080005a0   0x080005a0   0x00000000   Code   RO         6814    .text               mc_w.l(iusefp.o)
    0x080005a0   0x080005a0   0x0000006e   Code   RO         6815    .text               mf_w.l(fepilogue.o)
    0x0800060e   0x0800060e   0x000000ba   Code   RO         6817    .text               mf_w.l(depilogue.o)
    0x080006c8   0x080006c8   0x000000de   Code   RO         6819    .text               mf_w.l(ddiv.o)
    0x080007a6   0x080007a6   0x00000002   PAD
    0x080007a8   0x080007a8   0x00000024   Code   RO         6825    .text               mc_w.l(init.o)
    0x080007cc   0x080007cc   0x00000020   Code   RO         6827    .text               mc_w.l(llushr.o)
    0x080007ec   0x080007ec   0x000000a2   Code   RO         6829    .text               mf_w.l(dsqrt.o)
    0x0800088e   0x0800088e   0x0000001a   Code   RO         6831    .text               mf_w.l(dfltui.o)
    0x080008a8   0x080008a8   0x0000003e   Code   RO         6833    .text               mf_w.l(dfixi.o)
    0x080008e6   0x080008e6   0x0000003c   Code   RO         6264    i.AHRS_Time_Init    mahonyahrs.o
    0x08000922   0x08000922   0x00000002   PAD
    0x08000924   0x08000924   0x00000804   Code   RO         6265    i.Attitude_Update   mahonyahrs.o
    0x08001128   0x08001128   0x00000034   Code   RO         6343    i.BSP_Init          apps.o
    0x0800115c   0x0800115c   0x00000004   Code   RO         4993    i.BusFault_Handler  stm32f4xx_it.o
    0x08001160   0x08001160   0x00000014   Code   RO         6266    i.Calib_Status      mahonyahrs.o
    0x08001174   0x08001174   0x00000002   Code   RO         4994    i.DebugMon_Handler  stm32f4xx_it.o
    0x08001176   0x08001176   0x00000002   PAD
    0x08001178   0x08001178   0x00000098   Code   RO         6029    i.Debug_USART_Config  bsp_bluetooth.o
    0x08001210   0x08001210   0x00000090   Code   RO         1899    i.GPIO_Init         stm32f4xx_gpio.o
    0x080012a0   0x080012a0   0x00000046   Code   RO         1900    i.GPIO_PinAFConfig  stm32f4xx_gpio.o
    0x080012e6   0x080012e6   0x00000002   PAD
    0x080012e8   0x080012e8   0x000001a0   Code   RO         6267    i.GY86_Read         mahonyahrs.o
    0x08001488   0x08001488   0x00000040   Code   RO         6268    i.Get_AHRS_Time     mahonyahrs.o
    0x080014c8   0x080014c8   0x00000044   Code   RO         6231    i.HMC_Init          hmc5883.o
    0x0800150c   0x0800150c   0x00000014   Code   RO         6232    i.HMC_Read          hmc5883.o
    0x08001520   0x08001520   0x00000004   Code   RO         4995    i.HardFault_Handler  stm32f4xx_it.o
    0x08001524   0x08001524   0x00000018   Code   RO         2187    i.I2C_AcknowledgeConfig  stm32f4xx_i2c.o
    0x0800153c   0x0800153c   0x0000002a   Code   RO         2190    i.I2C_CheckEvent    stm32f4xx_i2c.o
    0x08001566   0x08001566   0x0000000c   Code   RO         2191    i.I2C_ClearFlag     stm32f4xx_i2c.o
    0x08001572   0x08001572   0x00000018   Code   RO         2193    i.I2C_Cmd           stm32f4xx_i2c.o
    0x0800158a   0x0800158a   0x00000002   PAD
    0x0800158c   0x0800158c   0x00000060   Code   RO         2196    i.I2C_DeInit        stm32f4xx_i2c.o
    0x080015ec   0x080015ec   0x00000018   Code   RO         2201    i.I2C_GenerateSTART  stm32f4xx_i2c.o
    0x08001604   0x08001604   0x00000018   Code   RO         2202    i.I2C_GenerateSTOP  stm32f4xx_i2c.o
    0x0800161c   0x0800161c   0x0000003a   Code   RO         2203    i.I2C_GetFlagStatus  stm32f4xx_i2c.o
    0x08001656   0x08001656   0x00000002   PAD
    0x08001658   0x08001658   0x000000e8   Code   RO         2208    i.I2C_Init          stm32f4xx_i2c.o
    0x08001740   0x08001740   0x00000016   Code   RO         2212    i.I2C_ReadRegister  stm32f4xx_i2c.o
    0x08001756   0x08001756   0x00000008   Code   RO         2213    i.I2C_ReceiveData   stm32f4xx_i2c.o
    0x0800175e   0x0800175e   0x00000010   Code   RO         2215    i.I2C_Send7bitAddress  stm32f4xx_i2c.o
    0x0800176e   0x0800176e   0x00000004   Code   RO         2216    i.I2C_SendData      stm32f4xx_i2c.o
    0x08001772   0x08001772   0x00000016   Code   RO         2217    i.I2C_SoftwareResetCmd  stm32f4xx_i2c.o
    0x08001788   0x08001788   0x000000a0   Code   RO         6123    i.I2Cx_TIMEOUT_UserCallback  bsp_i2c.o
    0x08001828   0x08001828   0x00000394   Code   RO         6124    i.IIC_Byte_Read     bsp_i2c.o
    0x08001bbc   0x08001bbc   0x00000138   Code   RO         6125    i.IIC_Byte_Write    bsp_i2c.o
    0x08001cf4   0x08001cf4   0x000000ac   Code   RO         6126    i.IIC_Config        bsp_i2c.o
    0x08001da0   0x08001da0   0x00000014   Code   RO         6186    i.MPU6050ReadAcc    mpu6050.o
    0x08001db4   0x08001db4   0x00000014   Code   RO         6187    i.MPU6050ReadGyro   mpu6050.o
    0x08001dc8   0x08001dc8   0x00000074   Code   RO         6188    i.MPU6050ReadID     mpu6050.o
    0x08001e3c   0x08001e3c   0x00000074   Code   RO         6189    i.MPU6050_Init      mpu6050.o
    0x08001eb0   0x08001eb0   0x000001ac   Code   RO         6269    i.MPU6050_Offset    mahonyahrs.o
    0x0800205c   0x0800205c   0x00000004   Code   RO         4996    i.MemManage_Handler  stm32f4xx_it.o
    0x08002060   0x08002060   0x00000020   Code   RO         4997    i.NMI_Handler       stm32f4xx_it.o
    0x08002080   0x08002080   0x00000118   Code   RO         5169    i.OSDebugInit       os_dbg_r.o
    0x08002198   0x08002198   0x00000034   Code   RO         5206    i.OSInit            os_core.o
    0x080021cc   0x080021cc   0x00000002   Code   RO         5065    i.OSInitHookBegin   os_cpu_c.o
    0x080021ce   0x080021ce   0x00000002   Code   RO         5066    i.OSInitHookEnd     os_cpu_c.o
    0x080021d0   0x080021d0   0x00000090   Code   RO         5208    i.OSIntExit         os_core.o
    0x08002260   0x08002260   0x00000048   Code   RO         5211    i.OSStart           os_core.o
    0x080022a8   0x080022a8   0x00000002   Code   RO         5067    i.OSTCBInitHook     os_cpu_c.o
    0x080022aa   0x080022aa   0x00000002   PAD
    0x080022ac   0x080022ac   0x000000a8   Code   RO         5856    i.OSTaskCreate      os_task.o
    0x08002354   0x08002354   0x000000c0   Code   RO         5857    i.OSTaskCreateExt   os_task.o
    0x08002414   0x08002414   0x00000002   Code   RO         5068    i.OSTaskCreateHook  os_cpu_c.o
    0x08002416   0x08002416   0x00000002   PAD
    0x08002418   0x08002418   0x0000016c   Code   RO         5858    i.OSTaskDel         os_task.o
    0x08002584   0x08002584   0x00000002   Code   RO         5069    i.OSTaskDelHook     os_cpu_c.o
    0x08002586   0x08002586   0x00000002   Code   RO         5070    i.OSTaskIdleHook    os_cpu_c.o
    0x08002588   0x08002588   0x00000084   Code   RO         5861    i.OSTaskNameSet     os_task.o
    0x0800260c   0x0800260c   0x00000002   Code   RO         5071    i.OSTaskReturnHook  os_cpu_c.o
    0x0800260e   0x0800260e   0x00000002   Code   RO         5072    i.OSTaskStatHook    os_cpu_c.o
    0x08002610   0x08002610   0x000000a0   Code   RO         5866    i.OSTaskStkChk      os_task.o
    0x080026b0   0x080026b0   0x000001b0   Code   RO         5073    i.OSTaskStkInit     os_cpu_c.o
    0x08002860   0x08002860   0x000000bc   Code   RO         5867    i.OSTaskSuspend     os_task.o
    0x0800291c   0x0800291c   0x00000002   Code   RO         5074    i.OSTaskSwHook      os_cpu_c.o
    0x0800291e   0x0800291e   0x00000002   PAD
    0x08002920   0x08002920   0x00000078   Code   RO         5963    i.OSTimeDly         os_time.o
    0x08002998   0x08002998   0x000000ec   Code   RO         5213    i.OSTimeTick        os_core.o
    0x08002a84   0x08002a84   0x00000002   Code   RO         5075    i.OSTimeTickHook    os_cpu_c.o
    0x08002a86   0x08002a86   0x00000002   PAD
    0x08002a88   0x08002a88   0x00000060   Code   RO         5076    i.OS_CPU_SysTickInit  os_cpu_c.o
    0x08002ae8   0x08002ae8   0x00000002   Code   RO         5215    i.OS_Dummy          os_core.o
    0x08002aea   0x08002aea   0x0000002a   Code   RO         5217    i.OS_EventTaskRemove  os_core.o
    0x08002b14   0x08002b14   0x0000003a   Code   RO         5218    i.OS_EventTaskRemoveMulti  os_core.o
    0x08002b4e   0x08002b4e   0x00000002   PAD
    0x08002b50   0x08002b50   0x00000058   Code   RO         5436    i.OS_FlagInit       os_flag.o
    0x08002ba8   0x08002ba8   0x00000024   Code   RO         5438    i.OS_FlagUnlink     os_flag.o
    0x08002bcc   0x08002bcc   0x00000060   Code   RO         5222    i.OS_InitEventList  os_core.o
    0x08002c2c   0x08002c2c   0x00000054   Code   RO         5223    i.OS_InitMisc       os_core.o
    0x08002c80   0x08002c80   0x00000044   Code   RO         5224    i.OS_InitRdyList    os_core.o
    0x08002cc4   0x08002cc4   0x00000080   Code   RO         5225    i.OS_InitTCBList    os_core.o
    0x08002d44   0x08002d44   0x00000050   Code   RO         5226    i.OS_InitTaskIdle   os_core.o
    0x08002d94   0x08002d94   0x00000050   Code   RO         5227    i.OS_InitTaskStat   os_core.o
    0x08002de4   0x08002de4   0x00000012   Code   RO         5228    i.OS_MemClr         os_core.o
    0x08002df6   0x08002df6   0x00000002   PAD
    0x08002df8   0x08002df8   0x00000058   Code   RO         5592    i.OS_MemInit        os_mem.o
    0x08002e50   0x08002e50   0x00000050   Code   RO         5715    i.OS_QInit          os_q.o
    0x08002ea0   0x08002ea0   0x00000074   Code   RO         5230    i.OS_Sched          os_core.o
    0x08002f14   0x08002f14   0x0000002c   Code   RO         5231    i.OS_SchedNew       os_core.o
    0x08002f40   0x08002f40   0x00000134   Code   RO         5233    i.OS_TCBInit        os_core.o
    0x08003074   0x08003074   0x00000028   Code   RO         5234    i.OS_TaskIdle       os_core.o
    0x0800309c   0x0800309c   0x00000018   Code   RO         5868    i.OS_TaskReturn     os_task.o
    0x080030b4   0x080030b4   0x00000088   Code   RO         5235    i.OS_TaskStat       os_core.o
    0x0800313c   0x0800313c   0x0000003c   Code   RO         5236    i.OS_TaskStatStkChk  os_core.o
    0x08003178   0x08003178   0x0000001a   Code   RO         5869    i.OS_TaskStkClr     os_task.o
    0x08003192   0x08003192   0x00000002   PAD
    0x08003194   0x08003194   0x00000014   Code   RO         6270    i.Open_Calib        mahonyahrs.o
    0x080031a8   0x080031a8   0x00000824   Code   RO         6271    i.Quat_Init         mahonyahrs.o
    0x080039cc   0x080039cc   0x00000020   Code   RO         2624    i.RCC_AHB1PeriphClockCmd  stm32f4xx_rcc.o
    0x080039ec   0x080039ec   0x00000020   Code   RO         2633    i.RCC_APB1PeriphClockCmd  stm32f4xx_rcc.o
    0x08003a0c   0x08003a0c   0x00000020   Code   RO         2635    i.RCC_APB1PeriphResetCmd  stm32f4xx_rcc.o
    0x08003a2c   0x08003a2c   0x00000020   Code   RO         2638    i.RCC_APB2PeriphResetCmd  stm32f4xx_rcc.o
    0x08003a4c   0x08003a4c   0x0000000c   Code   RO         2642    i.RCC_ClearITPendingBit  stm32f4xx_rcc.o
    0x08003a58   0x08003a58   0x000000e8   Code   RO         2645    i.RCC_GetClocksFreq  stm32f4xx_rcc.o
    0x08003b40   0x08003b40   0x00000018   Code   RO         2647    i.RCC_GetITStatus   stm32f4xx_rcc.o
    0x08003b58   0x08003b58   0x00000010   Code   RO         2650    i.RCC_HSEConfig     stm32f4xx_rcc.o
    0x08003b68   0x08003b68   0x00000020   Code   RO         2653    i.RCC_ITConfig      stm32f4xx_rcc.o
    0x08003b88   0x08003b88   0x00000002   Code   RO         4998    i.SVC_Handler       stm32f4xx_it.o
    0x08003b8a   0x08003b8a   0x00000002   PAD
    0x08003b8c   0x08003b8c   0x00000160   Code   RO         6035    i.Send_Attitude     bsp_bluetooth.o
    0x08003cec   0x08003cec   0x00000154   Code   RO         6037    i.Send_Senser       bsp_bluetooth.o
    0x08003e40   0x08003e40   0x0000004c   Code   RO         6127    i.Sensor_Read       bsp_i2c.o
    0x08003e8c   0x08003e8c   0x00000050   Code   RO         6128    i.Sensor_Write      bsp_i2c.o
    0x08003edc   0x08003edc   0x000000ec   Code   RO           13    i.SetSysClock       system_stm32f4xx.o
    0x08003fc8   0x08003fc8   0x0000000a   Code   RO         6129    i.Soft_Dely         bsp_i2c.o
    0x08003fd2   0x08003fd2   0x00000002   PAD
    0x08003fd4   0x08003fd4   0x00000028   Code   RO         4999    i.SysTick_Handler   stm32f4xx_it.o
    0x08003ffc   0x08003ffc   0x00000068   Code   RO           15    i.SystemInit        system_stm32f4xx.o
    0x08004064   0x08004064   0x00000018   Code   RO         4020    i.TIM_Cmd           stm32f4xx_tim.o
    0x0800407c   0x0800407c   0x00000190   Code   RO         4025    i.TIM_DeInit        stm32f4xx_tim.o
    0x0800420c   0x0800420c   0x00000084   Code   RO         4092    i.TIM_TimeBaseInit  stm32f4xx_tim.o
    0x08004290   0x08004290   0x000000b4   Code   RO         6344    i.Task_AHRS         apps.o
    0x08004344   0x08004344   0x000000d4   Code   RO         6345    i.Task_COM          apps.o
    0x08004418   0x08004418   0x00000018   Code   RO         4574    i.USART_Cmd         stm32f4xx_usart.o
    0x08004430   0x08004430   0x0000001a   Code   RO         4577    i.USART_GetFlagStatus  stm32f4xx_usart.o
    0x0800444a   0x0800444a   0x00000002   PAD
    0x0800444c   0x0800444c   0x000000d4   Code   RO         4581    i.USART_Init        stm32f4xx_usart.o
    0x08004520   0x08004520   0x0000002c   Code   RO         6038    i.USART_NItSend     bsp_bluetooth.o
    0x0800454c   0x0800454c   0x00000008   Code   RO         4591    i.USART_SendData    stm32f4xx_usart.o
    0x08004554   0x08004554   0x00000004   Code   RO         5000    i.UsageFault_Handler  stm32f4xx_it.o
    0x08004558   0x08004558   0x00000020   Code   RO         6491    i.__0printf$1       mc_w.l(printf1.o)
    0x08004578   0x08004578   0x00000030   Code   RO         6756    i.__ARM_fpclassify  m_wm.l(fpclassify.o)
    0x080045a8   0x080045a8   0x00000360   Code   RO         6381    i.__hardfp_asin     m_wm.l(asin.o)
    0x08004908   0x08004908   0x000002d8   Code   RO         6719    i.__hardfp_atan     m_wm.l(atan.o)
    0x08004be0   0x08004be0   0x000001f0   Code   RO         6395    i.__hardfp_atan2    m_wm.l(atan2.o)
    0x08004dd0   0x08004dd0   0x000000c8   Code   RO         6407    i.__hardfp_cos      m_wm.l(cos.o)
    0x08004e98   0x08004e98   0x000000c8   Code   RO         6419    i.__hardfp_sin      m_wm.l(sin.o)
    0x08004f60   0x08004f60   0x0000003a   Code   RO         6431    i.__hardfp_sqrtf    m_wm.l(sqrtf.o)
    0x08004f9a   0x08004f9a   0x00000006   PAD
    0x08004fa0   0x08004fa0   0x00000438   Code   RO         6761    i.__ieee754_rem_pio2  m_wm.l(rred.o)
    0x080053d8   0x080053d8   0x00000170   Code   RO         6733    i.__kernel_cos      m_wm.l(cos_i.o)
    0x08005548   0x08005548   0x000000f8   Code   RO         6758    i.__kernel_poly     m_wm.l(poly.o)
    0x08005640   0x08005640   0x00000130   Code   RO         6766    i.__kernel_sin      m_wm.l(sin_i.o)
    0x08005770   0x08005770   0x00000014   Code   RO         6737    i.__mathlib_dbl_infnan  m_wm.l(dunder.o)
    0x08005784   0x08005784   0x00000014   Code   RO         6738    i.__mathlib_dbl_infnan2  m_wm.l(dunder.o)
    0x08005798   0x08005798   0x00000020   Code   RO         6739    i.__mathlib_dbl_invalid  m_wm.l(dunder.o)
    0x080057b8   0x080057b8   0x00000020   Code   RO         6742    i.__mathlib_dbl_underflow  m_wm.l(dunder.o)
    0x080057d8   0x080057d8   0x0000000e   Code   RO         6839    i.__scatterload_copy  mc_w.l(handlers.o)
    0x080057e6   0x080057e6   0x00000002   Code   RO         6840    i.__scatterload_null  mc_w.l(handlers.o)
    0x080057e8   0x080057e8   0x0000000e   Code   RO         6841    i.__scatterload_zeroinit  mc_w.l(handlers.o)
    0x080057f6   0x080057f6   0x00000002   PAD
    0x080057f8   0x080057f8   0x0000000c   Code   RO         6809    i.__set_errno       mc_w.l(errno.o)
    0x08005804   0x08005804   0x00000154   Code   RO         6498    i._printf_core      mc_w.l(printf1.o)
    0x08005958   0x08005958   0x00000010   Code   RO         6721    i.atan              m_wm.l(atan.o)
    0x08005968   0x08005968   0x00000018   Code   RO         6752    i.fabs              m_wm.l(fabs.o)
    0x08005980   0x08005980   0x00000024   Code   RO         6040    i.fputc             bsp_bluetooth.o
    0x080059a4   0x080059a4   0x0000003c   Code   RO         6272    i.invSqrt           mahonyahrs.o
    0x080059e0   0x080059e0   0x00000048   Code   RO         4828    i.main              main.o
    0x08005a28   0x08005a28   0x0000006e   Code   RO         6774    i.sqrt              m_wm.l(sqrt.o)
    0x08005a96   0x08005a96   0x00000002   PAD
    0x08005a98   0x08005a98   0x00000074   Data   RO         5170    .constdata          os_dbg_r.o
    0x08005b0c   0x08005b0c   0x00000100   Data   RO         5238    .constdata          os_core.o
    0x08005c0c   0x08005c0c   0x00000004   PAD
    0x08005c10   0x08005c10   0x00000050   Data   RO         6384    .constdata          m_wm.l(asin.o)
    0x08005c60   0x08005c60   0x00000098   Data   RO         6722    .constdata          m_wm.l(atan.o)
    0x08005cf8   0x08005cf8   0x00000030   Data   RO         6734    .constdata          m_wm.l(cos_i.o)
    0x08005d28   0x08005d28   0x00000008   Data   RO         6760    .constdata          m_wm.l(qnan.o)
    0x08005d30   0x08005d30   0x000000c8   Data   RO         6763    .constdata          m_wm.l(rred.o)
    0x08005df8   0x08005df8   0x00000028   Data   RO         6767    .constdata          m_wm.l(sin_i.o)
    0x08005e20   0x08005e20   0x00000020   Data   RO         6837    Region$$Table       anon$$obj.o


    Execution Region RW_IRAM1 (Exec base: 0x20000000, Load base: 0x08005e40, Size: 0x00002060, Max: 0x00018000, ABSOLUTE)

    Exec Addr    Load Addr    Size         Type   Attr      Idx    E Section Name        Object

    0x20000000   0x08005e40   0x00000010   Data   RW         2677    .data               stm32f4xx_rcc.o
    0x20000010   0x08005e50   0x00000020   Data   RW         4830    .data               main.o
    0x20000030   0x08005e70   0x0000004c   Data   RW         5239    .data               os_core.o
    0x2000007c   0x08005ebc   0x00000008   Data   RW         6130    .data               bsp_i2c.o
    0x20000084   0x08005ec4   0x00000050   Data   RW         6273    .data               mahonyahrs.o
    0x200000d4   0x08005f14   0x00000004   Data   RW         6798    .data               mc_w.l(stdout.o)
    0x200000d8   0x08005f18   0x00000004   Data   RW         6810    .data               mc_w.l(errno.o)
    0x200000dc        -       0x0000104c   Zero   RW         4829    .bss                main.o
    0x20001128        -       0x00000b38   Zero   RW         5237    .bss                os_core.o
    0x20001c60        -       0x00000400   Zero   RW            1    STACK               startup_stm32f40xx.o


==============================================================================

Image component sizes


      Code (inc. data)   RO Data    RW Data    ZI Data      Debug   Object Name

       444         56          0          0          0       1430   apps.o
       924         34          0          0          0       3671   bsp_bluetooth.o
      1726        122          0          8          0       6239   bsp_i2c.o
        88          6          0          0          0       1322   hmc5883.o
      5204        224          0         80          0       6808   mahonyahrs.o
        72         18          0         32       4172     281881   main.o
       272         66          0          0          0       2526   mpu6050.o
      1864        348        256         76       2872      19809   os_core.o
       192         32          0          0          0        288   os_cpu_a.o
       548         14          0          0          0      41145   os_cpu_c.o
       280        184        116          0          0      11873   os_dbg_r.o
       124         14          0          0          0       1210   os_flag.o
        88         14          0          0          0        541   os_mem.o
        80          8          0          0          0        567   os_q.o
      1254        116          0          0          0       6904   os_task.o
       120         20          0          0          0        632   os_time.o
        36          8        392          0       1024        932   startup_stm32f40xx.o
       214          0          0          0          0       1867   stm32f4xx_gpio.o
       608         28          0          0          0       9491   stm32f4xx_i2c.o
        92          4          0          0          0       3577   stm32f4xx_it.o
       444         62          0         16          0       7741   stm32f4xx_rcc.o
       556         82          0          0          0       2690   stm32f4xx_tim.o
       270          8          0          0          0       3412   stm32f4xx_usart.o
       340         32          0          0          0     299557   system_stm32f4xx.o

    ----------------------------------------------------------------------
     15870       1500        800        212       8068     716113   Object Totals
         0          0         32          0          0          0   (incl. Generated)
        30          0          4          0          0          0   (incl. Padding)

    ----------------------------------------------------------------------

      Code (inc. data)   RO Data    RW Data    ZI Data      Debug   Library Member Name

       864         94         80          0          0        280   asin.o
       744        106        152          0          0        352   atan.o
       496         64          0          0          0        192   atan2.o
       200         20          0          0          0        164   cos.o
       368         46         48          0          0        200   cos_i.o
       104         16          0          0          0        496   dunder.o
        24          0          0          0          0        124   fabs.o
        48          0          0          0          0        124   fpclassify.o
       248          0          0          0          0        152   poly.o
         0          0          8          0          0          0   qnan.o
      1080        142        200          0          0        188   rred.o
       200         20          0          0          0        164   sin.o
       304         24         40          0          0        208   sin_i.o
       110          0          0          0          0        148   sqrt.o
        58          0          0          0          0        136   sqrtf.o
         0          0          0          0          0          0   entry.o
         0          0          0          0          0          0   entry10a.o
         0          0          0          0          0          0   entry11a.o
         8          4          0          0          0          0   entry2.o
         4          0          0          0          0          0   entry5.o
         0          0          0          0          0          0   entry7b.o
         0          0          0          0          0          0   entry8b.o
         8          4          0          0          0          0   entry9a.o
        12          6          0          4          0         68   errno.o
        30          0          0          0          0          0   handlers.o
        36          8          0          0          0         68   init.o
         0          0          0          0          0          0   iusefp.o
        30          0          0          0          0         68   llshl.o
        36          0          0          0          0         68   llsshr.o
        32          0          0          0          0         68   llushr.o
       372         14          0          0          0        184   printf1.o
         0          0          0          4          0          0   stdout.o
        44          0          0          0          0         80   uidiv.o
        56          0          0          0          0         88   d2f.o
       334          0          0          0          0        148   dadd.o
       222          0          0          0          0        100   ddiv.o
       186          0          0          0          0        176   depilogue.o
        62          0          0          0          0         80   dfixi.o
        34          0          0          0          0         76   dflti.o
        26          0          0          0          0         76   dfltui.o
       228          0          0          0          0         96   dmul.o
       162          0          0          0          0        100   dsqrt.o
        38          0          0          0          0         68   f2d.o
       110          0          0          0          0        168   fepilogue.o

    ----------------------------------------------------------------------
      6930        568        528          8          0       4708   Library Totals
        12          0          0          0          0          0   (incl. Padding)

    ----------------------------------------------------------------------

      Code (inc. data)   RO Data    RW Data    ZI Data      Debug   Library Name

      4848        532        528          0          0       2928   m_wm.l
       612         36          0          8          0        604   mc_w.l
      1458          0          0          0          0       1176   mf_w.l

    ----------------------------------------------------------------------
      6930        568        528          8          0       4708   Library Totals

    ----------------------------------------------------------------------

==============================================================================


      Code (inc. data)   RO Data    RW Data    ZI Data      Debug   

     22800       2068       1328        220       8068     707293   Grand Totals
     22800       2068       1328        220       8068     707293   ELF Image Totals
     22800       2068       1328        220          0          0   ROM Totals

==============================================================================

    Total RO  Size (Code + RO Data)                24128 (  23.56kB)
    Total RW  Size (RW Data + ZI Data)              8288 (   8.09kB)
    Total ROM Size (Code + RO Data + RW Data)      24348 (  23.78kB)

==============================================================================

